[0.011s] Invoking command in '/home/jachin/parc_main/PARC2026-ENG-ARCX6/ros2_ws/src/build/parc_robot': CMAKE_PREFIX_PATH=${CMAKE_PREFIX_PATH}:/home/jachin/ros_ws/install/test_publisher:/home/jachin/ros_ws/install/temperature_monitor:/opt/ros/jazzy /usr/bin/cmake /home/jachin/parc_main/PARC2026-ENG-ARCX6/ros2_ws/src/parc_robot -DCMAKE_INSTALL_PREFIX=/home/jachin/parc_main/PARC2026-ENG-ARCX6/ros2_ws/src/install/parc_robot
[0.185s] -- The C compiler identification is GNU 13.3.0
[0.327s] -- The CXX compiler identification is GNU 13.3.0
[0.347s] -- Detecting C compiler ABI info
[0.447s] -- Detecting C compiler ABI info - done
[0.454s] -- Check for working C compiler: /usr/bin/cc - skipped
[0.454s] -- Detecting C compile features
[0.455s] -- Detecting C compile features - done
[0.465s] -- Detecting CXX compiler ABI info
[0.580s] -- Detecting CXX compiler ABI info - done
[0.588s] -- Check for working CXX compiler: /usr/bin/c++ - skipped
[0.588s] -- Detecting CXX compile features
[0.589s] -- Detecting CXX compile features - done
[0.603s] -- Found ament_cmake: 2.5.6 (/opt/ros/jazzy/share/ament_cmake/cmake)
[0.766s] -- Found Python3: /usr/bin/python3 (found version "3.12.3") found components: Interpreter 
[0.917s] -- Found ament_lint_auto: 0.17.5 (/opt/ros/jazzy/share/ament_lint_auto/cmake)
[1.037s] -- Added test 'lint_cmake' to check CMake code style
[1.039s] -- Added test 'xmllint' to check XML markup files
[1.042s] -- Configuring done (1.0s)
[1.045s] -- Generating done (0.0s)
[1.048s] -- Build files have been written to: /home/jachin/parc_main/PARC2026-ENG-ARCX6/ros2_ws/src/build/parc_robot
[1.053s] Invoked command in '/home/jachin/parc_main/PARC2026-ENG-ARCX6/ros2_ws/src/build/parc_robot' returned '0': CMAKE_PREFIX_PATH=${CMAKE_PREFIX_PATH}:/home/jachin/ros_ws/install/test_publisher:/home/jachin/ros_ws/install/temperature_monitor:/opt/ros/jazzy /usr/bin/cmake /home/jachin/parc_main/PARC2026-ENG-ARCX6/ros2_ws/src/parc_robot -DCMAKE_INSTALL_PREFIX=/home/jachin/parc_main/PARC2026-ENG-ARCX6/ros2_ws/src/install/parc_robot
[1.055s] Invoking command in '/home/jachin/parc_main/PARC2026-ENG-ARCX6/ros2_ws/src/build/parc_robot': CMAKE_PREFIX_PATH=${CMAKE_PREFIX_PATH}:/home/jachin/ros_ws/install/test_publisher:/home/jachin/ros_ws/install/temperature_monitor:/opt/ros/jazzy /usr/bin/cmake --build /home/jachin/parc_main/PARC2026-ENG-ARCX6/ros2_ws/src/build/parc_robot -- -j12 -l12
[1.099s] Invoked command in '/home/jachin/parc_main/PARC2026-ENG-ARCX6/ros2_ws/src/build/parc_robot' returned '0': CMAKE_PREFIX_PATH=${CMAKE_PREFIX_PATH}:/home/jachin/ros_ws/install/test_publisher:/home/jachin/ros_ws/install/temperature_monitor:/opt/ros/jazzy /usr/bin/cmake --build /home/jachin/parc_main/PARC2026-ENG-ARCX6/ros2_ws/src/build/parc_robot -- -j12 -l12
[1.111s] Invoking command in '/home/jachin/parc_main/PARC2026-ENG-ARCX6/ros2_ws/src/build/parc_robot': CMAKE_PREFIX_PATH=${CMAKE_PREFIX_PATH}:/home/jachin/ros_ws/install/test_publisher:/home/jachin/ros_ws/install/temperature_monitor:/opt/ros/jazzy /usr/bin/cmake --install /home/jachin/parc_main/PARC2026-ENG-ARCX6/ros2_ws/src/build/parc_robot
[1.121s] -- Install configuration: ""
[1.121s] -- Installing: /home/jachin/parc_main/PARC2026-ENG-ARCX6/ros2_ws/src/install/parc_robot/share/ament_index/resource_index/package_run_dependencies/parc_robot
[1.121s] -- Installing: /home/jachin/parc_main/PARC2026-ENG-ARCX6/ros2_ws/src/install/parc_robot/share/ament_index/resource_index/parent_prefix_path/parc_robot
[1.122s] -- Installing: /home/jachin/parc_main/PARC2026-ENG-ARCX6/ros2_ws/src/install/parc_robot/share/parc_robot/environment/ament_prefix_path.sh
[1.122s] -- Installing: /home/jachin/parc_main/PARC2026-ENG-ARCX6/ros2_ws/src/install/parc_robot/share/parc_robot/environment/ament_prefix_path.dsv
[1.122s] -- Installing: /home/jachin/parc_main/PARC2026-ENG-ARCX6/ros2_ws/src/install/parc_robot/share/parc_robot/environment/path.sh
[1.122s] -- Installing: /home/jachin/parc_main/PARC2026-ENG-ARCX6/ros2_ws/src/install/parc_robot/share/parc_robot/environment/path.dsv
[1.122s] -- Installing: /home/jachin/parc_main/PARC2026-ENG-ARCX6/ros2_ws/src/install/parc_robot/share/parc_robot/local_setup.bash
[1.122s] -- Installing: /home/jachin/parc_main/PARC2026-ENG-ARCX6/ros2_ws/src/install/parc_robot/share/parc_robot/local_setup.sh
[1.122s] -- Installing: /home/jachin/parc_main/PARC2026-ENG-ARCX6/ros2_ws/src/install/parc_robot/share/parc_robot/local_setup.zsh
[1.123s] -- Installing: /home/jachin/parc_main/PARC2026-ENG-ARCX6/ros2_ws/src/install/parc_robot/share/parc_robot/local_setup.dsv
[1.123s] -- Installing: /home/jachin/parc_main/PARC2026-ENG-ARCX6/ros2_ws/src/install/parc_robot/share/parc_robot/package.dsv
[1.123s] -- Installing: /home/jachin/parc_main/PARC2026-ENG-ARCX6/ros2_ws/src/install/parc_robot/share/ament_index/resource_index/packages/parc_robot
[1.123s] -- Installing: /home/jachin/parc_main/PARC2026-ENG-ARCX6/ros2_ws/src/install/parc_robot/share/parc_robot/cmake/parc_robotConfig.cmake
[1.123s] -- Installing: /home/jachin/parc_main/PARC2026-ENG-ARCX6/ros2_ws/src/install/parc_robot/share/parc_robot/cmake/parc_robotConfig-version.cmake
[1.123s] -- Installing: /home/jachin/parc_main/PARC2026-ENG-ARCX6/ros2_ws/src/install/parc_robot/share/parc_robot/package.xml
[1.125s] Invoked command in '/home/jachin/parc_main/PARC2026-ENG-ARCX6/ros2_ws/src/build/parc_robot' returned '0': CMAKE_PREFIX_PATH=${CMAKE_PREFIX_PATH}:/home/jachin/ros_ws/install/test_publisher:/home/jachin/ros_ws/install/temperature_monitor:/opt/ros/jazzy /usr/bin/cmake --install /home/jachin/parc_main/PARC2026-ENG-ARCX6/ros2_ws/src/build/parc_robot
