-- The C compiler identification is GNU 13.3.0
-- The CXX compiler identification is GNU 13.3.0
-- Detecting C compiler ABI info
-- Detecting C compiler ABI info - done
-- Check for working C compiler: /usr/bin/cc - skipped
-- Detecting C compile features
-- Detecting C compile features - done
-- Detecting CXX compiler ABI info
-- Detecting CXX compiler ABI info - done
-- Check for working CXX compiler: /usr/bin/c++ - skipped
-- Detecting CXX compile features
-- Detecting CXX compile features - done
-- Found ament_cmake: 2.5.6 (/opt/ros/jazzy/share/ament_cmake/cmake)
-- Found Python3: /usr/bin/python3 (found version "3.12.3") found components: Interpreter 
-- Found ament_lint_auto: 0.17.5 (/opt/ros/jazzy/share/ament_lint_auto/cmake)
-- Added test 'lint_cmake' to check CMake code style
-- Added test 'xmllint' to check XML markup files
-- Configuring done (1.3s)
-- Generating done (0.0s)
-- Build files have been written to: /home/jachin/parc_main/PARC2026-ENG-ARCX6/build/parc_robot
-- Install configuration: ""
-- Installing: /home/jachin/parc_main/PARC2026-ENG-ARCX6/install/parc_robot/share/ament_index/resource_index/package_run_dependencies/parc_robot
-- Installing: /home/jachin/parc_main/PARC2026-ENG-ARCX6/install/parc_robot/share/ament_index/resource_index/parent_prefix_path/parc_robot
-- Installing: /home/jachin/parc_main/PARC2026-ENG-ARCX6/install/parc_robot/share/parc_robot/environment/ament_prefix_path.sh
-- Installing: /home/jachin/parc_main/PARC2026-ENG-ARCX6/install/parc_robot/share/parc_robot/environment/ament_prefix_path.dsv
-- Installing: /home/jachin/parc_main/PARC2026-ENG-ARCX6/install/parc_robot/share/parc_robot/environment/path.sh
-- Installing: /home/jachin/parc_main/PARC2026-ENG-ARCX6/install/parc_robot/share/parc_robot/environment/path.dsv
-- Installing: /home/jachin/parc_main/PARC2026-ENG-ARCX6/install/parc_robot/share/parc_robot/local_setup.bash
-- Installing: /home/jachin/parc_main/PARC2026-ENG-ARCX6/install/parc_robot/share/parc_robot/local_setup.sh
-- Installing: /home/jachin/parc_main/PARC2026-ENG-ARCX6/install/parc_robot/share/parc_robot/local_setup.zsh
-- Installing: /home/jachin/parc_main/PARC2026-ENG-ARCX6/install/parc_robot/share/parc_robot/local_setup.dsv
-- Installing: /home/jachin/parc_main/PARC2026-ENG-ARCX6/install/parc_robot/share/parc_robot/package.dsv
-- Installing: /home/jachin/parc_main/PARC2026-ENG-ARCX6/install/parc_robot/share/ament_index/resource_index/packages/parc_robot
-- Installing: /home/jachin/parc_main/PARC2026-ENG-ARCX6/install/parc_robot/share/parc_robot/cmake/parc_robotConfig.cmake
-- Installing: /home/jachin/parc_main/PARC2026-ENG-ARCX6/install/parc_robot/share/parc_robot/cmake/parc_robotConfig-version.cmake
-- Installing: /home/jachin/parc_main/PARC2026-ENG-ARCX6/install/parc_robot/share/parc_robot/package.xml
