[0.024s] Invoking command in '/home/jachin/parc_main/PARC2026-ENG-ARCX6/build/parc_robot': CMAKE_PREFIX_PATH=${CMAKE_PREFIX_PATH}:/opt/ros/jazzy /usr/bin/cmake /home/jachin/parc_main/PARC2026-ENG-ARCX6/ros2_ws/src/parc_robot -DCMAKE_INSTALL_PREFIX=/home/jachin/parc_main/PARC2026-ENG-ARCX6/install/parc_robot
[0.121s] -- The C compiler identification is GNU 13.3.0
[0.223s] -- The CXX compiler identification is GNU 13.3.0
[0.250s] -- Detecting C compiler ABI info
[0.423s] -- Detecting C compiler ABI info - done
[0.437s] -- Check for working C compiler: /usr/bin/cc - skipped
[0.437s] -- Detecting C compile features
[0.437s] -- Detecting C compile features - done
[0.453s] -- Detecting CXX compiler ABI info
[0.650s] -- Detecting CXX compiler ABI info - done
[0.664s] -- Check for working CXX compiler: /usr/bin/c++ - skipped
[0.664s] -- Detecting CXX compile features
[0.665s] -- Detecting CXX compile features - done
[0.674s] -- Found ament_cmake: 2.5.6 (/opt/ros/jazzy/share/ament_cmake/cmake)
[0.953s] -- Found Python3: /usr/bin/python3 (found version "3.12.3") found components: Interpreter 
[1.161s] -- Found ament_lint_auto: 0.17.5 (/opt/ros/jazzy/share/ament_lint_auto/cmake)
[1.336s] -- Added test 'lint_cmake' to check CMake code style
[1.338s] -- Added test 'xmllint' to check XML markup files
[1.341s] -- Configuring done (1.3s)
[1.346s] -- Generating done (0.0s)
[1.348s] -- Build files have been written to: /home/jachin/parc_main/PARC2026-ENG-ARCX6/build/parc_robot
[1.357s] Invoked command in '/home/jachin/parc_main/PARC2026-ENG-ARCX6/build/parc_robot' returned '0': CMAKE_PREFIX_PATH=${CMAKE_PREFIX_PATH}:/opt/ros/jazzy /usr/bin/cmake /home/jachin/parc_main/PARC2026-ENG-ARCX6/ros2_ws/src/parc_robot -DCMAKE_INSTALL_PREFIX=/home/jachin/parc_main/PARC2026-ENG-ARCX6/install/parc_robot
[1.358s] Invoking command in '/home/jachin/parc_main/PARC2026-ENG-ARCX6/build/parc_robot': CMAKE_PREFIX_PATH=${CMAKE_PREFIX_PATH}:/opt/ros/jazzy /usr/bin/cmake --build /home/jachin/parc_main/PARC2026-ENG-ARCX6/build/parc_robot -- -j12 -l12
[1.442s] Invoked command in '/home/jachin/parc_main/PARC2026-ENG-ARCX6/build/parc_robot' returned '0': CMAKE_PREFIX_PATH=${CMAKE_PREFIX_PATH}:/opt/ros/jazzy /usr/bin/cmake --build /home/jachin/parc_main/PARC2026-ENG-ARCX6/build/parc_robot -- -j12 -l12
[1.461s] Invoking command in '/home/jachin/parc_main/PARC2026-ENG-ARCX6/build/parc_robot': CMAKE_PREFIX_PATH=${CMAKE_PREFIX_PATH}:/opt/ros/jazzy /usr/bin/cmake --install /home/jachin/parc_main/PARC2026-ENG-ARCX6/build/parc_robot
[1.477s] -- Install configuration: ""
[1.477s] -- Installing: /home/jachin/parc_main/PARC2026-ENG-ARCX6/install/parc_robot/share/ament_index/resource_index/package_run_dependencies/parc_robot
[1.477s] -- Installing: /home/jachin/parc_main/PARC2026-ENG-ARCX6/install/parc_robot/share/ament_index/resource_index/parent_prefix_path/parc_robot
[1.477s] -- Installing: /home/jachin/parc_main/PARC2026-ENG-ARCX6/install/parc_robot/share/parc_robot/environment/ament_prefix_path.sh
[1.477s] -- Installing: /home/jachin/parc_main/PARC2026-ENG-ARCX6/install/parc_robot/share/parc_robot/environment/ament_prefix_path.dsv
[1.478s] -- Installing: /home/jachin/parc_main/PARC2026-ENG-ARCX6/install/parc_robot/share/parc_robot/environment/path.sh
[1.478s] -- Installing: /home/jachin/parc_main/PARC2026-ENG-ARCX6/install/parc_robot/share/parc_robot/environment/path.dsv
[1.478s] -- Installing: /home/jachin/parc_main/PARC2026-ENG-ARCX6/install/parc_robot/share/parc_robot/local_setup.bash
[1.478s] -- Installing: /home/jachin/parc_main/PARC2026-ENG-ARCX6/install/parc_robot/share/parc_robot/local_setup.sh
[1.478s] -- Installing: /home/jachin/parc_main/PARC2026-ENG-ARCX6/install/parc_robot/share/parc_robot/local_setup.zsh
[1.478s] -- Installing: /home/jachin/parc_main/PARC2026-ENG-ARCX6/install/parc_robot/share/parc_robot/local_setup.dsv
[1.479s] -- Installing: /home/jachin/parc_main/PARC2026-ENG-ARCX6/install/parc_robot/share/parc_robot/package.dsv
[1.479s] -- Installing: /home/jachin/parc_main/PARC2026-ENG-ARCX6/install/parc_robot/share/ament_index/resource_index/packages/parc_robot
[1.479s] -- Installing: /home/jachin/parc_main/PARC2026-ENG-ARCX6/install/parc_robot/share/parc_robot/cmake/parc_robotConfig.cmake
[1.479s] -- Installing: /home/jachin/parc_main/PARC2026-ENG-ARCX6/install/parc_robot/share/parc_robot/cmake/parc_robotConfig-version.cmake
[1.479s] -- Installing: /home/jachin/parc_main/PARC2026-ENG-ARCX6/install/parc_robot/share/parc_robot/package.xml
[1.483s] Invoked command in '/home/jachin/parc_main/PARC2026-ENG-ARCX6/build/parc_robot' returned '0': CMAKE_PREFIX_PATH=${CMAKE_PREFIX_PATH}:/opt/ros/jazzy /usr/bin/cmake --install /home/jachin/parc_main/PARC2026-ENG-ARCX6/build/parc_robot
