[0.029s] Invoking command in '/home/jachin/parc_main/PARC2026-ENG-ARCX6/build/parc_robot_description': CMAKE_PREFIX_PATH=${CMAKE_PREFIX_PATH}:/opt/ros/jazzy /usr/bin/cmake /home/jachin/parc_main/PARC2026-ENG-ARCX6/ros2_ws/src/parc_robot_description -DCMAKE_INSTALL_PREFIX=/home/jachin/parc_main/PARC2026-ENG-ARCX6/install/parc_robot_description
[0.126s] -- The C compiler identification is GNU 13.3.0
[0.229s] -- The CXX compiler identification is GNU 13.3.0
[0.258s] -- Detecting C compiler ABI info
[0.434s] -- Detecting C compiler ABI info - done
[0.448s] -- Check for working C compiler: /usr/bin/cc - skipped
[0.448s] -- Detecting C compile features
[0.449s] -- Detecting C compile features - done
[0.465s] -- Detecting CXX compiler ABI info
[0.659s] -- Detecting CXX compiler ABI info - done
[0.673s] -- Check for working CXX compiler: /usr/bin/c++ - skipped
[0.673s] -- Detecting CXX compile features
[0.674s] -- Detecting CXX compile features - done
[0.683s] -- Found ament_cmake: 2.5.6 (/opt/ros/jazzy/share/ament_cmake/cmake)
[0.959s] -- Found Python3: /usr/bin/python3 (found version "3.12.3") found components: Interpreter 
[1.167s] -- Found urdf: 2.10.0 (/opt/ros/jazzy/share/urdf/cmake)
[1.255s] -- Found TinyXML2 via Config file: /usr/lib/x86_64-linux-gnu/cmake/tinyxml2
[1.282s] -- Found xacro: 2.1.1 (/opt/ros/jazzy/share/xacro/cmake)
[1.435s] -- Configuring done (1.4s)
[1.440s] -- Generating done (0.0s)
[1.442s] -- Build files have been written to: /home/jachin/parc_main/PARC2026-ENG-ARCX6/build/parc_robot_description
[1.472s] Invoked command in '/home/jachin/parc_main/PARC2026-ENG-ARCX6/build/parc_robot_description' returned '0': CMAKE_PREFIX_PATH=${CMAKE_PREFIX_PATH}:/opt/ros/jazzy /usr/bin/cmake /home/jachin/parc_main/PARC2026-ENG-ARCX6/ros2_ws/src/parc_robot_description -DCMAKE_INSTALL_PREFIX=/home/jachin/parc_main/PARC2026-ENG-ARCX6/install/parc_robot_description
[1.473s] Invoking command in '/home/jachin/parc_main/PARC2026-ENG-ARCX6/build/parc_robot_description': CMAKE_PREFIX_PATH=${CMAKE_PREFIX_PATH}:/opt/ros/jazzy /usr/bin/cmake --build /home/jachin/parc_main/PARC2026-ENG-ARCX6/build/parc_robot_description -- -j12 -l12
[1.545s] Invoked command in '/home/jachin/parc_main/PARC2026-ENG-ARCX6/build/parc_robot_description' returned '0': CMAKE_PREFIX_PATH=${CMAKE_PREFIX_PATH}:/opt/ros/jazzy /usr/bin/cmake --build /home/jachin/parc_main/PARC2026-ENG-ARCX6/build/parc_robot_description -- -j12 -l12
[1.546s] Invoking command in '/home/jachin/parc_main/PARC2026-ENG-ARCX6/build/parc_robot_description': CMAKE_PREFIX_PATH=${CMAKE_PREFIX_PATH}:/opt/ros/jazzy /usr/bin/cmake --install /home/jachin/parc_main/PARC2026-ENG-ARCX6/build/parc_robot_description
[1.560s] -- Install configuration: ""
[1.560s] -- Installing: /home/jachin/parc_main/PARC2026-ENG-ARCX6/install/parc_robot_description/share/parc_robot_description/launch
[1.560s] -- Installing: /home/jachin/parc_main/PARC2026-ENG-ARCX6/install/parc_robot_description/share/parc_robot_description/launch/description.launch.py
[1.560s] -- Installing: /home/jachin/parc_main/PARC2026-ENG-ARCX6/install/parc_robot_description/share/parc_robot_description/launch/robot_state_publisher.launch.py
[1.560s] -- Installing: /home/jachin/parc_main/PARC2026-ENG-ARCX6/install/parc_robot_description/share/parc_robot_description/meshes
[1.560s] -- Installing: /home/jachin/parc_main/PARC2026-ENG-ARCX6/install/parc_robot_description/share/parc_robot_description/meshes/right_wheel.dae
[1.591s] -- Installing: /home/jachin/parc_main/PARC2026-ENG-ARCX6/install/parc_robot_description/share/parc_robot_description/meshes/rplidarc1.dae
[1.593s] -- Installing: /home/jachin/parc_main/PARC2026-ENG-ARCX6/install/parc_robot_description/share/parc_robot_description/meshes/sitoe_chassis_top.dae
[1.603s] -- Installing: /home/jachin/parc_main/PARC2026-ENG-ARCX6/install/parc_robot_description/share/parc_robot_description/meshes/left_wheel.dae
[1.634s] -- Installing: /home/jachin/parc_main/PARC2026-ENG-ARCX6/install/parc_robot_description/share/parc_robot_description/meshes/sitoe_chassis_bottom.dae
[1.639s] -- Installing: /home/jachin/parc_main/PARC2026-ENG-ARCX6/install/parc_robot_description/share/parc_robot_description/meshes/realsense_d435_top.dae
[1.644s] -- Installing: /home/jachin/parc_main/PARC2026-ENG-ARCX6/install/parc_robot_description/share/parc_robot_description/meshes/realsense_d435_bottom.dae
[1.650s] -- Installing: /home/jachin/parc_main/PARC2026-ENG-ARCX6/install/parc_robot_description/share/parc_robot_description/meshes/caster_wheel.dae
[1.655s] -- Installing: /home/jachin/parc_main/PARC2026-ENG-ARCX6/install/parc_robot_description/share/parc_robot_description/rviz
[1.655s] -- Installing: /home/jachin/parc_main/PARC2026-ENG-ARCX6/install/parc_robot_description/share/parc_robot_description/rviz/description.rviz
[1.655s] -- Installing: /home/jachin/parc_main/PARC2026-ENG-ARCX6/install/parc_robot_description/share/parc_robot_description/urdf
[1.655s] -- Installing: /home/jachin/parc_main/PARC2026-ENG-ARCX6/install/parc_robot_description/share/parc_robot_description/urdf/rplidar_c1.xacro
[1.656s] -- Installing: /home/jachin/parc_main/PARC2026-ENG-ARCX6/install/parc_robot_description/share/parc_robot_description/urdf/depth_cameras.xacro
[1.656s] -- Installing: /home/jachin/parc_main/PARC2026-ENG-ARCX6/install/parc_robot_description/share/parc_robot_description/urdf/sitoe_robot.sdf
[1.656s] -- Installing: /home/jachin/parc_main/PARC2026-ENG-ARCX6/install/parc_robot_description/share/parc_robot_description/urdf/inertial_macros.xacro
[1.656s] -- Installing: /home/jachin/parc_main/PARC2026-ENG-ARCX6/install/parc_robot_description/share/parc_robot_description/urdf/d435.xacro
[1.656s] -- Installing: /home/jachin/parc_main/PARC2026-ENG-ARCX6/install/parc_robot_description/share/parc_robot_description/urdf/sitoe_robot.urdf
[1.656s] -- Installing: /home/jachin/parc_main/PARC2026-ENG-ARCX6/install/parc_robot_description/share/parc_robot_description/urdf/gz_control.xacro
[1.657s] -- Installing: /home/jachin/parc_main/PARC2026-ENG-ARCX6/install/parc_robot_description/share/parc_robot_description/urdf/sitoe_core.xacro
[1.657s] -- Installing: /home/jachin/parc_main/PARC2026-ENG-ARCX6/install/parc_robot_description/share/parc_robot_description/urdf/sitoe_robot.urdf.xacro
[1.657s] -- Installing: /home/jachin/parc_main/PARC2026-ENG-ARCX6/install/parc_robot_description/share/parc_robot_description/urdf/imu.xacro
[1.657s] -- Installing: /home/jachin/parc_main/PARC2026-ENG-ARCX6/install/parc_robot_description/share/ament_index/resource_index/package_run_dependencies/parc_robot_description
[1.658s] -- Installing: /home/jachin/parc_main/PARC2026-ENG-ARCX6/install/parc_robot_description/share/ament_index/resource_index/parent_prefix_path/parc_robot_description
[1.658s] -- Installing: /home/jachin/parc_main/PARC2026-ENG-ARCX6/install/parc_robot_description/share/parc_robot_description/environment/ament_prefix_path.sh
[1.658s] -- Installing: /home/jachin/parc_main/PARC2026-ENG-ARCX6/install/parc_robot_description/share/parc_robot_description/environment/ament_prefix_path.dsv
[1.658s] -- Installing: /home/jachin/parc_main/PARC2026-ENG-ARCX6/install/parc_robot_description/share/parc_robot_description/environment/path.sh
[1.659s] -- Installing: /home/jachin/parc_main/PARC2026-ENG-ARCX6/install/parc_robot_description/share/parc_robot_description/environment/path.dsv
[1.659s] -- Installing: /home/jachin/parc_main/PARC2026-ENG-ARCX6/install/parc_robot_description/share/parc_robot_description/local_setup.bash
[1.659s] -- Installing: /home/jachin/parc_main/PARC2026-ENG-ARCX6/install/parc_robot_description/share/parc_robot_description/local_setup.sh
[1.659s] -- Installing: /home/jachin/parc_main/PARC2026-ENG-ARCX6/install/parc_robot_description/share/parc_robot_description/local_setup.zsh
[1.659s] -- Installing: /home/jachin/parc_main/PARC2026-ENG-ARCX6/install/parc_robot_description/share/parc_robot_description/local_setup.dsv
[1.660s] -- Installing: /home/jachin/parc_main/PARC2026-ENG-ARCX6/install/parc_robot_description/share/parc_robot_description/package.dsv
[1.660s] -- Installing: /home/jachin/parc_main/PARC2026-ENG-ARCX6/install/parc_robot_description/share/ament_index/resource_index/packages/parc_robot_description
[1.660s] -- Installing: /home/jachin/parc_main/PARC2026-ENG-ARCX6/install/parc_robot_description/share/parc_robot_description/cmake/parc_robot_descriptionConfig.cmake
[1.660s] -- Installing: /home/jachin/parc_main/PARC2026-ENG-ARCX6/install/parc_robot_description/share/parc_robot_description/cmake/parc_robot_descriptionConfig-version.cmake
[1.661s] -- Installing: /home/jachin/parc_main/PARC2026-ENG-ARCX6/install/parc_robot_description/share/parc_robot_description/package.xml
[1.665s] Invoked command in '/home/jachin/parc_main/PARC2026-ENG-ARCX6/build/parc_robot_description' returned '0': CMAKE_PREFIX_PATH=${CMAKE_PREFIX_PATH}:/opt/ros/jazzy /usr/bin/cmake --install /home/jachin/parc_main/PARC2026-ENG-ARCX6/build/parc_robot_description
