-- The C compiler identification is GNU 13.3.0
-- The CXX compiler identification is GNU 13.3.0
-- Detecting C compiler ABI info
-- Detecting C compiler ABI info - done
-- Check for working C compiler: /usr/bin/cc - skipped
-- Detecting C compile features
-- Detecting C compile features - done
-- Detecting CXX compiler ABI info
-- Detecting CXX compiler ABI info - done
-- Check for working CXX compiler: /usr/bin/c++ - skipped
-- Detecting CXX compile features
-- Detecting CXX compile features - done
-- Found ament_cmake: 2.5.6 (/opt/ros/jazzy/share/ament_cmake/cmake)
-- Found Python3: /usr/bin/python3 (found version "3.12.3") found components: Interpreter 
-- Found rclpy: 7.1.11 (/opt/ros/jazzy/share/rclpy/cmake)
-- Found urdf: 2.10.0 (/opt/ros/jazzy/share/urdf/cmake)
-- Found TinyXML2 via Config file: /usr/lib/x86_64-linux-gnu/cmake/tinyxml2
-- Configuring done (0.9s)
-- Generating done (0.0s)
-- Build files have been written to: /home/jachin/parc_main/PARC2026-ENG-ARCX6/ros2_ws/src/build/parc_robot_bringup
Built target ament_cmake_python_copy_parc_robot_bringup
running egg_info
creating parc_robot_bringup.egg-info
writing parc_robot_bringup.egg-info/PKG-INFO
writing dependency_links to parc_robot_bringup.egg-info/dependency_links.txt
writing top-level names to parc_robot_bringup.egg-info/top_level.txt
writing manifest file 'parc_robot_bringup.egg-info/SOURCES.txt'
reading manifest file 'parc_robot_bringup.egg-info/SOURCES.txt'
writing manifest file 'parc_robot_bringup.egg-info/SOURCES.txt'
Built target ament_cmake_python_build_parc_robot_bringup_egg
-- Install configuration: ""
-- Installing: /home/jachin/parc_main/PARC2026-ENG-ARCX6/ros2_ws/src/install/parc_robot_bringup/share/parc_robot_bringup/config
-- Installing: /home/jachin/parc_main/PARC2026-ENG-ARCX6/ros2_ws/src/install/parc_robot_bringup/share/parc_robot_bringup/config/task_params.yaml
-- Installing: /home/jachin/parc_main/PARC2026-ENG-ARCX6/ros2_ws/src/install/parc_robot_bringup/share/parc_robot_bringup/config/gz_bridge.yaml
-- Installing: /home/jachin/parc_main/PARC2026-ENG-ARCX6/ros2_ws/src/install/parc_robot_bringup/share/parc_robot_bringup/launch
-- Installing: /home/jachin/parc_main/PARC2026-ENG-ARCX6/ros2_ws/src/install/parc_robot_bringup/share/parc_robot_bringup/launch/task.launch.py
-- Installing: /home/jachin/parc_main/PARC2026-ENG-ARCX6/ros2_ws/src/install/parc_robot_bringup/share/parc_robot_bringup/models
-- Installing: /home/jachin/parc_main/PARC2026-ENG-ARCX6/ros2_ws/src/install/parc_robot_bringup/share/parc_robot_bringup/models/VendingMachine
-- Installing: /home/jachin/parc_main/PARC2026-ENG-ARCX6/ros2_ws/src/install/parc_robot_bringup/share/parc_robot_bringup/models/VendingMachine/model.sdf
-- Installing: /home/jachin/parc_main/PARC2026-ENG-ARCX6/ros2_ws/src/install/parc_robot_bringup/share/parc_robot_bringup/models/VendingMachine/thumbnails
-- Installing: /home/jachin/parc_main/PARC2026-ENG-ARCX6/ros2_ws/src/install/parc_robot_bringup/share/parc_robot_bringup/models/VendingMachine/thumbnails/2.png
-- Installing: /home/jachin/parc_main/PARC2026-ENG-ARCX6/ros2_ws/src/install/parc_robot_bringup/share/parc_robot_bringup/models/VendingMachine/thumbnails/1.png
-- Installing: /home/jachin/parc_main/PARC2026-ENG-ARCX6/ros2_ws/src/install/parc_robot_bringup/share/parc_robot_bringup/models/VendingMachine/thumbnails/3.png
-- Installing: /home/jachin/parc_main/PARC2026-ENG-ARCX6/ros2_ws/src/install/parc_robot_bringup/share/parc_robot_bringup/models/VendingMachine/thumbnails/5.png
-- Installing: /home/jachin/parc_main/PARC2026-ENG-ARCX6/ros2_ws/src/install/parc_robot_bringup/share/parc_robot_bringup/models/VendingMachine/thumbnails/4.png
-- Installing: /home/jachin/parc_main/PARC2026-ENG-ARCX6/ros2_ws/src/install/parc_robot_bringup/share/parc_robot_bringup/models/VendingMachine/meshes
-- Installing: /home/jachin/parc_main/PARC2026-ENG-ARCX6/ros2_ws/src/install/parc_robot_bringup/share/parc_robot_bringup/models/VendingMachine/meshes/VendingMachine.obj
-- Installing: /home/jachin/parc_main/PARC2026-ENG-ARCX6/ros2_ws/src/install/parc_robot_bringup/share/parc_robot_bringup/models/VendingMachine/meshes/VendingMachine.mtl
-- Installing: /home/jachin/parc_main/PARC2026-ENG-ARCX6/ros2_ws/src/install/parc_robot_bringup/share/parc_robot_bringup/models/VendingMachine/meshes/VendingMachine_Diffuse.png
-- Installing: /home/jachin/parc_main/PARC2026-ENG-ARCX6/ros2_ws/src/install/parc_robot_bringup/share/parc_robot_bringup/models/VendingMachine/model.config
-- Installing: /home/jachin/parc_main/PARC2026-ENG-ARCX6/ros2_ws/src/install/parc_robot_bringup/share/parc_robot_bringup/models/goal_location
-- Installing: /home/jachin/parc_main/PARC2026-ENG-ARCX6/ros2_ws/src/install/parc_robot_bringup/share/parc_robot_bringup/models/goal_location/model.sdf
-- Installing: /home/jachin/parc_main/PARC2026-ENG-ARCX6/ros2_ws/src/install/parc_robot_bringup/share/parc_robot_bringup/models/goal_location/model.config
-- Installing: /home/jachin/parc_main/PARC2026-ENG-ARCX6/ros2_ws/src/install/parc_robot_bringup/share/parc_robot_bringup/models/breakfast_menu
-- Installing: /home/jachin/parc_main/PARC2026-ENG-ARCX6/ros2_ws/src/install/parc_robot_bringup/share/parc_robot_bringup/models/breakfast_menu/model.sdf
-- Installing: /home/jachin/parc_main/PARC2026-ENG-ARCX6/ros2_ws/src/install/parc_robot_bringup/share/parc_robot_bringup/models/breakfast_menu/thumbnails
-- Installing: /home/jachin/parc_main/PARC2026-ENG-ARCX6/ros2_ws/src/install/parc_robot_bringup/share/parc_robot_bringup/models/breakfast_menu/thumbnails/3.jpg
-- Installing: /home/jachin/parc_main/PARC2026-ENG-ARCX6/ros2_ws/src/install/parc_robot_bringup/share/parc_robot_bringup/models/breakfast_menu/thumbnails/1.jpg
-- Installing: /home/jachin/parc_main/PARC2026-ENG-ARCX6/ros2_ws/src/install/parc_robot_bringup/share/parc_robot_bringup/models/breakfast_menu/thumbnails/0.jpg
-- Installing: /home/jachin/parc_main/PARC2026-ENG-ARCX6/ros2_ws/src/install/parc_robot_bringup/share/parc_robot_bringup/models/breakfast_menu/thumbnails/2.jpg
-- Installing: /home/jachin/parc_main/PARC2026-ENG-ARCX6/ros2_ws/src/install/parc_robot_bringup/share/parc_robot_bringup/models/breakfast_menu/thumbnails/4.jpg
-- Installing: /home/jachin/parc_main/PARC2026-ENG-ARCX6/ros2_ws/src/install/parc_robot_bringup/share/parc_robot_bringup/models/breakfast_menu/meshes
-- Installing: /home/jachin/parc_main/PARC2026-ENG-ARCX6/ros2_ws/src/install/parc_robot_bringup/share/parc_robot_bringup/models/breakfast_menu/meshes/model.obj
-- Installing: /home/jachin/parc_main/PARC2026-ENG-ARCX6/ros2_ws/src/install/parc_robot_bringup/share/parc_robot_bringup/models/breakfast_menu/meshes/model.mtl
-- Installing: /home/jachin/parc_main/PARC2026-ENG-ARCX6/ros2_ws/src/install/parc_robot_bringup/share/parc_robot_bringup/models/breakfast_menu/materials
-- Installing: /home/jachin/parc_main/PARC2026-ENG-ARCX6/ros2_ws/src/install/parc_robot_bringup/share/parc_robot_bringup/models/breakfast_menu/materials/textures
-- Installing: /home/jachin/parc_main/PARC2026-ENG-ARCX6/ros2_ws/src/install/parc_robot_bringup/share/parc_robot_bringup/models/breakfast_menu/materials/textures/breakfast_menu_diffuse.png
-- Installing: /home/jachin/parc_main/PARC2026-ENG-ARCX6/ros2_ws/src/install/parc_robot_bringup/share/parc_robot_bringup/models/breakfast_menu/model.config
-- Installing: /home/jachin/parc_main/PARC2026-ENG-ARCX6/ros2_ws/src/install/parc_robot_bringup/share/parc_robot_bringup/models/WoodenChair
-- Installing: /home/jachin/parc_main/PARC2026-ENG-ARCX6/ros2_ws/src/install/parc_robot_bringup/share/parc_robot_bringup/models/WoodenChair/model.sdf
-- Installing: /home/jachin/parc_main/PARC2026-ENG-ARCX6/ros2_ws/src/install/parc_robot_bringup/share/parc_robot_bringup/models/WoodenChair/thumbnails
-- Installing: /home/jachin/parc_main/PARC2026-ENG-ARCX6/ros2_ws/src/install/parc_robot_bringup/share/parc_robot_bringup/models/WoodenChair/thumbnails/2.png
-- Installing: /home/jachin/parc_main/PARC2026-ENG-ARCX6/ros2_ws/src/install/parc_robot_bringup/share/parc_robot_bringup/models/WoodenChair/thumbnails/1.png
-- Installing: /home/jachin/parc_main/PARC2026-ENG-ARCX6/ros2_ws/src/install/parc_robot_bringup/share/parc_robot_bringup/models/WoodenChair/thumbnails/3.png
-- Installing: /home/jachin/parc_main/PARC2026-ENG-ARCX6/ros2_ws/src/install/parc_robot_bringup/share/parc_robot_bringup/models/WoodenChair/thumbnails/5.png
-- Installing: /home/jachin/parc_main/PARC2026-ENG-ARCX6/ros2_ws/src/install/parc_robot_bringup/share/parc_robot_bringup/models/WoodenChair/thumbnails/4.png
-- Installing: /home/jachin/parc_main/PARC2026-ENG-ARCX6/ros2_ws/src/install/parc_robot_bringup/share/parc_robot_bringup/models/WoodenChair/meshes
-- Installing: /home/jachin/parc_main/PARC2026-ENG-ARCX6/ros2_ws/src/install/parc_robot_bringup/share/parc_robot_bringup/models/WoodenChair/meshes/WoodenChair_Diffuse.png
-- Installing: /home/jachin/parc_main/PARC2026-ENG-ARCX6/ros2_ws/src/install/parc_robot_bringup/share/parc_robot_bringup/models/WoodenChair/meshes/WoodenChair_Col.obj
-- Installing: /home/jachin/parc_main/PARC2026-ENG-ARCX6/ros2_ws/src/install/parc_robot_bringup/share/parc_robot_bringup/models/WoodenChair/meshes/WoodenChair.obj
-- Installing: /home/jachin/parc_main/PARC2026-ENG-ARCX6/ros2_ws/src/install/parc_robot_bringup/share/parc_robot_bringup/models/WoodenChair/meshes/WoodenChair_Col.mtl
-- Installing: /home/jachin/parc_main/PARC2026-ENG-ARCX6/ros2_ws/src/install/parc_robot_bringup/share/parc_robot_bringup/models/WoodenChair/meshes/WoodenChair.mtl
-- Installing: /home/jachin/parc_main/PARC2026-ENG-ARCX6/ros2_ws/src/install/parc_robot_bringup/share/parc_robot_bringup/models/WoodenChair/meshes/WoodenChair_Rough.png
-- Installing: /home/jachin/parc_main/PARC2026-ENG-ARCX6/ros2_ws/src/install/parc_robot_bringup/share/parc_robot_bringup/models/WoodenChair/model.config
-- Installing: /home/jachin/parc_main/PARC2026-ENG-ARCX6/ros2_ws/src/install/parc_robot_bringup/share/parc_robot_bringup/models/cafe_table
-- Installing: /home/jachin/parc_main/PARC2026-ENG-ARCX6/ros2_ws/src/install/parc_robot_bringup/share/parc_robot_bringup/models/cafe_table/model.sdf
-- Installing: /home/jachin/parc_main/PARC2026-ENG-ARCX6/ros2_ws/src/install/parc_robot_bringup/share/parc_robot_bringup/models/cafe_table/model-1_4.sdf
-- Installing: /home/jachin/parc_main/PARC2026-ENG-ARCX6/ros2_ws/src/install/parc_robot_bringup/share/parc_robot_bringup/models/cafe_table/thumbnails
-- Installing: /home/jachin/parc_main/PARC2026-ENG-ARCX6/ros2_ws/src/install/parc_robot_bringup/share/parc_robot_bringup/models/cafe_table/thumbnails/2.png
-- Installing: /home/jachin/parc_main/PARC2026-ENG-ARCX6/ros2_ws/src/install/parc_robot_bringup/share/parc_robot_bringup/models/cafe_table/thumbnails/1.png
-- Installing: /home/jachin/parc_main/PARC2026-ENG-ARCX6/ros2_ws/src/install/parc_robot_bringup/share/parc_robot_bringup/models/cafe_table/thumbnails/3.png
-- Installing: /home/jachin/parc_main/PARC2026-ENG-ARCX6/ros2_ws/src/install/parc_robot_bringup/share/parc_robot_bringup/models/cafe_table/thumbnails/5.png
-- Installing: /home/jachin/parc_main/PARC2026-ENG-ARCX6/ros2_ws/src/install/parc_robot_bringup/share/parc_robot_bringup/models/cafe_table/thumbnails/4.png
-- Installing: /home/jachin/parc_main/PARC2026-ENG-ARCX6/ros2_ws/src/install/parc_robot_bringup/share/parc_robot_bringup/models/cafe_table/meshes
-- Installing: /home/jachin/parc_main/PARC2026-ENG-ARCX6/ros2_ws/src/install/parc_robot_bringup/share/parc_robot_bringup/models/cafe_table/meshes/cafe_table.dae
-- Installing: /home/jachin/parc_main/PARC2026-ENG-ARCX6/ros2_ws/src/install/parc_robot_bringup/share/parc_robot_bringup/models/cafe_table/materials
-- Installing: /home/jachin/parc_main/PARC2026-ENG-ARCX6/ros2_ws/src/install/parc_robot_bringup/share/parc_robot_bringup/models/cafe_table/materials/textures
-- Installing: /home/jachin/parc_main/PARC2026-ENG-ARCX6/ros2_ws/src/install/parc_robot_bringup/share/parc_robot_bringup/models/cafe_table/materials/textures/Wood_Floor_Dark.jpg
-- Installing: /home/jachin/parc_main/PARC2026-ENG-ARCX6/ros2_ws/src/install/parc_robot_bringup/share/parc_robot_bringup/models/cafe_table/materials/textures/Maple.jpg
-- Installing: /home/jachin/parc_main/PARC2026-ENG-ARCX6/ros2_ws/src/install/parc_robot_bringup/share/parc_robot_bringup/models/cafe_table/model.config
-- Installing: /home/jachin/parc_main/PARC2026-ENG-ARCX6/ros2_ws/src/install/parc_robot_bringup/share/parc_robot_bringup/models/cafe
-- Installing: /home/jachin/parc_main/PARC2026-ENG-ARCX6/ros2_ws/src/install/parc_robot_bringup/share/parc_robot_bringup/models/cafe/model.sdf
-- Installing: /home/jachin/parc_main/PARC2026-ENG-ARCX6/ros2_ws/src/install/parc_robot_bringup/share/parc_robot_bringup/models/cafe/thumbnails
-- Installing: /home/jachin/parc_main/PARC2026-ENG-ARCX6/ros2_ws/src/install/parc_robot_bringup/share/parc_robot_bringup/models/cafe/thumbnails/2.png
-- Installing: /home/jachin/parc_main/PARC2026-ENG-ARCX6/ros2_ws/src/install/parc_robot_bringup/share/parc_robot_bringup/models/cafe/thumbnails/1.png
-- Installing: /home/jachin/parc_main/PARC2026-ENG-ARCX6/ros2_ws/src/install/parc_robot_bringup/share/parc_robot_bringup/models/cafe/thumbnails/3.png
-- Installing: /home/jachin/parc_main/PARC2026-ENG-ARCX6/ros2_ws/src/install/parc_robot_bringup/share/parc_robot_bringup/models/cafe/thumbnails/5.png
-- Installing: /home/jachin/parc_main/PARC2026-ENG-ARCX6/ros2_ws/src/install/parc_robot_bringup/share/parc_robot_bringup/models/cafe/thumbnails/4.png
-- Installing: /home/jachin/parc_main/PARC2026-ENG-ARCX6/ros2_ws/src/install/parc_robot_bringup/share/parc_robot_bringup/models/cafe/meshes
-- Installing: /home/jachin/parc_main/PARC2026-ENG-ARCX6/ros2_ws/src/install/parc_robot_bringup/share/parc_robot_bringup/models/cafe/meshes/cafe.dae
-- Installing: /home/jachin/parc_main/PARC2026-ENG-ARCX6/ros2_ws/src/install/parc_robot_bringup/share/parc_robot_bringup/models/cafe/materials
-- Installing: /home/jachin/parc_main/PARC2026-ENG-ARCX6/ros2_ws/src/install/parc_robot_bringup/share/parc_robot_bringup/models/cafe/materials/textures
-- Installing: /home/jachin/parc_main/PARC2026-ENG-ARCX6/ros2_ws/src/install/parc_robot_bringup/share/parc_robot_bringup/models/cafe/materials/textures/__auto_23.jpg
-- Installing: /home/jachin/parc_main/PARC2026-ENG-ARCX6/ros2_ws/src/install/parc_robot_bringup/share/parc_robot_bringup/models/cafe/materials/textures/__auto_37.jpg
-- Installing: /home/jachin/parc_main/PARC2026-ENG-ARCX6/ros2_ws/src/install/parc_robot_bringup/share/parc_robot_bringup/models/cafe/materials/textures/__auto_26.jpg
-- Installing: /home/jachin/parc_main/PARC2026-ENG-ARCX6/ros2_ws/src/install/parc_robot_bringup/share/parc_robot_bringup/models/cafe/materials/textures/__auto_35.jpg
-- Installing: /home/jachin/parc_main/PARC2026-ENG-ARCX6/ros2_ws/src/install/parc_robot_bringup/share/parc_robot_bringup/models/cafe/materials/textures/__auto_2.jpg
-- Installing: /home/jachin/parc_main/PARC2026-ENG-ARCX6/ros2_ws/src/install/parc_robot_bringup/share/parc_robot_bringup/models/cafe/materials/textures/__auto_10.jpg
-- Installing: /home/jachin/parc_main/PARC2026-ENG-ARCX6/ros2_ws/src/install/parc_robot_bringup/share/parc_robot_bringup/models/cafe/materials/textures/__auto_28.jpg
-- Installing: /home/jachin/parc_main/PARC2026-ENG-ARCX6/ros2_ws/src/install/parc_robot_bringup/share/parc_robot_bringup/models/cafe/materials/textures/__auto_21.jpg
-- Installing: /home/jachin/parc_main/PARC2026-ENG-ARCX6/ros2_ws/src/install/parc_robot_bringup/share/parc_robot_bringup/models/cafe/materials/textures/__auto_25.jpg
-- Installing: /home/jachin/parc_main/PARC2026-ENG-ARCX6/ros2_ws/src/install/parc_robot_bringup/share/parc_robot_bringup/models/cafe/materials/textures/__auto_24.jpg
-- Installing: /home/jachin/parc_main/PARC2026-ENG-ARCX6/ros2_ws/src/install/parc_robot_bringup/share/parc_robot_bringup/models/cafe/materials/textures/__auto_29.jpg
-- Installing: /home/jachin/parc_main/PARC2026-ENG-ARCX6/ros2_ws/src/install/parc_robot_bringup/share/parc_robot_bringup/models/cafe/materials/textures/__auto_31.jpg
-- Installing: /home/jachin/parc_main/PARC2026-ENG-ARCX6/ros2_ws/src/install/parc_robot_bringup/share/parc_robot_bringup/models/cafe/materials/textures/__auto_34.jpg
-- Installing: /home/jachin/parc_main/PARC2026-ENG-ARCX6/ros2_ws/src/install/parc_robot_bringup/share/parc_robot_bringup/models/cafe/materials/textures/__auto_30.jpg
-- Installing: /home/jachin/parc_main/PARC2026-ENG-ARCX6/ros2_ws/src/install/parc_robot_bringup/share/parc_robot_bringup/models/cafe/materials/textures/__auto_22.jpg
-- Installing: /home/jachin/parc_main/PARC2026-ENG-ARCX6/ros2_ws/src/install/parc_robot_bringup/share/parc_robot_bringup/models/cafe/model.config
-- Installing: /home/jachin/parc_main/PARC2026-ENG-ARCX6/ros2_ws/src/install/parc_robot_bringup/share/parc_robot_bringup/models/FemaleVisitor
-- Installing: /home/jachin/parc_main/PARC2026-ENG-ARCX6/ros2_ws/src/install/parc_robot_bringup/share/parc_robot_bringup/models/FemaleVisitor/model.sdf
-- Installing: /home/jachin/parc_main/PARC2026-ENG-ARCX6/ros2_ws/src/install/parc_robot_bringup/share/parc_robot_bringup/models/FemaleVisitor/thumbnails
-- Installing: /home/jachin/parc_main/PARC2026-ENG-ARCX6/ros2_ws/src/install/parc_robot_bringup/share/parc_robot_bringup/models/FemaleVisitor/thumbnails/2.png
-- Installing: /home/jachin/parc_main/PARC2026-ENG-ARCX6/ros2_ws/src/install/parc_robot_bringup/share/parc_robot_bringup/models/FemaleVisitor/thumbnails/1.png
-- Installing: /home/jachin/parc_main/PARC2026-ENG-ARCX6/ros2_ws/src/install/parc_robot_bringup/share/parc_robot_bringup/models/FemaleVisitor/thumbnails/3.png
-- Installing: /home/jachin/parc_main/PARC2026-ENG-ARCX6/ros2_ws/src/install/parc_robot_bringup/share/parc_robot_bringup/models/FemaleVisitor/thumbnails/5.png
-- Installing: /home/jachin/parc_main/PARC2026-ENG-ARCX6/ros2_ws/src/install/parc_robot_bringup/share/parc_robot_bringup/models/FemaleVisitor/thumbnails/4.png
-- Installing: /home/jachin/parc_main/PARC2026-ENG-ARCX6/ros2_ws/src/install/parc_robot_bringup/share/parc_robot_bringup/models/FemaleVisitor/meshes
-- Installing: /home/jachin/parc_main/PARC2026-ENG-ARCX6/ros2_ws/src/install/parc_robot_bringup/share/parc_robot_bringup/models/FemaleVisitor/meshes/FemaleVisitor.obj
-- Installing: /home/jachin/parc_main/PARC2026-ENG-ARCX6/ros2_ws/src/install/parc_robot_bringup/share/parc_robot_bringup/models/FemaleVisitor/meshes/FemaleVisitor_Col.obj
-- Installing: /home/jachin/parc_main/PARC2026-ENG-ARCX6/ros2_ws/src/install/parc_robot_bringup/share/parc_robot_bringup/models/FemaleVisitor/meshes/FemaleVisitor.mtl
-- Installing: /home/jachin/parc_main/PARC2026-ENG-ARCX6/ros2_ws/src/install/parc_robot_bringup/share/parc_robot_bringup/models/FemaleVisitor/meshes/FemaleVisitor.png
-- Installing: /home/jachin/parc_main/PARC2026-ENG-ARCX6/ros2_ws/src/install/parc_robot_bringup/share/parc_robot_bringup/models/FemaleVisitor/meshes/FemaleVisitor_Col.mtl
-- Installing: /home/jachin/parc_main/PARC2026-ENG-ARCX6/ros2_ws/src/install/parc_robot_bringup/share/parc_robot_bringup/models/FemaleVisitor/meshes/Handbag.png
-- Installing: /home/jachin/parc_main/PARC2026-ENG-ARCX6/ros2_ws/src/install/parc_robot_bringup/share/parc_robot_bringup/models/FemaleVisitor/model.config
-- Installing: /home/jachin/parc_main/PARC2026-ENG-ARCX6/ros2_ws/src/install/parc_robot_bringup/share/parc_robot_bringup/models/MaleVisitorSit
-- Installing: /home/jachin/parc_main/PARC2026-ENG-ARCX6/ros2_ws/src/install/parc_robot_bringup/share/parc_robot_bringup/models/MaleVisitorSit/model.sdf
-- Installing: /home/jachin/parc_main/PARC2026-ENG-ARCX6/ros2_ws/src/install/parc_robot_bringup/share/parc_robot_bringup/models/MaleVisitorSit/thumbnails
-- Installing: /home/jachin/parc_main/PARC2026-ENG-ARCX6/ros2_ws/src/install/parc_robot_bringup/share/parc_robot_bringup/models/MaleVisitorSit/thumbnails/2.png
-- Installing: /home/jachin/parc_main/PARC2026-ENG-ARCX6/ros2_ws/src/install/parc_robot_bringup/share/parc_robot_bringup/models/MaleVisitorSit/thumbnails/1.png
-- Installing: /home/jachin/parc_main/PARC2026-ENG-ARCX6/ros2_ws/src/install/parc_robot_bringup/share/parc_robot_bringup/models/MaleVisitorSit/thumbnails/3.png
-- Installing: /home/jachin/parc_main/PARC2026-ENG-ARCX6/ros2_ws/src/install/parc_robot_bringup/share/parc_robot_bringup/models/MaleVisitorSit/thumbnails/5.png
-- Installing: /home/jachin/parc_main/PARC2026-ENG-ARCX6/ros2_ws/src/install/parc_robot_bringup/share/parc_robot_bringup/models/MaleVisitorSit/thumbnails/4.png
-- Installing: /home/jachin/parc_main/PARC2026-ENG-ARCX6/ros2_ws/src/install/parc_robot_bringup/share/parc_robot_bringup/models/MaleVisitorSit/meshes
-- Installing: /home/jachin/parc_main/PARC2026-ENG-ARCX6/ros2_ws/src/install/parc_robot_bringup/share/parc_robot_bringup/models/MaleVisitorSit/meshes/MaleVisitorSit_Col.obj
-- Installing: /home/jachin/parc_main/PARC2026-ENG-ARCX6/ros2_ws/src/install/parc_robot_bringup/share/parc_robot_bringup/models/MaleVisitorSit/meshes/MaleVisitorSit_Col.mtl
-- Installing: /home/jachin/parc_main/PARC2026-ENG-ARCX6/ros2_ws/src/install/parc_robot_bringup/share/parc_robot_bringup/models/MaleVisitorSit/meshes/MaleVisitorSit.obj
-- Installing: /home/jachin/parc_main/PARC2026-ENG-ARCX6/ros2_ws/src/install/parc_robot_bringup/share/parc_robot_bringup/models/MaleVisitorSit/meshes/MaleVisitorSit.png
-- Installing: /home/jachin/parc_main/PARC2026-ENG-ARCX6/ros2_ws/src/install/parc_robot_bringup/share/parc_robot_bringup/models/MaleVisitorSit/meshes/MaleVisitorSit.mtl
-- Installing: /home/jachin/parc_main/PARC2026-ENG-ARCX6/ros2_ws/src/install/parc_robot_bringup/share/parc_robot_bringup/models/MaleVisitorSit/meshes/Phone.png
-- Installing: /home/jachin/parc_main/PARC2026-ENG-ARCX6/ros2_ws/src/install/parc_robot_bringup/share/parc_robot_bringup/models/MaleVisitorSit/model.config
-- Installing: /home/jachin/parc_main/PARC2026-ENG-ARCX6/ros2_ws/src/install/parc_robot_bringup/share/parc_robot_bringup/models/materials
-- Installing: /home/jachin/parc_main/PARC2026-ENG-ARCX6/ros2_ws/src/install/parc_robot_bringup/share/parc_robot_bringup/models/materials/textures
-- Installing: /home/jachin/parc_main/PARC2026-ENG-ARCX6/ros2_ws/src/install/parc_robot_bringup/share/parc_robot_bringup/models/materials/textures/__auto_23.jpg
-- Installing: /home/jachin/parc_main/PARC2026-ENG-ARCX6/ros2_ws/src/install/parc_robot_bringup/share/parc_robot_bringup/models/materials/textures/__auto_37.jpg
-- Installing: /home/jachin/parc_main/PARC2026-ENG-ARCX6/ros2_ws/src/install/parc_robot_bringup/share/parc_robot_bringup/models/materials/textures/__auto_26.jpg
-- Installing: /home/jachin/parc_main/PARC2026-ENG-ARCX6/ros2_ws/src/install/parc_robot_bringup/share/parc_robot_bringup/models/materials/textures/__auto_35.jpg
-- Installing: /home/jachin/parc_main/PARC2026-ENG-ARCX6/ros2_ws/src/install/parc_robot_bringup/share/parc_robot_bringup/models/materials/textures/__auto_2.jpg
-- Installing: /home/jachin/parc_main/PARC2026-ENG-ARCX6/ros2_ws/src/install/parc_robot_bringup/share/parc_robot_bringup/models/materials/textures/__auto_10.jpg
-- Installing: /home/jachin/parc_main/PARC2026-ENG-ARCX6/ros2_ws/src/install/parc_robot_bringup/share/parc_robot_bringup/models/materials/textures/__auto_28.jpg
-- Installing: /home/jachin/parc_main/PARC2026-ENG-ARCX6/ros2_ws/src/install/parc_robot_bringup/share/parc_robot_bringup/models/materials/textures/__auto_21.jpg
-- Installing: /home/jachin/parc_main/PARC2026-ENG-ARCX6/ros2_ws/src/install/parc_robot_bringup/share/parc_robot_bringup/models/materials/textures/__auto_25.jpg
-- Installing: /home/jachin/parc_main/PARC2026-ENG-ARCX6/ros2_ws/src/install/parc_robot_bringup/share/parc_robot_bringup/models/materials/textures/__auto_24.jpg
-- Installing: /home/jachin/parc_main/PARC2026-ENG-ARCX6/ros2_ws/src/install/parc_robot_bringup/share/parc_robot_bringup/models/materials/textures/__auto_29.jpg
-- Installing: /home/jachin/parc_main/PARC2026-ENG-ARCX6/ros2_ws/src/install/parc_robot_bringup/share/parc_robot_bringup/models/materials/textures/__auto_31.jpg
-- Installing: /home/jachin/parc_main/PARC2026-ENG-ARCX6/ros2_ws/src/install/parc_robot_bringup/share/parc_robot_bringup/models/materials/textures/__auto_34.jpg
-- Installing: /home/jachin/parc_main/PARC2026-ENG-ARCX6/ros2_ws/src/install/parc_robot_bringup/share/parc_robot_bringup/models/materials/textures/Wood_Floor_Dark.jpg
-- Installing: /home/jachin/parc_main/PARC2026-ENG-ARCX6/ros2_ws/src/install/parc_robot_bringup/share/parc_robot_bringup/models/materials/textures/__auto_30.jpg
-- Installing: /home/jachin/parc_main/PARC2026-ENG-ARCX6/ros2_ws/src/install/parc_robot_bringup/share/parc_robot_bringup/models/materials/textures/__auto_22.jpg
-- Installing: /home/jachin/parc_main/PARC2026-ENG-ARCX6/ros2_ws/src/install/parc_robot_bringup/share/parc_robot_bringup/models/materials/textures/Maple.jpg
-- Installing: /home/jachin/parc_main/PARC2026-ENG-ARCX6/ros2_ws/src/install/parc_robot_bringup/share/parc_robot_bringup/models/FemaleVisitorSit
-- Installing: /home/jachin/parc_main/PARC2026-ENG-ARCX6/ros2_ws/src/install/parc_robot_bringup/share/parc_robot_bringup/models/FemaleVisitorSit/model.sdf
-- Installing: /home/jachin/parc_main/PARC2026-ENG-ARCX6/ros2_ws/src/install/parc_robot_bringup/share/parc_robot_bringup/models/FemaleVisitorSit/thumbnails
-- Installing: /home/jachin/parc_main/PARC2026-ENG-ARCX6/ros2_ws/src/install/parc_robot_bringup/share/parc_robot_bringup/models/FemaleVisitorSit/thumbnails/2.png
-- Installing: /home/jachin/parc_main/PARC2026-ENG-ARCX6/ros2_ws/src/install/parc_robot_bringup/share/parc_robot_bringup/models/FemaleVisitorSit/thumbnails/1.png
-- Installing: /home/jachin/parc_main/PARC2026-ENG-ARCX6/ros2_ws/src/install/parc_robot_bringup/share/parc_robot_bringup/models/FemaleVisitorSit/thumbnails/3.png
-- Installing: /home/jachin/parc_main/PARC2026-ENG-ARCX6/ros2_ws/src/install/parc_robot_bringup/share/parc_robot_bringup/models/FemaleVisitorSit/thumbnails/5.png
-- Installing: /home/jachin/parc_main/PARC2026-ENG-ARCX6/ros2_ws/src/install/parc_robot_bringup/share/parc_robot_bringup/models/FemaleVisitorSit/thumbnails/4.png
-- Installing: /home/jachin/parc_main/PARC2026-ENG-ARCX6/ros2_ws/src/install/parc_robot_bringup/share/parc_robot_bringup/models/FemaleVisitorSit/meshes
-- Installing: /home/jachin/parc_main/PARC2026-ENG-ARCX6/ros2_ws/src/install/parc_robot_bringup/share/parc_robot_bringup/models/FemaleVisitorSit/meshes/FemaleVisitorSit.obj
-- Installing: /home/jachin/parc_main/PARC2026-ENG-ARCX6/ros2_ws/src/install/parc_robot_bringup/share/parc_robot_bringup/models/FemaleVisitorSit/meshes/FemaleVisitorSit_Col.obj
-- Installing: /home/jachin/parc_main/PARC2026-ENG-ARCX6/ros2_ws/src/install/parc_robot_bringup/share/parc_robot_bringup/models/FemaleVisitorSit/meshes/FemaleVisitorSit.png
-- Installing: /home/jachin/parc_main/PARC2026-ENG-ARCX6/ros2_ws/src/install/parc_robot_bringup/share/parc_robot_bringup/models/FemaleVisitorSit/meshes/FemaleVisitorSit.mtl
-- Installing: /home/jachin/parc_main/PARC2026-ENG-ARCX6/ros2_ws/src/install/parc_robot_bringup/share/parc_robot_bringup/models/FemaleVisitorSit/meshes/HandbagBlack.png
-- Installing: /home/jachin/parc_main/PARC2026-ENG-ARCX6/ros2_ws/src/install/parc_robot_bringup/share/parc_robot_bringup/models/FemaleVisitorSit/meshes/FemaleVisitorSit_Col.mtl
-- Installing: /home/jachin/parc_main/PARC2026-ENG-ARCX6/ros2_ws/src/install/parc_robot_bringup/share/parc_robot_bringup/models/FemaleVisitorSit/model.config
-- Installing: /home/jachin/parc_main/PARC2026-ENG-ARCX6/ros2_ws/src/install/parc_robot_bringup/share/parc_robot_bringup/rviz
-- Installing: /home/jachin/parc_main/PARC2026-ENG-ARCX6/ros2_ws/src/install/parc_robot_bringup/share/parc_robot_bringup/rviz/task.rviz
-- Installing: /home/jachin/parc_main/PARC2026-ENG-ARCX6/ros2_ws/src/install/parc_robot_bringup/share/parc_robot_bringup/worlds
-- Installing: /home/jachin/parc_main/PARC2026-ENG-ARCX6/ros2_ws/src/install/parc_robot_bringup/share/parc_robot_bringup/worlds/task_world.sdf
-- Installing: /home/jachin/parc_main/PARC2026-ENG-ARCX6/ros2_ws/src/install/parc_robot_bringup/share/parc_robot_bringup/environment/pythonpath.sh
-- Installing: /home/jachin/parc_main/PARC2026-ENG-ARCX6/ros2_ws/src/install/parc_robot_bringup/share/parc_robot_bringup/environment/pythonpath.dsv
-- Installing: /home/jachin/parc_main/PARC2026-ENG-ARCX6/ros2_ws/src/install/parc_robot_bringup/lib/python3.12/site-packages/parc_robot_bringup-0.0.0-py3.12.egg-info
-- Installing: /home/jachin/parc_main/PARC2026-ENG-ARCX6/ros2_ws/src/install/parc_robot_bringup/lib/python3.12/site-packages/parc_robot_bringup-0.0.0-py3.12.egg-info/SOURCES.txt
-- Installing: /home/jachin/parc_main/PARC2026-ENG-ARCX6/ros2_ws/src/install/parc_robot_bringup/lib/python3.12/site-packages/parc_robot_bringup-0.0.0-py3.12.egg-info/dependency_links.txt
-- Installing: /home/jachin/parc_main/PARC2026-ENG-ARCX6/ros2_ws/src/install/parc_robot_bringup/lib/python3.12/site-packages/parc_robot_bringup-0.0.0-py3.12.egg-info/top_level.txt
-- Installing: /home/jachin/parc_main/PARC2026-ENG-ARCX6/ros2_ws/src/install/parc_robot_bringup/lib/python3.12/site-packages/parc_robot_bringup-0.0.0-py3.12.egg-info/PKG-INFO
-- Installing: /home/jachin/parc_main/PARC2026-ENG-ARCX6/ros2_ws/src/install/parc_robot_bringup/lib/python3.12/site-packages/parc_robot_bringup
-- Installing: /home/jachin/parc_main/PARC2026-ENG-ARCX6/ros2_ws/src/install/parc_robot_bringup/lib/python3.12/site-packages/parc_robot_bringup/__init__.py
Listing '/home/jachin/parc_main/PARC2026-ENG-ARCX6/ros2_ws/src/install/parc_robot_bringup/lib/python3.12/site-packages/parc_robot_bringup'...
Compiling '/home/jachin/parc_main/PARC2026-ENG-ARCX6/ros2_ws/src/install/parc_robot_bringup/lib/python3.12/site-packages/parc_robot_bringup/__init__.py'...
-- Installing: /home/jachin/parc_main/PARC2026-ENG-ARCX6/ros2_ws/src/install/parc_robot_bringup/lib/parc_robot_bringup/load_task_params.py
-- Installing: /home/jachin/parc_main/PARC2026-ENG-ARCX6/ros2_ws/src/install/parc_robot_bringup/share/ament_index/resource_index/package_run_dependencies/parc_robot_bringup
-- Installing: /home/jachin/parc_main/PARC2026-ENG-ARCX6/ros2_ws/src/install/parc_robot_bringup/share/ament_index/resource_index/parent_prefix_path/parc_robot_bringup
-- Installing: /home/jachin/parc_main/PARC2026-ENG-ARCX6/ros2_ws/src/install/parc_robot_bringup/share/parc_robot_bringup/environment/ament_prefix_path.sh
-- Installing: /home/jachin/parc_main/PARC2026-ENG-ARCX6/ros2_ws/src/install/parc_robot_bringup/share/parc_robot_bringup/environment/ament_prefix_path.dsv
-- Installing: /home/jachin/parc_main/PARC2026-ENG-ARCX6/ros2_ws/src/install/parc_robot_bringup/share/parc_robot_bringup/environment/path.sh
-- Installing: /home/jachin/parc_main/PARC2026-ENG-ARCX6/ros2_ws/src/install/parc_robot_bringup/share/parc_robot_bringup/environment/path.dsv
-- Installing: /home/jachin/parc_main/PARC2026-ENG-ARCX6/ros2_ws/src/install/parc_robot_bringup/share/parc_robot_bringup/local_setup.bash
-- Installing: /home/jachin/parc_main/PARC2026-ENG-ARCX6/ros2_ws/src/install/parc_robot_bringup/share/parc_robot_bringup/local_setup.sh
-- Installing: /home/jachin/parc_main/PARC2026-ENG-ARCX6/ros2_ws/src/install/parc_robot_bringup/share/parc_robot_bringup/local_setup.zsh
-- Installing: /home/jachin/parc_main/PARC2026-ENG-ARCX6/ros2_ws/src/install/parc_robot_bringup/share/parc_robot_bringup/local_setup.dsv
-- Installing: /home/jachin/parc_main/PARC2026-ENG-ARCX6/ros2_ws/src/install/parc_robot_bringup/share/parc_robot_bringup/package.dsv
-- Installing: /home/jachin/parc_main/PARC2026-ENG-ARCX6/ros2_ws/src/install/parc_robot_bringup/share/ament_index/resource_index/packages/parc_robot_bringup
-- Installing: /home/jachin/parc_main/PARC2026-ENG-ARCX6/ros2_ws/src/install/parc_robot_bringup/share/parc_robot_bringup/cmake/parc_robot_bringupConfig.cmake
-- Installing: /home/jachin/parc_main/PARC2026-ENG-ARCX6/ros2_ws/src/install/parc_robot_bringup/share/parc_robot_bringup/cmake/parc_robot_bringupConfig-version.cmake
-- Installing: /home/jachin/parc_main/PARC2026-ENG-ARCX6/ros2_ws/src/install/parc_robot_bringup/share/parc_robot_bringup/package.xml
