[0.015s] Invoking command in '/home/jachin/parc_main/PARC2026-ENG-ARCX6/ros2_ws/src/build/parc_robot_description': CMAKE_PREFIX_PATH=${CMAKE_PREFIX_PATH}:/home/jachin/ros_ws/install/test_publisher:/home/jachin/ros_ws/install/temperature_monitor:/opt/ros/jazzy /usr/bin/cmake /home/jachin/parc_main/PARC2026-ENG-ARCX6/ros2_ws/src/parc_robot_description -DCMAKE_INSTALL_PREFIX=/home/jachin/parc_main/PARC2026-ENG-ARCX6/ros2_ws/src/install/parc_robot_description
[0.191s] -- The C compiler identification is GNU 13.3.0
[0.333s] -- The CXX compiler identification is GNU 13.3.0
[0.353s] -- Detecting C compiler ABI info
[0.453s] -- Detecting C compiler ABI info - done
[0.460s] -- Check for working C compiler: /usr/bin/cc - skipped
[0.461s] -- Detecting C compile features
[0.461s] -- Detecting C compile features - done
[0.471s] -- Detecting CXX compiler ABI info
[0.586s] -- Detecting CXX compiler ABI info - done
[0.594s] -- Check for working CXX compiler: /usr/bin/c++ - skipped
[0.594s] -- Detecting CXX compile features
[0.594s] -- Detecting CXX compile features - done
[0.610s] -- Found ament_cmake: 2.5.6 (/opt/ros/jazzy/share/ament_cmake/cmake)
[0.772s] -- Found Python3: /usr/bin/python3 (found version "3.12.3") found components: Interpreter 
[0.924s] -- Found urdf: 2.10.0 (/opt/ros/jazzy/share/urdf/cmake)
[0.999s] -- Found TinyXML2 via Config file: /usr/lib/x86_64-linux-gnu/cmake/tinyxml2
[1.025s] -- Found xacro: 2.1.1 (/opt/ros/jazzy/share/xacro/cmake)
[1.101s] -- Configuring done (1.1s)
[1.105s] -- Generating done (0.0s)
[1.107s] -- Build files have been written to: /home/jachin/parc_main/PARC2026-ENG-ARCX6/ros2_ws/src/build/parc_robot_description
[1.119s] Invoked command in '/home/jachin/parc_main/PARC2026-ENG-ARCX6/ros2_ws/src/build/parc_robot_description' returned '0': CMAKE_PREFIX_PATH=${CMAKE_PREFIX_PATH}:/home/jachin/ros_ws/install/test_publisher:/home/jachin/ros_ws/install/temperature_monitor:/opt/ros/jazzy /usr/bin/cmake /home/jachin/parc_main/PARC2026-ENG-ARCX6/ros2_ws/src/parc_robot_description -DCMAKE_INSTALL_PREFIX=/home/jachin/parc_main/PARC2026-ENG-ARCX6/ros2_ws/src/install/parc_robot_description
[1.119s] Invoking command in '/home/jachin/parc_main/PARC2026-ENG-ARCX6/ros2_ws/src/build/parc_robot_description': CMAKE_PREFIX_PATH=${CMAKE_PREFIX_PATH}:/home/jachin/ros_ws/install/test_publisher:/home/jachin/ros_ws/install/temperature_monitor:/opt/ros/jazzy /usr/bin/cmake --build /home/jachin/parc_main/PARC2026-ENG-ARCX6/ros2_ws/src/build/parc_robot_description -- -j12 -l12
[1.167s] Invoked command in '/home/jachin/parc_main/PARC2026-ENG-ARCX6/ros2_ws/src/build/parc_robot_description' returned '0': CMAKE_PREFIX_PATH=${CMAKE_PREFIX_PATH}:/home/jachin/ros_ws/install/test_publisher:/home/jachin/ros_ws/install/temperature_monitor:/opt/ros/jazzy /usr/bin/cmake --build /home/jachin/parc_main/PARC2026-ENG-ARCX6/ros2_ws/src/build/parc_robot_description -- -j12 -l12
[1.168s] Invoking command in '/home/jachin/parc_main/PARC2026-ENG-ARCX6/ros2_ws/src/build/parc_robot_description': CMAKE_PREFIX_PATH=${CMAKE_PREFIX_PATH}:/home/jachin/ros_ws/install/test_publisher:/home/jachin/ros_ws/install/temperature_monitor:/opt/ros/jazzy /usr/bin/cmake --install /home/jachin/parc_main/PARC2026-ENG-ARCX6/ros2_ws/src/build/parc_robot_description
[1.179s] -- Install configuration: ""
[1.180s] -- Installing: /home/jachin/parc_main/PARC2026-ENG-ARCX6/ros2_ws/src/install/parc_robot_description/share/parc_robot_description/launch
[1.180s] -- Installing: /home/jachin/parc_main/PARC2026-ENG-ARCX6/ros2_ws/src/install/parc_robot_description/share/parc_robot_description/launch/description.launch.py
[1.180s] -- Installing: /home/jachin/parc_main/PARC2026-ENG-ARCX6/ros2_ws/src/install/parc_robot_description/share/parc_robot_description/launch/robot_state_publisher.launch.py
[1.180s] -- Installing: /home/jachin/parc_main/PARC2026-ENG-ARCX6/ros2_ws/src/install/parc_robot_description/share/parc_robot_description/meshes
[1.180s] -- Installing: /home/jachin/parc_main/PARC2026-ENG-ARCX6/ros2_ws/src/install/parc_robot_description/share/parc_robot_description/meshes/right_wheel.dae
[1.200s] -- Installing: /home/jachin/parc_main/PARC2026-ENG-ARCX6/ros2_ws/src/install/parc_robot_description/share/parc_robot_description/meshes/rplidarc1.dae
[1.201s] -- Installing: /home/jachin/parc_main/PARC2026-ENG-ARCX6/ros2_ws/src/install/parc_robot_description/share/parc_robot_description/meshes/sitoe_chassis_top.dae
[1.207s] -- Installing: /home/jachin/parc_main/PARC2026-ENG-ARCX6/ros2_ws/src/install/parc_robot_description/share/parc_robot_description/meshes/left_wheel.dae
[1.226s] -- Installing: /home/jachin/parc_main/PARC2026-ENG-ARCX6/ros2_ws/src/install/parc_robot_description/share/parc_robot_description/meshes/sitoe_chassis_bottom.dae
[1.229s] -- Installing: /home/jachin/parc_main/PARC2026-ENG-ARCX6/ros2_ws/src/install/parc_robot_description/share/parc_robot_description/meshes/realsense_d435_top.dae
[1.233s] -- Installing: /home/jachin/parc_main/PARC2026-ENG-ARCX6/ros2_ws/src/install/parc_robot_description/share/parc_robot_description/meshes/realsense_d435_bottom.dae
[1.236s] -- Installing: /home/jachin/parc_main/PARC2026-ENG-ARCX6/ros2_ws/src/install/parc_robot_description/share/parc_robot_description/meshes/caster_wheel.dae
[1.239s] -- Installing: /home/jachin/parc_main/PARC2026-ENG-ARCX6/ros2_ws/src/install/parc_robot_description/share/parc_robot_description/rviz
[1.239s] -- Installing: /home/jachin/parc_main/PARC2026-ENG-ARCX6/ros2_ws/src/install/parc_robot_description/share/parc_robot_description/rviz/description.rviz
[1.239s] -- Installing: /home/jachin/parc_main/PARC2026-ENG-ARCX6/ros2_ws/src/install/parc_robot_description/share/parc_robot_description/urdf
[1.240s] -- Installing: /home/jachin/parc_main/PARC2026-ENG-ARCX6/ros2_ws/src/install/parc_robot_description/share/parc_robot_description/urdf/rplidar_c1.xacro
[1.240s] -- Installing: /home/jachin/parc_main/PARC2026-ENG-ARCX6/ros2_ws/src/install/parc_robot_description/share/parc_robot_description/urdf/depth_cameras.xacro
[1.240s] -- Installing: /home/jachin/parc_main/PARC2026-ENG-ARCX6/ros2_ws/src/install/parc_robot_description/share/parc_robot_description/urdf/sitoe_robot.sdf
[1.240s] -- Installing: /home/jachin/parc_main/PARC2026-ENG-ARCX6/ros2_ws/src/install/parc_robot_description/share/parc_robot_description/urdf/inertial_macros.xacro
[1.240s] -- Installing: /home/jachin/parc_main/PARC2026-ENG-ARCX6/ros2_ws/src/install/parc_robot_description/share/parc_robot_description/urdf/d435.xacro
[1.240s] -- Installing: /home/jachin/parc_main/PARC2026-ENG-ARCX6/ros2_ws/src/install/parc_robot_description/share/parc_robot_description/urdf/sitoe_robot.urdf
[1.240s] -- Installing: /home/jachin/parc_main/PARC2026-ENG-ARCX6/ros2_ws/src/install/parc_robot_description/share/parc_robot_description/urdf/gz_control.xacro
[1.240s] -- Installing: /home/jachin/parc_main/PARC2026-ENG-ARCX6/ros2_ws/src/install/parc_robot_description/share/parc_robot_description/urdf/sitoe_core.xacro
[1.240s] -- Installing: /home/jachin/parc_main/PARC2026-ENG-ARCX6/ros2_ws/src/install/parc_robot_description/share/parc_robot_description/urdf/sitoe_robot.urdf.xacro
[1.240s] -- Installing: /home/jachin/parc_main/PARC2026-ENG-ARCX6/ros2_ws/src/install/parc_robot_description/share/parc_robot_description/urdf/imu.xacro
[1.241s] -- Installing: /home/jachin/parc_main/PARC2026-ENG-ARCX6/ros2_ws/src/install/parc_robot_description/share/ament_index/resource_index/package_run_dependencies/parc_robot_description
[1.241s] -- Installing: /home/jachin/parc_main/PARC2026-ENG-ARCX6/ros2_ws/src/install/parc_robot_description/share/ament_index/resource_index/parent_prefix_path/parc_robot_description
[1.241s] -- Installing: /home/jachin/parc_main/PARC2026-ENG-ARCX6/ros2_ws/src/install/parc_robot_description/share/parc_robot_description/environment/ament_prefix_path.sh
[1.241s] -- Installing: /home/jachin/parc_main/PARC2026-ENG-ARCX6/ros2_ws/src/install/parc_robot_description/share/parc_robot_description/environment/ament_prefix_path.dsv
[1.241s] -- Installing: /home/jachin/parc_main/PARC2026-ENG-ARCX6/ros2_ws/src/install/parc_robot_description/share/parc_robot_description/environment/path.sh
[1.242s] -- Installing: /home/jachin/parc_main/PARC2026-ENG-ARCX6/ros2_ws/src/install/parc_robot_description/share/parc_robot_description/environment/path.dsv
[1.242s] -- Installing: /home/jachin/parc_main/PARC2026-ENG-ARCX6/ros2_ws/src/install/parc_robot_description/share/parc_robot_description/local_setup.bash
[1.242s] -- Installing: /home/jachin/parc_main/PARC2026-ENG-ARCX6/ros2_ws/src/install/parc_robot_description/share/parc_robot_description/local_setup.sh
[1.242s] -- Installing: /home/jachin/parc_main/PARC2026-ENG-ARCX6/ros2_ws/src/install/parc_robot_description/share/parc_robot_description/local_setup.zsh
[1.242s] -- Installing: /home/jachin/parc_main/PARC2026-ENG-ARCX6/ros2_ws/src/install/parc_robot_description/share/parc_robot_description/local_setup.dsv
[1.242s] -- Installing: /home/jachin/parc_main/PARC2026-ENG-ARCX6/ros2_ws/src/install/parc_robot_description/share/parc_robot_description/package.dsv
[1.242s] -- Installing: /home/jachin/parc_main/PARC2026-ENG-ARCX6/ros2_ws/src/install/parc_robot_description/share/ament_index/resource_index/packages/parc_robot_description
[1.243s] -- Installing: /home/jachin/parc_main/PARC2026-ENG-ARCX6/ros2_ws/src/install/parc_robot_description/share/parc_robot_description/cmake/parc_robot_descriptionConfig.cmake
[1.243s] -- Installing: /home/jachin/parc_main/PARC2026-ENG-ARCX6/ros2_ws/src/install/parc_robot_description/share/parc_robot_description/cmake/parc_robot_descriptionConfig-version.cmake
[1.243s] -- Installing: /home/jachin/parc_main/PARC2026-ENG-ARCX6/ros2_ws/src/install/parc_robot_description/share/parc_robot_description/package.xml
[1.245s] Invoked command in '/home/jachin/parc_main/PARC2026-ENG-ARCX6/ros2_ws/src/build/parc_robot_description' returned '0': CMAKE_PREFIX_PATH=${CMAKE_PREFIX_PATH}:/home/jachin/ros_ws/install/test_publisher:/home/jachin/ros_ws/install/temperature_monitor:/opt/ros/jazzy /usr/bin/cmake --install /home/jachin/parc_main/PARC2026-ENG-ARCX6/ros2_ws/src/build/parc_robot_description
