[0.012s] Invoking command in '/home/jachin/parc_main/PARC2026-ENG-ARCX6/build/parc_robot_bringup': AMENT_PREFIX_PATH=/home/jachin/parc_main/PARC2026-ENG-ARCX6/install/parc_robot_description:${AMENT_PREFIX_PATH} CMAKE_PREFIX_PATH=/home/jachin/parc_main/PARC2026-ENG-ARCX6/install/parc_robot_description:/home/jachin/ros2_ws/install/parc_robot_bringup:/home/jachin/ros2_ws/install/parc_robot_description:/home/jachin/ros2_ws/install/parc_robot:/opt/ros/jazzy/opt/gz_sim_vendor:/opt/ros/jazzy/opt/gz_sensors_vendor:/opt/ros/jazzy/opt/gz_physics_vendor:/opt/ros/jazzy/opt/sdformat_vendor:/opt/ros/jazzy/opt/gz_gui_vendor:/opt/ros/jazzy/opt/gz_transport_vendor:/opt/ros/jazzy/opt/gz_rendering_vendor:/opt/ros/jazzy/opt/gz_plugin_vendor:/opt/ros/jazzy/opt/gz_fuel_tools_vendor:/opt/ros/jazzy/opt/gz_msgs_vendor:/opt/ros/jazzy/opt/gz_common_vendor:/opt/ros/jazzy/opt/gz_math_vendor:/opt/ros/jazzy/opt/gz_utils_vendor:/opt/ros/jazzy/opt/gz_tools_vendor:/opt/ros/jazzy/opt/gz_ogre_next_vendor:/opt/ros/jazzy/opt/gz_dartsim_vendor:/opt/ros/jazzy/opt/gz_cmake_vendor:/opt/ros/jazzy /usr/bin/cmake /home/jachin/parc_main/PARC2026-ENG-ARCX6/ros2_ws/src/parc_robot_bringup -DCMAKE_INSTALL_PREFIX=/home/jachin/parc_main/PARC2026-ENG-ARCX6/install/parc_robot_bringup
[0.100s] -- The C compiler identification is GNU 13.3.0
[0.184s] -- The CXX compiler identification is GNU 13.3.0
[0.208s] -- Detecting C compiler ABI info
[0.355s] -- Detecting C compiler ABI info - done
[0.367s] -- Check for working C compiler: /usr/bin/cc - skipped
[0.367s] -- Detecting C compile features
[0.367s] -- Detecting C compile features - done
[0.380s] -- Detecting CXX compiler ABI info
[0.540s] -- Detecting CXX compiler ABI info - done
[0.553s] -- Check for working CXX compiler: /usr/bin/c++ - skipped
[0.553s] -- Detecting CXX compile features
[0.553s] -- Detecting CXX compile features - done
[0.561s] -- Found ament_cmake: 2.5.6 (/opt/ros/jazzy/share/ament_cmake/cmake)
[0.789s] -- Found Python3: /usr/bin/python3 (found version "3.12.3") found components: Interpreter 
[0.971s] -- Found rclpy: 7.1.11 (/opt/ros/jazzy/share/rclpy/cmake)
[0.976s] -- Found urdf: 2.10.0 (/opt/ros/jazzy/share/urdf/cmake)
[1.054s] -- Found TinyXML2 via Config file: /usr/lib/x86_64-linux-gnu/cmake/tinyxml2
[1.352s] -- Configuring done (1.3s)
[1.358s] -- Generating done (0.0s)
[1.361s] -- Build files have been written to: /home/jachin/parc_main/PARC2026-ENG-ARCX6/build/parc_robot_bringup
[1.376s] Invoked command in '/home/jachin/parc_main/PARC2026-ENG-ARCX6/build/parc_robot_bringup' returned '0': AMENT_PREFIX_PATH=/home/jachin/parc_main/PARC2026-ENG-ARCX6/install/parc_robot_description:${AMENT_PREFIX_PATH} CMAKE_PREFIX_PATH=/home/jachin/parc_main/PARC2026-ENG-ARCX6/install/parc_robot_description:/home/jachin/ros2_ws/install/parc_robot_bringup:/home/jachin/ros2_ws/install/parc_robot_description:/home/jachin/ros2_ws/install/parc_robot:/opt/ros/jazzy/opt/gz_sim_vendor:/opt/ros/jazzy/opt/gz_sensors_vendor:/opt/ros/jazzy/opt/gz_physics_vendor:/opt/ros/jazzy/opt/sdformat_vendor:/opt/ros/jazzy/opt/gz_gui_vendor:/opt/ros/jazzy/opt/gz_transport_vendor:/opt/ros/jazzy/opt/gz_rendering_vendor:/opt/ros/jazzy/opt/gz_plugin_vendor:/opt/ros/jazzy/opt/gz_fuel_tools_vendor:/opt/ros/jazzy/opt/gz_msgs_vendor:/opt/ros/jazzy/opt/gz_common_vendor:/opt/ros/jazzy/opt/gz_math_vendor:/opt/ros/jazzy/opt/gz_utils_vendor:/opt/ros/jazzy/opt/gz_tools_vendor:/opt/ros/jazzy/opt/gz_ogre_next_vendor:/opt/ros/jazzy/opt/gz_dartsim_vendor:/opt/ros/jazzy/opt/gz_cmake_vendor:/opt/ros/jazzy /usr/bin/cmake /home/jachin/parc_main/PARC2026-ENG-ARCX6/ros2_ws/src/parc_robot_bringup -DCMAKE_INSTALL_PREFIX=/home/jachin/parc_main/PARC2026-ENG-ARCX6/install/parc_robot_bringup
[1.377s] Invoking command in '/home/jachin/parc_main/PARC2026-ENG-ARCX6/build/parc_robot_bringup': AMENT_PREFIX_PATH=/home/jachin/parc_main/PARC2026-ENG-ARCX6/install/parc_robot_description:${AMENT_PREFIX_PATH} CMAKE_PREFIX_PATH=/home/jachin/parc_main/PARC2026-ENG-ARCX6/install/parc_robot_description:/home/jachin/ros2_ws/install/parc_robot_bringup:/home/jachin/ros2_ws/install/parc_robot_description:/home/jachin/ros2_ws/install/parc_robot:/opt/ros/jazzy/opt/gz_sim_vendor:/opt/ros/jazzy/opt/gz_sensors_vendor:/opt/ros/jazzy/opt/gz_physics_vendor:/opt/ros/jazzy/opt/sdformat_vendor:/opt/ros/jazzy/opt/gz_gui_vendor:/opt/ros/jazzy/opt/gz_transport_vendor:/opt/ros/jazzy/opt/gz_rendering_vendor:/opt/ros/jazzy/opt/gz_plugin_vendor:/opt/ros/jazzy/opt/gz_fuel_tools_vendor:/opt/ros/jazzy/opt/gz_msgs_vendor:/opt/ros/jazzy/opt/gz_common_vendor:/opt/ros/jazzy/opt/gz_math_vendor:/opt/ros/jazzy/opt/gz_utils_vendor:/opt/ros/jazzy/opt/gz_tools_vendor:/opt/ros/jazzy/opt/gz_ogre_next_vendor:/opt/ros/jazzy/opt/gz_dartsim_vendor:/opt/ros/jazzy/opt/gz_cmake_vendor:/opt/ros/jazzy /usr/bin/cmake --build /home/jachin/parc_main/PARC2026-ENG-ARCX6/build/parc_robot_bringup -- -j12 -l12
[1.473s] Built target ament_cmake_python_copy_parc_robot_bringup
[1.787s] running egg_info
[1.788s] creating parc_robot_bringup.egg-info
[1.820s] writing parc_robot_bringup.egg-info/PKG-INFO
[1.820s] writing dependency_links to parc_robot_bringup.egg-info/dependency_links.txt
[1.820s] writing top-level names to parc_robot_bringup.egg-info/top_level.txt
[1.820s] writing manifest file 'parc_robot_bringup.egg-info/SOURCES.txt'
[1.919s] reading manifest file 'parc_robot_bringup.egg-info/SOURCES.txt'
[1.920s] writing manifest file 'parc_robot_bringup.egg-info/SOURCES.txt'
[1.973s] Built target ament_cmake_python_build_parc_robot_bringup_egg
[1.995s] Invoked command in '/home/jachin/parc_main/PARC2026-ENG-ARCX6/build/parc_robot_bringup' returned '0': AMENT_PREFIX_PATH=/home/jachin/parc_main/PARC2026-ENG-ARCX6/install/parc_robot_description:${AMENT_PREFIX_PATH} CMAKE_PREFIX_PATH=/home/jachin/parc_main/PARC2026-ENG-ARCX6/install/parc_robot_description:/home/jachin/ros2_ws/install/parc_robot_bringup:/home/jachin/ros2_ws/install/parc_robot_description:/home/jachin/ros2_ws/install/parc_robot:/opt/ros/jazzy/opt/gz_sim_vendor:/opt/ros/jazzy/opt/gz_sensors_vendor:/opt/ros/jazzy/opt/gz_physics_vendor:/opt/ros/jazzy/opt/sdformat_vendor:/opt/ros/jazzy/opt/gz_gui_vendor:/opt/ros/jazzy/opt/gz_transport_vendor:/opt/ros/jazzy/opt/gz_rendering_vendor:/opt/ros/jazzy/opt/gz_plugin_vendor:/opt/ros/jazzy/opt/gz_fuel_tools_vendor:/opt/ros/jazzy/opt/gz_msgs_vendor:/opt/ros/jazzy/opt/gz_common_vendor:/opt/ros/jazzy/opt/gz_math_vendor:/opt/ros/jazzy/opt/gz_utils_vendor:/opt/ros/jazzy/opt/gz_tools_vendor:/opt/ros/jazzy/opt/gz_ogre_next_vendor:/opt/ros/jazzy/opt/gz_dartsim_vendor:/opt/ros/jazzy/opt/gz_cmake_vendor:/opt/ros/jazzy /usr/bin/cmake --build /home/jachin/parc_main/PARC2026-ENG-ARCX6/build/parc_robot_bringup -- -j12 -l12
[1.997s] Invoking command in '/home/jachin/parc_main/PARC2026-ENG-ARCX6/build/parc_robot_bringup': AMENT_PREFIX_PATH=/home/jachin/parc_main/PARC2026-ENG-ARCX6/install/parc_robot_description:${AMENT_PREFIX_PATH} CMAKE_PREFIX_PATH=/home/jachin/parc_main/PARC2026-ENG-ARCX6/install/parc_robot_description:/home/jachin/ros2_ws/install/parc_robot_bringup:/home/jachin/ros2_ws/install/parc_robot_description:/home/jachin/ros2_ws/install/parc_robot:/opt/ros/jazzy/opt/gz_sim_vendor:/opt/ros/jazzy/opt/gz_sensors_vendor:/opt/ros/jazzy/opt/gz_physics_vendor:/opt/ros/jazzy/opt/sdformat_vendor:/opt/ros/jazzy/opt/gz_gui_vendor:/opt/ros/jazzy/opt/gz_transport_vendor:/opt/ros/jazzy/opt/gz_rendering_vendor:/opt/ros/jazzy/opt/gz_plugin_vendor:/opt/ros/jazzy/opt/gz_fuel_tools_vendor:/opt/ros/jazzy/opt/gz_msgs_vendor:/opt/ros/jazzy/opt/gz_common_vendor:/opt/ros/jazzy/opt/gz_math_vendor:/opt/ros/jazzy/opt/gz_utils_vendor:/opt/ros/jazzy/opt/gz_tools_vendor:/opt/ros/jazzy/opt/gz_ogre_next_vendor:/opt/ros/jazzy/opt/gz_dartsim_vendor:/opt/ros/jazzy/opt/gz_cmake_vendor:/opt/ros/jazzy /usr/bin/cmake --install /home/jachin/parc_main/PARC2026-ENG-ARCX6/build/parc_robot_bringup
[2.012s] -- Install configuration: ""
[2.012s] -- Installing: /home/jachin/parc_main/PARC2026-ENG-ARCX6/install/parc_robot_bringup/share/parc_robot_bringup/config
[2.012s] -- Installing: /home/jachin/parc_main/PARC2026-ENG-ARCX6/install/parc_robot_bringup/share/parc_robot_bringup/config/task_params.yaml
[2.012s] -- Installing: /home/jachin/parc_main/PARC2026-ENG-ARCX6/install/parc_robot_bringup/share/parc_robot_bringup/config/gz_bridge.yaml
[2.013s] -- Installing: /home/jachin/parc_main/PARC2026-ENG-ARCX6/install/parc_robot_bringup/share/parc_robot_bringup/launch
[2.013s] -- Installing: /home/jachin/parc_main/PARC2026-ENG-ARCX6/install/parc_robot_bringup/share/parc_robot_bringup/launch/task.launch.py
[2.013s] -- Installing: /home/jachin/parc_main/PARC2026-ENG-ARCX6/install/parc_robot_bringup/share/parc_robot_bringup/models
[2.013s] -- Installing: /home/jachin/parc_main/PARC2026-ENG-ARCX6/install/parc_robot_bringup/share/parc_robot_bringup/models/VendingMachine
[2.013s] -- Installing: /home/jachin/parc_main/PARC2026-ENG-ARCX6/install/parc_robot_bringup/share/parc_robot_bringup/models/VendingMachine/model.sdf
[2.013s] -- Installing: /home/jachin/parc_main/PARC2026-ENG-ARCX6/install/parc_robot_bringup/share/parc_robot_bringup/models/VendingMachine/thumbnails
[2.013s] -- Installing: /home/jachin/parc_main/PARC2026-ENG-ARCX6/install/parc_robot_bringup/share/parc_robot_bringup/models/VendingMachine/thumbnails/2.png
[2.013s] -- Installing: /home/jachin/parc_main/PARC2026-ENG-ARCX6/install/parc_robot_bringup/share/parc_robot_bringup/models/VendingMachine/thumbnails/1.png
[2.014s] -- Installing: /home/jachin/parc_main/PARC2026-ENG-ARCX6/install/parc_robot_bringup/share/parc_robot_bringup/models/VendingMachine/thumbnails/3.png
[2.014s] -- Installing: /home/jachin/parc_main/PARC2026-ENG-ARCX6/install/parc_robot_bringup/share/parc_robot_bringup/models/VendingMachine/thumbnails/5.png
[2.014s] -- Installing: /home/jachin/parc_main/PARC2026-ENG-ARCX6/install/parc_robot_bringup/share/parc_robot_bringup/models/VendingMachine/thumbnails/4.png
[2.014s] -- Installing: /home/jachin/parc_main/PARC2026-ENG-ARCX6/install/parc_robot_bringup/share/parc_robot_bringup/models/VendingMachine/meshes
[2.015s] -- Installing: /home/jachin/parc_main/PARC2026-ENG-ARCX6/install/parc_robot_bringup/share/parc_robot_bringup/models/VendingMachine/meshes/VendingMachine.obj
[2.016s] -- Installing: /home/jachin/parc_main/PARC2026-ENG-ARCX6/install/parc_robot_bringup/share/parc_robot_bringup/models/VendingMachine/meshes/VendingMachine.mtl
[2.017s] -- Installing: /home/jachin/parc_main/PARC2026-ENG-ARCX6/install/parc_robot_bringup/share/parc_robot_bringup/models/VendingMachine/meshes/VendingMachine_Diffuse.png
[2.017s] -- Installing: /home/jachin/parc_main/PARC2026-ENG-ARCX6/install/parc_robot_bringup/share/parc_robot_bringup/models/VendingMachine/model.config
[2.017s] -- Installing: /home/jachin/parc_main/PARC2026-ENG-ARCX6/install/parc_robot_bringup/share/parc_robot_bringup/models/goal_location
[2.017s] -- Installing: /home/jachin/parc_main/PARC2026-ENG-ARCX6/install/parc_robot_bringup/share/parc_robot_bringup/models/goal_location/model.sdf
[2.018s] -- Installing: /home/jachin/parc_main/PARC2026-ENG-ARCX6/install/parc_robot_bringup/share/parc_robot_bringup/models/goal_location/model.config
[2.018s] -- Installing: /home/jachin/parc_main/PARC2026-ENG-ARCX6/install/parc_robot_bringup/share/parc_robot_bringup/models/breakfast_menu
[2.018s] -- Installing: /home/jachin/parc_main/PARC2026-ENG-ARCX6/install/parc_robot_bringup/share/parc_robot_bringup/models/breakfast_menu/model.sdf
[2.018s] -- Installing: /home/jachin/parc_main/PARC2026-ENG-ARCX6/install/parc_robot_bringup/share/parc_robot_bringup/models/breakfast_menu/thumbnails
[2.018s] -- Installing: /home/jachin/parc_main/PARC2026-ENG-ARCX6/install/parc_robot_bringup/share/parc_robot_bringup/models/breakfast_menu/thumbnails/3.jpg
[2.018s] -- Installing: /home/jachin/parc_main/PARC2026-ENG-ARCX6/install/parc_robot_bringup/share/parc_robot_bringup/models/breakfast_menu/thumbnails/1.jpg
[2.018s] -- Installing: /home/jachin/parc_main/PARC2026-ENG-ARCX6/install/parc_robot_bringup/share/parc_robot_bringup/models/breakfast_menu/thumbnails/0.jpg
[2.019s] -- Installing: /home/jachin/parc_main/PARC2026-ENG-ARCX6/install/parc_robot_bringup/share/parc_robot_bringup/models/breakfast_menu/thumbnails/2.jpg
[2.019s] -- Installing: /home/jachin/parc_main/PARC2026-ENG-ARCX6/install/parc_robot_bringup/share/parc_robot_bringup/models/breakfast_menu/thumbnails/4.jpg
[2.019s] -- Installing: /home/jachin/parc_main/PARC2026-ENG-ARCX6/install/parc_robot_bringup/share/parc_robot_bringup/models/breakfast_menu/meshes
[2.019s] -- Installing: /home/jachin/parc_main/PARC2026-ENG-ARCX6/install/parc_robot_bringup/share/parc_robot_bringup/models/breakfast_menu/meshes/model.obj
[2.020s] -- Installing: /home/jachin/parc_main/PARC2026-ENG-ARCX6/install/parc_robot_bringup/share/parc_robot_bringup/models/breakfast_menu/meshes/model.mtl
[2.020s] -- Installing: /home/jachin/parc_main/PARC2026-ENG-ARCX6/install/parc_robot_bringup/share/parc_robot_bringup/models/breakfast_menu/materials
[2.021s] -- Installing: /home/jachin/parc_main/PARC2026-ENG-ARCX6/install/parc_robot_bringup/share/parc_robot_bringup/models/breakfast_menu/materials/textures
[2.021s] -- Installing: /home/jachin/parc_main/PARC2026-ENG-ARCX6/install/parc_robot_bringup/share/parc_robot_bringup/models/breakfast_menu/materials/textures/breakfast_menu_diffuse.png
[2.035s] -- Installing: /home/jachin/parc_main/PARC2026-ENG-ARCX6/install/parc_robot_bringup/share/parc_robot_bringup/models/breakfast_menu/model.config
[2.036s] -- Installing: /home/jachin/parc_main/PARC2026-ENG-ARCX6/install/parc_robot_bringup/share/parc_robot_bringup/models/WoodenChair
[2.036s] -- Installing: /home/jachin/parc_main/PARC2026-ENG-ARCX6/install/parc_robot_bringup/share/parc_robot_bringup/models/WoodenChair/model.sdf
[2.036s] -- Installing: /home/jachin/parc_main/PARC2026-ENG-ARCX6/install/parc_robot_bringup/share/parc_robot_bringup/models/WoodenChair/thumbnails
[2.036s] -- Installing: /home/jachin/parc_main/PARC2026-ENG-ARCX6/install/parc_robot_bringup/share/parc_robot_bringup/models/WoodenChair/thumbnails/2.png
[2.036s] -- Installing: /home/jachin/parc_main/PARC2026-ENG-ARCX6/install/parc_robot_bringup/share/parc_robot_bringup/models/WoodenChair/thumbnails/1.png
[2.036s] -- Installing: /home/jachin/parc_main/PARC2026-ENG-ARCX6/install/parc_robot_bringup/share/parc_robot_bringup/models/WoodenChair/thumbnails/3.png
[2.036s] -- Installing: /home/jachin/parc_main/PARC2026-ENG-ARCX6/install/parc_robot_bringup/share/parc_robot_bringup/models/WoodenChair/thumbnails/5.png
[2.036s] -- Installing: /home/jachin/parc_main/PARC2026-ENG-ARCX6/install/parc_robot_bringup/share/parc_robot_bringup/models/WoodenChair/thumbnails/4.png
[2.037s] -- Installing: /home/jachin/parc_main/PARC2026-ENG-ARCX6/install/parc_robot_bringup/share/parc_robot_bringup/models/WoodenChair/meshes
[2.037s] -- Installing: /home/jachin/parc_main/PARC2026-ENG-ARCX6/install/parc_robot_bringup/share/parc_robot_bringup/models/WoodenChair/meshes/WoodenChair_Diffuse.png
[2.037s] -- Installing: /home/jachin/parc_main/PARC2026-ENG-ARCX6/install/parc_robot_bringup/share/parc_robot_bringup/models/WoodenChair/meshes/WoodenChair_Col.obj
[2.037s] -- Installing: /home/jachin/parc_main/PARC2026-ENG-ARCX6/install/parc_robot_bringup/share/parc_robot_bringup/models/WoodenChair/meshes/WoodenChair.obj
[2.037s] -- Installing: /home/jachin/parc_main/PARC2026-ENG-ARCX6/install/parc_robot_bringup/share/parc_robot_bringup/models/WoodenChair/meshes/WoodenChair_Col.mtl
[2.038s] -- Installing: /home/jachin/parc_main/PARC2026-ENG-ARCX6/install/parc_robot_bringup/share/parc_robot_bringup/models/WoodenChair/meshes/WoodenChair.mtl
[2.038s] -- Installing: /home/jachin/parc_main/PARC2026-ENG-ARCX6/install/parc_robot_bringup/share/parc_robot_bringup/models/WoodenChair/meshes/WoodenChair_Rough.png
[2.038s] -- Installing: /home/jachin/parc_main/PARC2026-ENG-ARCX6/install/parc_robot_bringup/share/parc_robot_bringup/models/WoodenChair/model.config
[2.038s] -- Installing: /home/jachin/parc_main/PARC2026-ENG-ARCX6/install/parc_robot_bringup/share/parc_robot_bringup/models/cafe_table
[2.038s] -- Installing: /home/jachin/parc_main/PARC2026-ENG-ARCX6/install/parc_robot_bringup/share/parc_robot_bringup/models/cafe_table/model.sdf
[2.039s] -- Installing: /home/jachin/parc_main/PARC2026-ENG-ARCX6/install/parc_robot_bringup/share/parc_robot_bringup/models/cafe_table/model-1_4.sdf
[2.039s] -- Installing: /home/jachin/parc_main/PARC2026-ENG-ARCX6/install/parc_robot_bringup/share/parc_robot_bringup/models/cafe_table/thumbnails
[2.039s] -- Installing: /home/jachin/parc_main/PARC2026-ENG-ARCX6/install/parc_robot_bringup/share/parc_robot_bringup/models/cafe_table/thumbnails/2.png
[2.039s] -- Installing: /home/jachin/parc_main/PARC2026-ENG-ARCX6/install/parc_robot_bringup/share/parc_robot_bringup/models/cafe_table/thumbnails/1.png
[2.039s] -- Installing: /home/jachin/parc_main/PARC2026-ENG-ARCX6/install/parc_robot_bringup/share/parc_robot_bringup/models/cafe_table/thumbnails/3.png
[2.040s] -- Installing: /home/jachin/parc_main/PARC2026-ENG-ARCX6/install/parc_robot_bringup/share/parc_robot_bringup/models/cafe_table/thumbnails/5.png
[2.040s] -- Installing: /home/jachin/parc_main/PARC2026-ENG-ARCX6/install/parc_robot_bringup/share/parc_robot_bringup/models/cafe_table/thumbnails/4.png
[2.040s] -- Installing: /home/jachin/parc_main/PARC2026-ENG-ARCX6/install/parc_robot_bringup/share/parc_robot_bringup/models/cafe_table/meshes
[2.040s] -- Installing: /home/jachin/parc_main/PARC2026-ENG-ARCX6/install/parc_robot_bringup/share/parc_robot_bringup/models/cafe_table/meshes/cafe_table.dae
[2.041s] -- Installing: /home/jachin/parc_main/PARC2026-ENG-ARCX6/install/parc_robot_bringup/share/parc_robot_bringup/models/cafe_table/materials
[2.041s] -- Installing: /home/jachin/parc_main/PARC2026-ENG-ARCX6/install/parc_robot_bringup/share/parc_robot_bringup/models/cafe_table/materials/textures
[2.041s] -- Installing: /home/jachin/parc_main/PARC2026-ENG-ARCX6/install/parc_robot_bringup/share/parc_robot_bringup/models/cafe_table/materials/textures/Wood_Floor_Dark.jpg
[2.041s] -- Installing: /home/jachin/parc_main/PARC2026-ENG-ARCX6/install/parc_robot_bringup/share/parc_robot_bringup/models/cafe_table/materials/textures/Maple.jpg
[2.041s] -- Installing: /home/jachin/parc_main/PARC2026-ENG-ARCX6/install/parc_robot_bringup/share/parc_robot_bringup/models/cafe_table/model.config
[2.041s] -- Installing: /home/jachin/parc_main/PARC2026-ENG-ARCX6/install/parc_robot_bringup/share/parc_robot_bringup/models/cafe
[2.041s] -- Installing: /home/jachin/parc_main/PARC2026-ENG-ARCX6/install/parc_robot_bringup/share/parc_robot_bringup/models/cafe/model.sdf
[2.041s] -- Installing: /home/jachin/parc_main/PARC2026-ENG-ARCX6/install/parc_robot_bringup/share/parc_robot_bringup/models/cafe/thumbnails
[2.042s] -- Installing: /home/jachin/parc_main/PARC2026-ENG-ARCX6/install/parc_robot_bringup/share/parc_robot_bringup/models/cafe/thumbnails/2.png
[2.042s] -- Installing: /home/jachin/parc_main/PARC2026-ENG-ARCX6/install/parc_robot_bringup/share/parc_robot_bringup/models/cafe/thumbnails/1.png
[2.042s] -- Installing: /home/jachin/parc_main/PARC2026-ENG-ARCX6/install/parc_robot_bringup/share/parc_robot_bringup/models/cafe/thumbnails/3.png
[2.043s] -- Installing: /home/jachin/parc_main/PARC2026-ENG-ARCX6/install/parc_robot_bringup/share/parc_robot_bringup/models/cafe/thumbnails/5.png
[2.043s] -- Installing: /home/jachin/parc_main/PARC2026-ENG-ARCX6/install/parc_robot_bringup/share/parc_robot_bringup/models/cafe/thumbnails/4.png
[2.043s] -- Installing: /home/jachin/parc_main/PARC2026-ENG-ARCX6/install/parc_robot_bringup/share/parc_robot_bringup/models/cafe/meshes
[2.043s] -- Installing: /home/jachin/parc_main/PARC2026-ENG-ARCX6/install/parc_robot_bringup/share/parc_robot_bringup/models/cafe/meshes/cafe.dae
[2.045s] -- Installing: /home/jachin/parc_main/PARC2026-ENG-ARCX6/install/parc_robot_bringup/share/parc_robot_bringup/models/cafe/materials
[2.045s] -- Installing: /home/jachin/parc_main/PARC2026-ENG-ARCX6/install/parc_robot_bringup/share/parc_robot_bringup/models/cafe/materials/textures
[2.045s] -- Installing: /home/jachin/parc_main/PARC2026-ENG-ARCX6/install/parc_robot_bringup/share/parc_robot_bringup/models/cafe/materials/textures/__auto_23.jpg
[2.046s] -- Installing: /home/jachin/parc_main/PARC2026-ENG-ARCX6/install/parc_robot_bringup/share/parc_robot_bringup/models/cafe/materials/textures/__auto_37.jpg
[2.046s] -- Installing: /home/jachin/parc_main/PARC2026-ENG-ARCX6/install/parc_robot_bringup/share/parc_robot_bringup/models/cafe/materials/textures/__auto_26.jpg
[2.046s] -- Installing: /home/jachin/parc_main/PARC2026-ENG-ARCX6/install/parc_robot_bringup/share/parc_robot_bringup/models/cafe/materials/textures/__auto_35.jpg
[2.046s] -- Installing: /home/jachin/parc_main/PARC2026-ENG-ARCX6/install/parc_robot_bringup/share/parc_robot_bringup/models/cafe/materials/textures/__auto_2.jpg
[2.046s] -- Installing: /home/jachin/parc_main/PARC2026-ENG-ARCX6/install/parc_robot_bringup/share/parc_robot_bringup/models/cafe/materials/textures/__auto_10.jpg
[2.046s] -- Installing: /home/jachin/parc_main/PARC2026-ENG-ARCX6/install/parc_robot_bringup/share/parc_robot_bringup/models/cafe/materials/textures/__auto_28.jpg
[2.046s] -- Installing: /home/jachin/parc_main/PARC2026-ENG-ARCX6/install/parc_robot_bringup/share/parc_robot_bringup/models/cafe/materials/textures/__auto_21.jpg
[2.047s] -- Installing: /home/jachin/parc_main/PARC2026-ENG-ARCX6/install/parc_robot_bringup/share/parc_robot_bringup/models/cafe/materials/textures/__auto_25.jpg
[2.047s] -- Installing: /home/jachin/parc_main/PARC2026-ENG-ARCX6/install/parc_robot_bringup/share/parc_robot_bringup/models/cafe/materials/textures/__auto_24.jpg
[2.047s] -- Installing: /home/jachin/parc_main/PARC2026-ENG-ARCX6/install/parc_robot_bringup/share/parc_robot_bringup/models/cafe/materials/textures/__auto_29.jpg
[2.047s] -- Installing: /home/jachin/parc_main/PARC2026-ENG-ARCX6/install/parc_robot_bringup/share/parc_robot_bringup/models/cafe/materials/textures/__auto_31.jpg
[2.047s] -- Installing: /home/jachin/parc_main/PARC2026-ENG-ARCX6/install/parc_robot_bringup/share/parc_robot_bringup/models/cafe/materials/textures/__auto_34.jpg
[2.047s] -- Installing: /home/jachin/parc_main/PARC2026-ENG-ARCX6/install/parc_robot_bringup/share/parc_robot_bringup/models/cafe/materials/textures/__auto_30.jpg
[2.048s] -- Installing: /home/jachin/parc_main/PARC2026-ENG-ARCX6/install/parc_robot_bringup/share/parc_robot_bringup/models/cafe/materials/textures/__auto_22.jpg
[2.048s] -- Installing: /home/jachin/parc_main/PARC2026-ENG-ARCX6/install/parc_robot_bringup/share/parc_robot_bringup/models/cafe/model.config
[2.048s] -- Installing: /home/jachin/parc_main/PARC2026-ENG-ARCX6/install/parc_robot_bringup/share/parc_robot_bringup/models/FemaleVisitor
[2.048s] -- Installing: /home/jachin/parc_main/PARC2026-ENG-ARCX6/install/parc_robot_bringup/share/parc_robot_bringup/models/FemaleVisitor/model.sdf
[2.048s] -- Installing: /home/jachin/parc_main/PARC2026-ENG-ARCX6/install/parc_robot_bringup/share/parc_robot_bringup/models/FemaleVisitor/thumbnails
[2.048s] -- Installing: /home/jachin/parc_main/PARC2026-ENG-ARCX6/install/parc_robot_bringup/share/parc_robot_bringup/models/FemaleVisitor/thumbnails/2.png
[2.048s] -- Installing: /home/jachin/parc_main/PARC2026-ENG-ARCX6/install/parc_robot_bringup/share/parc_robot_bringup/models/FemaleVisitor/thumbnails/1.png
[2.049s] -- Installing: /home/jachin/parc_main/PARC2026-ENG-ARCX6/install/parc_robot_bringup/share/parc_robot_bringup/models/FemaleVisitor/thumbnails/3.png
[2.049s] -- Installing: /home/jachin/parc_main/PARC2026-ENG-ARCX6/install/parc_robot_bringup/share/parc_robot_bringup/models/FemaleVisitor/thumbnails/5.png
[2.049s] -- Installing: /home/jachin/parc_main/PARC2026-ENG-ARCX6/install/parc_robot_bringup/share/parc_robot_bringup/models/FemaleVisitor/thumbnails/4.png
[2.049s] -- Installing: /home/jachin/parc_main/PARC2026-ENG-ARCX6/install/parc_robot_bringup/share/parc_robot_bringup/models/FemaleVisitor/meshes
[2.049s] -- Installing: /home/jachin/parc_main/PARC2026-ENG-ARCX6/install/parc_robot_bringup/share/parc_robot_bringup/models/FemaleVisitor/meshes/FemaleVisitor.obj
[2.050s] -- Installing: /home/jachin/parc_main/PARC2026-ENG-ARCX6/install/parc_robot_bringup/share/parc_robot_bringup/models/FemaleVisitor/meshes/FemaleVisitor_Col.obj
[2.050s] -- Installing: /home/jachin/parc_main/PARC2026-ENG-ARCX6/install/parc_robot_bringup/share/parc_robot_bringup/models/FemaleVisitor/meshes/FemaleVisitor.mtl
[2.050s] -- Installing: /home/jachin/parc_main/PARC2026-ENG-ARCX6/install/parc_robot_bringup/share/parc_robot_bringup/models/FemaleVisitor/meshes/FemaleVisitor.png
[2.051s] -- Installing: /home/jachin/parc_main/PARC2026-ENG-ARCX6/install/parc_robot_bringup/share/parc_robot_bringup/models/FemaleVisitor/meshes/FemaleVisitor_Col.mtl
[2.051s] -- Installing: /home/jachin/parc_main/PARC2026-ENG-ARCX6/install/parc_robot_bringup/share/parc_robot_bringup/models/FemaleVisitor/meshes/Handbag.png
[2.051s] -- Installing: /home/jachin/parc_main/PARC2026-ENG-ARCX6/install/parc_robot_bringup/share/parc_robot_bringup/models/FemaleVisitor/model.config
[2.051s] -- Installing: /home/jachin/parc_main/PARC2026-ENG-ARCX6/install/parc_robot_bringup/share/parc_robot_bringup/models/MaleVisitorSit
[2.051s] -- Installing: /home/jachin/parc_main/PARC2026-ENG-ARCX6/install/parc_robot_bringup/share/parc_robot_bringup/models/MaleVisitorSit/model.sdf
[2.052s] -- Installing: /home/jachin/parc_main/PARC2026-ENG-ARCX6/install/parc_robot_bringup/share/parc_robot_bringup/models/MaleVisitorSit/thumbnails
[2.052s] -- Installing: /home/jachin/parc_main/PARC2026-ENG-ARCX6/install/parc_robot_bringup/share/parc_robot_bringup/models/MaleVisitorSit/thumbnails/2.png
[2.052s] -- Installing: /home/jachin/parc_main/PARC2026-ENG-ARCX6/install/parc_robot_bringup/share/parc_robot_bringup/models/MaleVisitorSit/thumbnails/1.png
[2.052s] -- Installing: /home/jachin/parc_main/PARC2026-ENG-ARCX6/install/parc_robot_bringup/share/parc_robot_bringup/models/MaleVisitorSit/thumbnails/3.png
[2.052s] -- Installing: /home/jachin/parc_main/PARC2026-ENG-ARCX6/install/parc_robot_bringup/share/parc_robot_bringup/models/MaleVisitorSit/thumbnails/5.png
[2.052s] -- Installing: /home/jachin/parc_main/PARC2026-ENG-ARCX6/install/parc_robot_bringup/share/parc_robot_bringup/models/MaleVisitorSit/thumbnails/4.png
[2.053s] -- Installing: /home/jachin/parc_main/PARC2026-ENG-ARCX6/install/parc_robot_bringup/share/parc_robot_bringup/models/MaleVisitorSit/meshes
[2.053s] -- Installing: /home/jachin/parc_main/PARC2026-ENG-ARCX6/install/parc_robot_bringup/share/parc_robot_bringup/models/MaleVisitorSit/meshes/MaleVisitorSit_Col.obj
[2.053s] -- Installing: /home/jachin/parc_main/PARC2026-ENG-ARCX6/install/parc_robot_bringup/share/parc_robot_bringup/models/MaleVisitorSit/meshes/MaleVisitorSit_Col.mtl
[2.053s] -- Installing: /home/jachin/parc_main/PARC2026-ENG-ARCX6/install/parc_robot_bringup/share/parc_robot_bringup/models/MaleVisitorSit/meshes/MaleVisitorSit.obj
[2.053s] -- Installing: /home/jachin/parc_main/PARC2026-ENG-ARCX6/install/parc_robot_bringup/share/parc_robot_bringup/models/MaleVisitorSit/meshes/MaleVisitorSit.png
[2.054s] -- Installing: /home/jachin/parc_main/PARC2026-ENG-ARCX6/install/parc_robot_bringup/share/parc_robot_bringup/models/MaleVisitorSit/meshes/MaleVisitorSit.mtl
[2.054s] -- Installing: /home/jachin/parc_main/PARC2026-ENG-ARCX6/install/parc_robot_bringup/share/parc_robot_bringup/models/MaleVisitorSit/meshes/Phone.png
[2.054s] -- Installing: /home/jachin/parc_main/PARC2026-ENG-ARCX6/install/parc_robot_bringup/share/parc_robot_bringup/models/MaleVisitorSit/model.config
[2.055s] -- Installing: /home/jachin/parc_main/PARC2026-ENG-ARCX6/install/parc_robot_bringup/share/parc_robot_bringup/models/materials
[2.055s] -- Installing: /home/jachin/parc_main/PARC2026-ENG-ARCX6/install/parc_robot_bringup/share/parc_robot_bringup/models/materials/textures
[2.055s] -- Installing: /home/jachin/parc_main/PARC2026-ENG-ARCX6/install/parc_robot_bringup/share/parc_robot_bringup/models/materials/textures/__auto_23.jpg
[2.055s] -- Installing: /home/jachin/parc_main/PARC2026-ENG-ARCX6/install/parc_robot_bringup/share/parc_robot_bringup/models/materials/textures/__auto_37.jpg
[2.055s] -- Installing: /home/jachin/parc_main/PARC2026-ENG-ARCX6/install/parc_robot_bringup/share/parc_robot_bringup/models/materials/textures/__auto_26.jpg
[2.055s] -- Installing: /home/jachin/parc_main/PARC2026-ENG-ARCX6/install/parc_robot_bringup/share/parc_robot_bringup/models/materials/textures/__auto_35.jpg
[2.055s] -- Installing: /home/jachin/parc_main/PARC2026-ENG-ARCX6/install/parc_robot_bringup/share/parc_robot_bringup/models/materials/textures/__auto_2.jpg
[2.056s] -- Installing: /home/jachin/parc_main/PARC2026-ENG-ARCX6/install/parc_robot_bringup/share/parc_robot_bringup/models/materials/textures/__auto_10.jpg
[2.056s] -- Installing: /home/jachin/parc_main/PARC2026-ENG-ARCX6/install/parc_robot_bringup/share/parc_robot_bringup/models/materials/textures/__auto_28.jpg
[2.056s] -- Installing: /home/jachin/parc_main/PARC2026-ENG-ARCX6/install/parc_robot_bringup/share/parc_robot_bringup/models/materials/textures/__auto_21.jpg
[2.056s] -- Installing: /home/jachin/parc_main/PARC2026-ENG-ARCX6/install/parc_robot_bringup/share/parc_robot_bringup/models/materials/textures/__auto_25.jpg
[2.056s] -- Installing: /home/jachin/parc_main/PARC2026-ENG-ARCX6/install/parc_robot_bringup/share/parc_robot_bringup/models/materials/textures/__auto_24.jpg
[2.056s] -- Installing: /home/jachin/parc_main/PARC2026-ENG-ARCX6/install/parc_robot_bringup/share/parc_robot_bringup/models/materials/textures/__auto_29.jpg
[2.057s] -- Installing: /home/jachin/parc_main/PARC2026-ENG-ARCX6/install/parc_robot_bringup/share/parc_robot_bringup/models/materials/textures/__auto_31.jpg
[2.057s] -- Installing: /home/jachin/parc_main/PARC2026-ENG-ARCX6/install/parc_robot_bringup/share/parc_robot_bringup/models/materials/textures/__auto_34.jpg
[2.057s] -- Installing: /home/jachin/parc_main/PARC2026-ENG-ARCX6/install/parc_robot_bringup/share/parc_robot_bringup/models/materials/textures/Wood_Floor_Dark.jpg
[2.057s] -- Installing: /home/jachin/parc_main/PARC2026-ENG-ARCX6/install/parc_robot_bringup/share/parc_robot_bringup/models/materials/textures/__auto_30.jpg
[2.057s] -- Installing: /home/jachin/parc_main/PARC2026-ENG-ARCX6/install/parc_robot_bringup/share/parc_robot_bringup/models/materials/textures/__auto_22.jpg
[2.058s] -- Installing: /home/jachin/parc_main/PARC2026-ENG-ARCX6/install/parc_robot_bringup/share/parc_robot_bringup/models/materials/textures/Maple.jpg
[2.058s] -- Installing: /home/jachin/parc_main/PARC2026-ENG-ARCX6/install/parc_robot_bringup/share/parc_robot_bringup/models/FemaleVisitorSit
[2.058s] -- Installing: /home/jachin/parc_main/PARC2026-ENG-ARCX6/install/parc_robot_bringup/share/parc_robot_bringup/models/FemaleVisitorSit/model.sdf
[2.058s] -- Installing: /home/jachin/parc_main/PARC2026-ENG-ARCX6/install/parc_robot_bringup/share/parc_robot_bringup/models/FemaleVisitorSit/thumbnails
[2.058s] -- Installing: /home/jachin/parc_main/PARC2026-ENG-ARCX6/install/parc_robot_bringup/share/parc_robot_bringup/models/FemaleVisitorSit/thumbnails/2.png
[2.059s] -- Installing: /home/jachin/parc_main/PARC2026-ENG-ARCX6/install/parc_robot_bringup/share/parc_robot_bringup/models/FemaleVisitorSit/thumbnails/1.png
[2.059s] -- Installing: /home/jachin/parc_main/PARC2026-ENG-ARCX6/install/parc_robot_bringup/share/parc_robot_bringup/models/FemaleVisitorSit/thumbnails/3.png
[2.059s] -- Installing: /home/jachin/parc_main/PARC2026-ENG-ARCX6/install/parc_robot_bringup/share/parc_robot_bringup/models/FemaleVisitorSit/thumbnails/5.png
[2.059s] -- Installing: /home/jachin/parc_main/PARC2026-ENG-ARCX6/install/parc_robot_bringup/share/parc_robot_bringup/models/FemaleVisitorSit/thumbnails/4.png
[2.059s] -- Installing: /home/jachin/parc_main/PARC2026-ENG-ARCX6/install/parc_robot_bringup/share/parc_robot_bringup/models/FemaleVisitorSit/meshes
[2.059s] -- Installing: /home/jachin/parc_main/PARC2026-ENG-ARCX6/install/parc_robot_bringup/share/parc_robot_bringup/models/FemaleVisitorSit/meshes/FemaleVisitorSit.obj
[2.060s] -- Installing: /home/jachin/parc_main/PARC2026-ENG-ARCX6/install/parc_robot_bringup/share/parc_robot_bringup/models/FemaleVisitorSit/meshes/FemaleVisitorSit_Col.obj
[2.060s] -- Installing: /home/jachin/parc_main/PARC2026-ENG-ARCX6/install/parc_robot_bringup/share/parc_robot_bringup/models/FemaleVisitorSit/meshes/FemaleVisitorSit.png
[2.061s] -- Installing: /home/jachin/parc_main/PARC2026-ENG-ARCX6/install/parc_robot_bringup/share/parc_robot_bringup/models/FemaleVisitorSit/meshes/FemaleVisitorSit.mtl
[2.061s] -- Installing: /home/jachin/parc_main/PARC2026-ENG-ARCX6/install/parc_robot_bringup/share/parc_robot_bringup/models/FemaleVisitorSit/meshes/HandbagBlack.png
[2.061s] -- Installing: /home/jachin/parc_main/PARC2026-ENG-ARCX6/install/parc_robot_bringup/share/parc_robot_bringup/models/FemaleVisitorSit/meshes/FemaleVisitorSit_Col.mtl
[2.061s] -- Installing: /home/jachin/parc_main/PARC2026-ENG-ARCX6/install/parc_robot_bringup/share/parc_robot_bringup/models/FemaleVisitorSit/model.config
[2.062s] -- Installing: /home/jachin/parc_main/PARC2026-ENG-ARCX6/install/parc_robot_bringup/share/parc_robot_bringup/rviz
[2.062s] -- Installing: /home/jachin/parc_main/PARC2026-ENG-ARCX6/install/parc_robot_bringup/share/parc_robot_bringup/rviz/task.rviz
[2.062s] -- Installing: /home/jachin/parc_main/PARC2026-ENG-ARCX6/install/parc_robot_bringup/share/parc_robot_bringup/worlds
[2.062s] -- Installing: /home/jachin/parc_main/PARC2026-ENG-ARCX6/install/parc_robot_bringup/share/parc_robot_bringup/worlds/task_world.sdf
[2.062s] -- Installing: /home/jachin/parc_main/PARC2026-ENG-ARCX6/install/parc_robot_bringup/share/parc_robot_bringup/environment/pythonpath.sh
[2.062s] -- Installing: /home/jachin/parc_main/PARC2026-ENG-ARCX6/install/parc_robot_bringup/share/parc_robot_bringup/environment/pythonpath.dsv
[2.063s] -- Installing: /home/jachin/parc_main/PARC2026-ENG-ARCX6/install/parc_robot_bringup/lib/python3.12/site-packages/parc_robot_bringup-0.0.0-py3.12.egg-info
[2.063s] -- Installing: /home/jachin/parc_main/PARC2026-ENG-ARCX6/install/parc_robot_bringup/lib/python3.12/site-packages/parc_robot_bringup-0.0.0-py3.12.egg-info/SOURCES.txt
[2.063s] -- Installing: /home/jachin/parc_main/PARC2026-ENG-ARCX6/install/parc_robot_bringup/lib/python3.12/site-packages/parc_robot_bringup-0.0.0-py3.12.egg-info/dependency_links.txt
[2.063s] -- Installing: /home/jachin/parc_main/PARC2026-ENG-ARCX6/install/parc_robot_bringup/lib/python3.12/site-packages/parc_robot_bringup-0.0.0-py3.12.egg-info/top_level.txt
[2.063s] -- Installing: /home/jachin/parc_main/PARC2026-ENG-ARCX6/install/parc_robot_bringup/lib/python3.12/site-packages/parc_robot_bringup-0.0.0-py3.12.egg-info/PKG-INFO
[2.063s] -- Installing: /home/jachin/parc_main/PARC2026-ENG-ARCX6/install/parc_robot_bringup/lib/python3.12/site-packages/parc_robot_bringup
[2.064s] -- Installing: /home/jachin/parc_main/PARC2026-ENG-ARCX6/install/parc_robot_bringup/lib/python3.12/site-packages/parc_robot_bringup/__init__.py
[2.115s] Listing '/home/jachin/parc_main/PARC2026-ENG-ARCX6/install/parc_robot_bringup/lib/python3.12/site-packages/parc_robot_bringup'...
[2.115s] Compiling '/home/jachin/parc_main/PARC2026-ENG-ARCX6/install/parc_robot_bringup/lib/python3.12/site-packages/parc_robot_bringup/__init__.py'...
[2.125s] -- Installing: /home/jachin/parc_main/PARC2026-ENG-ARCX6/install/parc_robot_bringup/lib/parc_robot_bringup/load_task_params.py
[2.126s] -- Installing: /home/jachin/parc_main/PARC2026-ENG-ARCX6/install/parc_robot_bringup/share/ament_index/resource_index/package_run_dependencies/parc_robot_bringup
[2.126s] -- Installing: /home/jachin/parc_main/PARC2026-ENG-ARCX6/install/parc_robot_bringup/share/ament_index/resource_index/parent_prefix_path/parc_robot_bringup
[2.126s] -- Installing: /home/jachin/parc_main/PARC2026-ENG-ARCX6/install/parc_robot_bringup/share/parc_robot_bringup/environment/ament_prefix_path.sh
[2.127s] -- Installing: /home/jachin/parc_main/PARC2026-ENG-ARCX6/install/parc_robot_bringup/share/parc_robot_bringup/environment/ament_prefix_path.dsv
[2.127s] -- Installing: /home/jachin/parc_main/PARC2026-ENG-ARCX6/install/parc_robot_bringup/share/parc_robot_bringup/environment/path.sh
[2.128s] -- Installing: /home/jachin/parc_main/PARC2026-ENG-ARCX6/install/parc_robot_bringup/share/parc_robot_bringup/environment/path.dsv
[2.128s] -- Installing: /home/jachin/parc_main/PARC2026-ENG-ARCX6/install/parc_robot_bringup/share/parc_robot_bringup/local_setup.bash
[2.129s] -- Installing: /home/jachin/parc_main/PARC2026-ENG-ARCX6/install/parc_robot_bringup/share/parc_robot_bringup/local_setup.sh
[2.129s] -- Installing: /home/jachin/parc_main/PARC2026-ENG-ARCX6/install/parc_robot_bringup/share/parc_robot_bringup/local_setup.zsh
[2.129s] -- Installing: /home/jachin/parc_main/PARC2026-ENG-ARCX6/install/parc_robot_bringup/share/parc_robot_bringup/local_setup.dsv
[2.129s] -- Installing: /home/jachin/parc_main/PARC2026-ENG-ARCX6/install/parc_robot_bringup/share/parc_robot_bringup/package.dsv
[2.130s] -- Installing: /home/jachin/parc_main/PARC2026-ENG-ARCX6/install/parc_robot_bringup/share/ament_index/resource_index/packages/parc_robot_bringup
[2.130s] -- Installing: /home/jachin/parc_main/PARC2026-ENG-ARCX6/install/parc_robot_bringup/share/parc_robot_bringup/cmake/parc_robot_bringupConfig.cmake
[2.130s] -- Installing: /home/jachin/parc_main/PARC2026-ENG-ARCX6/install/parc_robot_bringup/share/parc_robot_bringup/cmake/parc_robot_bringupConfig-version.cmake
[2.130s] -- Installing: /home/jachin/parc_main/PARC2026-ENG-ARCX6/install/parc_robot_bringup/share/parc_robot_bringup/package.xml
[2.136s] Invoked command in '/home/jachin/parc_main/PARC2026-ENG-ARCX6/build/parc_robot_bringup' returned '0': AMENT_PREFIX_PATH=/home/jachin/parc_main/PARC2026-ENG-ARCX6/install/parc_robot_description:${AMENT_PREFIX_PATH} CMAKE_PREFIX_PATH=/home/jachin/parc_main/PARC2026-ENG-ARCX6/install/parc_robot_description:/home/jachin/ros2_ws/install/parc_robot_bringup:/home/jachin/ros2_ws/install/parc_robot_description:/home/jachin/ros2_ws/install/parc_robot:/opt/ros/jazzy/opt/gz_sim_vendor:/opt/ros/jazzy/opt/gz_sensors_vendor:/opt/ros/jazzy/opt/gz_physics_vendor:/opt/ros/jazzy/opt/sdformat_vendor:/opt/ros/jazzy/opt/gz_gui_vendor:/opt/ros/jazzy/opt/gz_transport_vendor:/opt/ros/jazzy/opt/gz_rendering_vendor:/opt/ros/jazzy/opt/gz_plugin_vendor:/opt/ros/jazzy/opt/gz_fuel_tools_vendor:/opt/ros/jazzy/opt/gz_msgs_vendor:/opt/ros/jazzy/opt/gz_common_vendor:/opt/ros/jazzy/opt/gz_math_vendor:/opt/ros/jazzy/opt/gz_utils_vendor:/opt/ros/jazzy/opt/gz_tools_vendor:/opt/ros/jazzy/opt/gz_ogre_next_vendor:/opt/ros/jazzy/opt/gz_dartsim_vendor:/opt/ros/jazzy/opt/gz_cmake_vendor:/opt/ros/jazzy /usr/bin/cmake --install /home/jachin/parc_main/PARC2026-ENG-ARCX6/build/parc_robot_bringup
