[0.098s] DEBUG:colcon:Command line arguments: ['/usr/bin/colcon', 'build']
[0.098s] DEBUG:colcon:Parsed command line arguments: Namespace(log_base=None, log_level=None, verb_name='build', build_base='build', install_base='install', merge_install=False, symlink_install=False, test_result_base=None, continue_on_error=False, executor='parallel', parallel_workers=12, event_handlers=None, ignore_user_meta=False, metas=['./colcon.meta'], base_paths=['.'], packages_ignore=None, packages_ignore_regex=None, paths=None, packages_up_to=None, packages_up_to_regex=None, packages_above=None, packages_above_and_dependencies=None, packages_above_depth=None, packages_select_by_dep=None, packages_skip_by_dep=None, packages_skip_up_to=None, packages_select_build_failed=False, packages_skip_build_finished=False, packages_select_test_failures=False, packages_skip_test_passed=False, packages_select=None, packages_skip=None, packages_select_regex=None, packages_skip_regex=None, packages_start=None, packages_end=None, allow_overriding=[], cmake_args=None, cmake_target=None, cmake_target_skip_unavailable=False, cmake_clean_cache=False, cmake_clean_first=False, cmake_force_configure=False, ament_cmake_args=None, catkin_cmake_args=None, catkin_skip_building_tests=False, mixin_files=None, mixin=None, verb_parser=<colcon_mixin.mixin.mixin_argument.MixinArgumentDecorator object at 0x7f4ad1f9c440>, verb_extension=<colcon_core.verb.build.BuildVerb object at 0x7f4ad20d8260>, main=<bound method BuildVerb.main of <colcon_core.verb.build.BuildVerb object at 0x7f4ad20d8260>>, mixin_verb=('build',))
[0.132s] Level 1:colcon.colcon_core.package_discovery:discover_packages(colcon_meta) check parameters
[0.132s] Level 1:colcon.colcon_core.package_discovery:discover_packages(recursive) check parameters
[0.132s] Level 1:colcon.colcon_core.package_discovery:discover_packages(ignore) check parameters
[0.132s] Level 1:colcon.colcon_core.package_discovery:discover_packages(path) check parameters
[0.133s] Level 1:colcon.colcon_core.package_discovery:discover_packages(colcon_meta) discover
[0.133s] Level 1:colcon.colcon_core.package_discovery:discover_packages(recursive) discover
[0.133s] INFO:colcon.colcon_core.package_discovery:Crawling recursively for packages in '/home/jachin/parc_main/PARC2026-ENG-ARCX6/ros2_ws/src'
[0.133s] Level 1:colcon.colcon_core.package_identification:_identify(.) by extensions ['ignore', 'ignore_ament_install']
[0.133s] Level 1:colcon.colcon_core.package_identification:_identify(.) by extension 'ignore'
[0.133s] Level 1:colcon.colcon_core.package_identification:_identify(.) by extension 'ignore_ament_install'
[0.133s] Level 1:colcon.colcon_core.package_identification:_identify(.) by extensions ['colcon_pkg']
[0.133s] Level 1:colcon.colcon_core.package_identification:_identify(.) by extension 'colcon_pkg'
[0.133s] Level 1:colcon.colcon_core.package_identification:_identify(.) by extensions ['colcon_meta']
[0.133s] Level 1:colcon.colcon_core.package_identification:_identify(.) by extension 'colcon_meta'
[0.133s] Level 1:colcon.colcon_core.package_identification:_identify(.) by extensions ['ros']
[0.133s] Level 1:colcon.colcon_core.package_identification:_identify(.) by extension 'ros'
[0.153s] Level 1:colcon.colcon_core.package_identification:_identify(.) by extensions ['cmake', 'python']
[0.153s] Level 1:colcon.colcon_core.package_identification:_identify(.) by extension 'cmake'
[0.153s] Level 1:colcon.colcon_core.package_identification:_identify(.) by extension 'python'
[0.153s] Level 1:colcon.colcon_core.package_identification:_identify(.) by extensions ['python_setup_py']
[0.153s] Level 1:colcon.colcon_core.package_identification:_identify(.) by extension 'python_setup_py'
[0.153s] Level 1:colcon.colcon_core.package_identification:_identify(build) by extensions ['ignore', 'ignore_ament_install']
[0.153s] Level 1:colcon.colcon_core.package_identification:_identify(build) by extension 'ignore'
[0.153s] Level 1:colcon.colcon_core.package_identification:_identify(build) ignored
[0.153s] Level 1:colcon.colcon_core.package_identification:_identify(install) by extensions ['ignore', 'ignore_ament_install']
[0.153s] Level 1:colcon.colcon_core.package_identification:_identify(install) by extension 'ignore'
[0.153s] Level 1:colcon.colcon_core.package_identification:_identify(install) ignored
[0.153s] Level 1:colcon.colcon_core.package_identification:_identify(log) by extensions ['ignore', 'ignore_ament_install']
[0.153s] Level 1:colcon.colcon_core.package_identification:_identify(log) by extension 'ignore'
[0.153s] Level 1:colcon.colcon_core.package_identification:_identify(log) ignored
[0.153s] Level 1:colcon.colcon_core.package_identification:_identify(parc_robot) by extensions ['ignore', 'ignore_ament_install']
[0.153s] Level 1:colcon.colcon_core.package_identification:_identify(parc_robot) by extension 'ignore'
[0.154s] Level 1:colcon.colcon_core.package_identification:_identify(parc_robot) by extension 'ignore_ament_install'
[0.154s] Level 1:colcon.colcon_core.package_identification:_identify(parc_robot) by extensions ['colcon_pkg']
[0.154s] Level 1:colcon.colcon_core.package_identification:_identify(parc_robot) by extension 'colcon_pkg'
[0.154s] Level 1:colcon.colcon_core.package_identification:_identify(parc_robot) by extensions ['colcon_meta']
[0.154s] Level 1:colcon.colcon_core.package_identification:_identify(parc_robot) by extension 'colcon_meta'
[0.154s] Level 1:colcon.colcon_core.package_identification:_identify(parc_robot) by extensions ['ros']
[0.154s] Level 1:colcon.colcon_core.package_identification:_identify(parc_robot) by extension 'ros'
[0.155s] DEBUG:colcon.colcon_core.package_identification:Package 'parc_robot' with type 'ros.ament_cmake' and name 'parc_robot'
[0.155s] Level 1:colcon.colcon_core.package_identification:_identify(parc_robot_bringup) by extensions ['ignore', 'ignore_ament_install']
[0.156s] Level 1:colcon.colcon_core.package_identification:_identify(parc_robot_bringup) by extension 'ignore'
[0.156s] Level 1:colcon.colcon_core.package_identification:_identify(parc_robot_bringup) by extension 'ignore_ament_install'
[0.156s] Level 1:colcon.colcon_core.package_identification:_identify(parc_robot_bringup) by extensions ['colcon_pkg']
[0.156s] Level 1:colcon.colcon_core.package_identification:_identify(parc_robot_bringup) by extension 'colcon_pkg'
[0.156s] Level 1:colcon.colcon_core.package_identification:_identify(parc_robot_bringup) by extensions ['colcon_meta']
[0.156s] Level 1:colcon.colcon_core.package_identification:_identify(parc_robot_bringup) by extension 'colcon_meta'
[0.156s] Level 1:colcon.colcon_core.package_identification:_identify(parc_robot_bringup) by extensions ['ros']
[0.156s] Level 1:colcon.colcon_core.package_identification:_identify(parc_robot_bringup) by extension 'ros'
[0.157s] DEBUG:colcon.colcon_core.package_identification:Package 'parc_robot_bringup' with type 'ros.ament_cmake' and name 'parc_robot_bringup'
[0.157s] Level 1:colcon.colcon_core.package_identification:_identify(parc_robot_description) by extensions ['ignore', 'ignore_ament_install']
[0.157s] Level 1:colcon.colcon_core.package_identification:_identify(parc_robot_description) by extension 'ignore'
[0.157s] Level 1:colcon.colcon_core.package_identification:_identify(parc_robot_description) by extension 'ignore_ament_install'
[0.157s] Level 1:colcon.colcon_core.package_identification:_identify(parc_robot_description) by extensions ['colcon_pkg']
[0.157s] Level 1:colcon.colcon_core.package_identification:_identify(parc_robot_description) by extension 'colcon_pkg'
[0.157s] Level 1:colcon.colcon_core.package_identification:_identify(parc_robot_description) by extensions ['colcon_meta']
[0.157s] Level 1:colcon.colcon_core.package_identification:_identify(parc_robot_description) by extension 'colcon_meta'
[0.157s] Level 1:colcon.colcon_core.package_identification:_identify(parc_robot_description) by extensions ['ros']
[0.157s] Level 1:colcon.colcon_core.package_identification:_identify(parc_robot_description) by extension 'ros'
[0.157s] DEBUG:colcon.colcon_core.package_identification:Package 'parc_robot_description' with type 'ros.ament_cmake' and name 'parc_robot_description'
[0.157s] Level 1:colcon.colcon_core.package_identification:_identify(resources) by extensions ['ignore', 'ignore_ament_install']
[0.158s] Level 1:colcon.colcon_core.package_identification:_identify(resources) by extension 'ignore'
[0.158s] Level 1:colcon.colcon_core.package_identification:_identify(resources) by extension 'ignore_ament_install'
[0.158s] Level 1:colcon.colcon_core.package_identification:_identify(resources) by extensions ['colcon_pkg']
[0.158s] Level 1:colcon.colcon_core.package_identification:_identify(resources) by extension 'colcon_pkg'
[0.158s] Level 1:colcon.colcon_core.package_identification:_identify(resources) by extensions ['colcon_meta']
[0.158s] Level 1:colcon.colcon_core.package_identification:_identify(resources) by extension 'colcon_meta'
[0.158s] Level 1:colcon.colcon_core.package_identification:_identify(resources) by extensions ['ros']
[0.158s] Level 1:colcon.colcon_core.package_identification:_identify(resources) by extension 'ros'
[0.158s] Level 1:colcon.colcon_core.package_identification:_identify(resources) by extensions ['cmake', 'python']
[0.158s] Level 1:colcon.colcon_core.package_identification:_identify(resources) by extension 'cmake'
[0.158s] Level 1:colcon.colcon_core.package_identification:_identify(resources) by extension 'python'
[0.158s] Level 1:colcon.colcon_core.package_identification:_identify(resources) by extensions ['python_setup_py']
[0.158s] Level 1:colcon.colcon_core.package_identification:_identify(resources) by extension 'python_setup_py'
[0.158s] Level 1:colcon.colcon_core.package_discovery:discover_packages(recursive) using defaults
[0.158s] Level 1:colcon.colcon_core.package_discovery:discover_packages(ignore) discover
[0.158s] Level 1:colcon.colcon_core.package_discovery:discover_packages(ignore) using defaults
[0.158s] Level 1:colcon.colcon_core.package_discovery:discover_packages(path) discover
[0.158s] Level 1:colcon.colcon_core.package_discovery:discover_packages(path) using defaults
[0.172s] Level 1:colcon.colcon_core.package_discovery:discover_packages(prefix_path) check parameters
[0.173s] Level 1:colcon.colcon_core.package_discovery:discover_packages(prefix_path) discover
[0.175s] DEBUG:colcon.colcon_installed_package_information.package_discovery:Found 11 installed packages in /home/jachin/ros_ws/install
[0.175s] DEBUG:colcon.colcon_installed_package_information.package_discovery:Found 3 installed packages in /home/jachin/ros2_ws/install
[0.177s] DEBUG:colcon.colcon_installed_package_information.package_discovery:Found 392 installed packages in /opt/ros/jazzy
[0.178s] Level 1:colcon.colcon_core.package_discovery:discover_packages(prefix_path) using defaults
[0.226s] Level 5:colcon.colcon_core.verb:set package 'parc_robot' build argument 'cmake_args' from command line to 'None'
[0.226s] Level 5:colcon.colcon_core.verb:set package 'parc_robot' build argument 'cmake_target' from command line to 'None'
[0.226s] Level 5:colcon.colcon_core.verb:set package 'parc_robot' build argument 'cmake_target_skip_unavailable' from command line to 'False'
[0.226s] Level 5:colcon.colcon_core.verb:set package 'parc_robot' build argument 'cmake_clean_cache' from command line to 'False'
[0.226s] Level 5:colcon.colcon_core.verb:set package 'parc_robot' build argument 'cmake_clean_first' from command line to 'False'
[0.226s] Level 5:colcon.colcon_core.verb:set package 'parc_robot' build argument 'cmake_force_configure' from command line to 'False'
[0.226s] Level 5:colcon.colcon_core.verb:set package 'parc_robot' build argument 'ament_cmake_args' from command line to 'None'
[0.226s] Level 5:colcon.colcon_core.verb:set package 'parc_robot' build argument 'catkin_cmake_args' from command line to 'None'
[0.226s] Level 5:colcon.colcon_core.verb:set package 'parc_robot' build argument 'catkin_skip_building_tests' from command line to 'False'
[0.226s] DEBUG:colcon.colcon_core.verb:Building package 'parc_robot' with the following arguments: {'ament_cmake_args': None, 'build_base': '/home/jachin/parc_main/PARC2026-ENG-ARCX6/ros2_ws/src/build/parc_robot', 'catkin_cmake_args': None, 'catkin_skip_building_tests': False, 'cmake_args': None, 'cmake_clean_cache': False, 'cmake_clean_first': False, 'cmake_force_configure': False, 'cmake_target': None, 'cmake_target_skip_unavailable': False, 'install_base': '/home/jachin/parc_main/PARC2026-ENG-ARCX6/ros2_ws/src/install/parc_robot', 'merge_install': False, 'path': '/home/jachin/parc_main/PARC2026-ENG-ARCX6/ros2_ws/src/parc_robot', 'symlink_install': False, 'test_result_base': None}
[0.226s] Level 5:colcon.colcon_core.verb:set package 'parc_robot_description' build argument 'cmake_args' from command line to 'None'
[0.226s] Level 5:colcon.colcon_core.verb:set package 'parc_robot_description' build argument 'cmake_target' from command line to 'None'
[0.226s] Level 5:colcon.colcon_core.verb:set package 'parc_robot_description' build argument 'cmake_target_skip_unavailable' from command line to 'False'
[0.226s] Level 5:colcon.colcon_core.verb:set package 'parc_robot_description' build argument 'cmake_clean_cache' from command line to 'False'
[0.226s] Level 5:colcon.colcon_core.verb:set package 'parc_robot_description' build argument 'cmake_clean_first' from command line to 'False'
[0.226s] Level 5:colcon.colcon_core.verb:set package 'parc_robot_description' build argument 'cmake_force_configure' from command line to 'False'
[0.226s] Level 5:colcon.colcon_core.verb:set package 'parc_robot_description' build argument 'ament_cmake_args' from command line to 'None'
[0.226s] Level 5:colcon.colcon_core.verb:set package 'parc_robot_description' build argument 'catkin_cmake_args' from command line to 'None'
[0.226s] Level 5:colcon.colcon_core.verb:set package 'parc_robot_description' build argument 'catkin_skip_building_tests' from command line to 'False'
[0.226s] DEBUG:colcon.colcon_core.verb:Building package 'parc_robot_description' with the following arguments: {'ament_cmake_args': None, 'build_base': '/home/jachin/parc_main/PARC2026-ENG-ARCX6/ros2_ws/src/build/parc_robot_description', 'catkin_cmake_args': None, 'catkin_skip_building_tests': False, 'cmake_args': None, 'cmake_clean_cache': False, 'cmake_clean_first': False, 'cmake_force_configure': False, 'cmake_target': None, 'cmake_target_skip_unavailable': False, 'install_base': '/home/jachin/parc_main/PARC2026-ENG-ARCX6/ros2_ws/src/install/parc_robot_description', 'merge_install': False, 'path': '/home/jachin/parc_main/PARC2026-ENG-ARCX6/ros2_ws/src/parc_robot_description', 'symlink_install': False, 'test_result_base': None}
[0.226s] Level 5:colcon.colcon_core.verb:set package 'parc_robot_bringup' build argument 'cmake_args' from command line to 'None'
[0.226s] Level 5:colcon.colcon_core.verb:set package 'parc_robot_bringup' build argument 'cmake_target' from command line to 'None'
[0.226s] Level 5:colcon.colcon_core.verb:set package 'parc_robot_bringup' build argument 'cmake_target_skip_unavailable' from command line to 'False'
[0.226s] Level 5:colcon.colcon_core.verb:set package 'parc_robot_bringup' build argument 'cmake_clean_cache' from command line to 'False'
[0.226s] Level 5:colcon.colcon_core.verb:set package 'parc_robot_bringup' build argument 'cmake_clean_first' from command line to 'False'
[0.226s] Level 5:colcon.colcon_core.verb:set package 'parc_robot_bringup' build argument 'cmake_force_configure' from command line to 'False'
[0.226s] Level 5:colcon.colcon_core.verb:set package 'parc_robot_bringup' build argument 'ament_cmake_args' from command line to 'None'
[0.226s] Level 5:colcon.colcon_core.verb:set package 'parc_robot_bringup' build argument 'catkin_cmake_args' from command line to 'None'
[0.226s] Level 5:colcon.colcon_core.verb:set package 'parc_robot_bringup' build argument 'catkin_skip_building_tests' from command line to 'False'
[0.227s] DEBUG:colcon.colcon_core.verb:Building package 'parc_robot_bringup' with the following arguments: {'ament_cmake_args': None, 'build_base': '/home/jachin/parc_main/PARC2026-ENG-ARCX6/ros2_ws/src/build/parc_robot_bringup', 'catkin_cmake_args': None, 'catkin_skip_building_tests': False, 'cmake_args': None, 'cmake_clean_cache': False, 'cmake_clean_first': False, 'cmake_force_configure': False, 'cmake_target': None, 'cmake_target_skip_unavailable': False, 'install_base': '/home/jachin/parc_main/PARC2026-ENG-ARCX6/ros2_ws/src/install/parc_robot_bringup', 'merge_install': False, 'path': '/home/jachin/parc_main/PARC2026-ENG-ARCX6/ros2_ws/src/parc_robot_bringup', 'symlink_install': False, 'test_result_base': None}
[0.227s] INFO:colcon.colcon_core.executor:Executing jobs using 'parallel' executor
[0.227s] DEBUG:colcon.colcon_parallel_executor.executor.parallel:run_until_complete
[0.228s] INFO:colcon.colcon_ros.task.ament_cmake.build:Building ROS package in '/home/jachin/parc_main/PARC2026-ENG-ARCX6/ros2_ws/src/parc_robot_description' with build type 'ament_cmake'
[0.228s] INFO:colcon.colcon_cmake.task.cmake.build:Building CMake package in '/home/jachin/parc_main/PARC2026-ENG-ARCX6/ros2_ws/src/parc_robot_description'
[0.229s] INFO:colcon.colcon_core.plugin_system:Skipping extension 'colcon_core.shell.bat': Not used on non-Windows systems
[0.229s] INFO:colcon.colcon_core.shell:Skip shell extension 'powershell' for command environment: Not usable outside of PowerShell
[0.229s] DEBUG:colcon.colcon_core.shell:Skip shell extension 'dsv' for command environment
[0.234s] INFO:colcon.colcon_ros.task.ament_cmake.build:Building ROS package in '/home/jachin/parc_main/PARC2026-ENG-ARCX6/ros2_ws/src/parc_robot' with build type 'ament_cmake'
[0.234s] INFO:colcon.colcon_cmake.task.cmake.build:Building CMake package in '/home/jachin/parc_main/PARC2026-ENG-ARCX6/ros2_ws/src/parc_robot'
[0.234s] INFO:colcon.colcon_core.shell:Skip shell extension 'powershell' for command environment: Not usable outside of PowerShell
[0.234s] DEBUG:colcon.colcon_core.shell:Skip shell extension 'dsv' for command environment
[0.243s] DEBUG:colcon.colcon_core.event_handler.log_command:Invoking command in '/home/jachin/parc_main/PARC2026-ENG-ARCX6/ros2_ws/src/build/parc_robot_description': CMAKE_PREFIX_PATH=${CMAKE_PREFIX_PATH}:/home/jachin/ros_ws/install/test_publisher:/home/jachin/ros_ws/install/temperature_monitor:/opt/ros/jazzy /usr/bin/cmake /home/jachin/parc_main/PARC2026-ENG-ARCX6/ros2_ws/src/parc_robot_description -DCMAKE_INSTALL_PREFIX=/home/jachin/parc_main/PARC2026-ENG-ARCX6/ros2_ws/src/install/parc_robot_description
[0.245s] DEBUG:colcon.colcon_core.event_handler.log_command:Invoking command in '/home/jachin/parc_main/PARC2026-ENG-ARCX6/ros2_ws/src/build/parc_robot': CMAKE_PREFIX_PATH=${CMAKE_PREFIX_PATH}:/home/jachin/ros_ws/install/test_publisher:/home/jachin/ros_ws/install/temperature_monitor:/opt/ros/jazzy /usr/bin/cmake /home/jachin/parc_main/PARC2026-ENG-ARCX6/ros2_ws/src/parc_robot -DCMAKE_INSTALL_PREFIX=/home/jachin/parc_main/PARC2026-ENG-ARCX6/ros2_ws/src/install/parc_robot
[1.288s] DEBUG:colcon.colcon_core.event_handler.log_command:Invoked command in '/home/jachin/parc_main/PARC2026-ENG-ARCX6/ros2_ws/src/build/parc_robot' returned '0': CMAKE_PREFIX_PATH=${CMAKE_PREFIX_PATH}:/home/jachin/ros_ws/install/test_publisher:/home/jachin/ros_ws/install/temperature_monitor:/opt/ros/jazzy /usr/bin/cmake /home/jachin/parc_main/PARC2026-ENG-ARCX6/ros2_ws/src/parc_robot -DCMAKE_INSTALL_PREFIX=/home/jachin/parc_main/PARC2026-ENG-ARCX6/ros2_ws/src/install/parc_robot
[1.289s] DEBUG:colcon.colcon_core.event_handler.log_command:Invoking command in '/home/jachin/parc_main/PARC2026-ENG-ARCX6/ros2_ws/src/build/parc_robot': CMAKE_PREFIX_PATH=${CMAKE_PREFIX_PATH}:/home/jachin/ros_ws/install/test_publisher:/home/jachin/ros_ws/install/temperature_monitor:/opt/ros/jazzy /usr/bin/cmake --build /home/jachin/parc_main/PARC2026-ENG-ARCX6/ros2_ws/src/build/parc_robot -- -j12 -l12
[1.334s] DEBUG:colcon.colcon_core.event_handler.log_command:Invoked command in '/home/jachin/parc_main/PARC2026-ENG-ARCX6/ros2_ws/src/build/parc_robot' returned '0': CMAKE_PREFIX_PATH=${CMAKE_PREFIX_PATH}:/home/jachin/ros_ws/install/test_publisher:/home/jachin/ros_ws/install/temperature_monitor:/opt/ros/jazzy /usr/bin/cmake --build /home/jachin/parc_main/PARC2026-ENG-ARCX6/ros2_ws/src/build/parc_robot -- -j12 -l12
[1.346s] DEBUG:colcon.colcon_core.event_handler.log_command:Invoking command in '/home/jachin/parc_main/PARC2026-ENG-ARCX6/ros2_ws/src/build/parc_robot': CMAKE_PREFIX_PATH=${CMAKE_PREFIX_PATH}:/home/jachin/ros_ws/install/test_publisher:/home/jachin/ros_ws/install/temperature_monitor:/opt/ros/jazzy /usr/bin/cmake --install /home/jachin/parc_main/PARC2026-ENG-ARCX6/ros2_ws/src/build/parc_robot
[1.346s] DEBUG:colcon.colcon_core.event_handler.log_command:Invoked command in '/home/jachin/parc_main/PARC2026-ENG-ARCX6/ros2_ws/src/build/parc_robot_description' returned '0': CMAKE_PREFIX_PATH=${CMAKE_PREFIX_PATH}:/home/jachin/ros_ws/install/test_publisher:/home/jachin/ros_ws/install/temperature_monitor:/opt/ros/jazzy /usr/bin/cmake /home/jachin/parc_main/PARC2026-ENG-ARCX6/ros2_ws/src/parc_robot_description -DCMAKE_INSTALL_PREFIX=/home/jachin/parc_main/PARC2026-ENG-ARCX6/ros2_ws/src/install/parc_robot_description
[1.347s] DEBUG:colcon.colcon_core.event_handler.log_command:Invoking command in '/home/jachin/parc_main/PARC2026-ENG-ARCX6/ros2_ws/src/build/parc_robot_description': CMAKE_PREFIX_PATH=${CMAKE_PREFIX_PATH}:/home/jachin/ros_ws/install/test_publisher:/home/jachin/ros_ws/install/temperature_monitor:/opt/ros/jazzy /usr/bin/cmake --build /home/jachin/parc_main/PARC2026-ENG-ARCX6/ros2_ws/src/build/parc_robot_description -- -j12 -l12
[1.359s] Level 1:colcon.colcon_core.environment:create_environment_scripts_only(parc_robot)
[1.360s] DEBUG:colcon.colcon_core.event_handler.log_command:Invoked command in '/home/jachin/parc_main/PARC2026-ENG-ARCX6/ros2_ws/src/build/parc_robot' returned '0': CMAKE_PREFIX_PATH=${CMAKE_PREFIX_PATH}:/home/jachin/ros_ws/install/test_publisher:/home/jachin/ros_ws/install/temperature_monitor:/opt/ros/jazzy /usr/bin/cmake --install /home/jachin/parc_main/PARC2026-ENG-ARCX6/ros2_ws/src/build/parc_robot
[1.361s] Level 1:colcon.colcon_core.environment:checking '/home/jachin/parc_main/PARC2026-ENG-ARCX6/ros2_ws/src/install/parc_robot' for CMake module files
[1.362s] Level 1:colcon.colcon_core.environment:checking '/home/jachin/parc_main/PARC2026-ENG-ARCX6/ros2_ws/src/install/parc_robot' for CMake config files
[1.362s] Level 1:colcon.colcon_core.shell:create_environment_hook('parc_robot', 'cmake_prefix_path')
[1.362s] INFO:colcon.colcon_core.shell:Creating environment hook '/home/jachin/parc_main/PARC2026-ENG-ARCX6/ros2_ws/src/install/parc_robot/share/parc_robot/hook/cmake_prefix_path.ps1'
[1.363s] INFO:colcon.colcon_core.shell:Creating environment descriptor '/home/jachin/parc_main/PARC2026-ENG-ARCX6/ros2_ws/src/install/parc_robot/share/parc_robot/hook/cmake_prefix_path.dsv'
[1.363s] INFO:colcon.colcon_core.shell:Creating environment hook '/home/jachin/parc_main/PARC2026-ENG-ARCX6/ros2_ws/src/install/parc_robot/share/parc_robot/hook/cmake_prefix_path.sh'
[1.364s] Level 1:colcon.colcon_core.environment:checking '/home/jachin/parc_main/PARC2026-ENG-ARCX6/ros2_ws/src/install/parc_robot/bin'
[1.364s] Level 1:colcon.colcon_core.environment:checking '/home/jachin/parc_main/PARC2026-ENG-ARCX6/ros2_ws/src/install/parc_robot/lib/pkgconfig/parc_robot.pc'
[1.364s] Level 1:colcon.colcon_core.environment:checking '/home/jachin/parc_main/PARC2026-ENG-ARCX6/ros2_ws/src/install/parc_robot/lib/python3.12/site-packages'
[1.364s] Level 1:colcon.colcon_core.environment:checking '/home/jachin/parc_main/PARC2026-ENG-ARCX6/ros2_ws/src/install/parc_robot/bin'
[1.364s] INFO:colcon.colcon_core.shell:Creating package script '/home/jachin/parc_main/PARC2026-ENG-ARCX6/ros2_ws/src/install/parc_robot/share/parc_robot/package.ps1'
[1.365s] INFO:colcon.colcon_core.shell:Creating package descriptor '/home/jachin/parc_main/PARC2026-ENG-ARCX6/ros2_ws/src/install/parc_robot/share/parc_robot/package.dsv'
[1.365s] INFO:colcon.colcon_core.shell:Creating package script '/home/jachin/parc_main/PARC2026-ENG-ARCX6/ros2_ws/src/install/parc_robot/share/parc_robot/package.sh'
[1.366s] INFO:colcon.colcon_core.shell:Creating package script '/home/jachin/parc_main/PARC2026-ENG-ARCX6/ros2_ws/src/install/parc_robot/share/parc_robot/package.bash'
[1.366s] INFO:colcon.colcon_core.shell:Creating package script '/home/jachin/parc_main/PARC2026-ENG-ARCX6/ros2_ws/src/install/parc_robot/share/parc_robot/package.zsh'
[1.366s] Level 1:colcon.colcon_core.environment:create_file_with_runtime_dependencies(/home/jachin/parc_main/PARC2026-ENG-ARCX6/ros2_ws/src/install/parc_robot/share/colcon-core/packages/parc_robot)
[1.367s] Level 1:colcon.colcon_core.environment:create_environment_scripts_only(parc_robot)
[1.367s] Level 1:colcon.colcon_core.environment:checking '/home/jachin/parc_main/PARC2026-ENG-ARCX6/ros2_ws/src/install/parc_robot' for CMake module files
[1.367s] Level 1:colcon.colcon_core.environment:checking '/home/jachin/parc_main/PARC2026-ENG-ARCX6/ros2_ws/src/install/parc_robot' for CMake config files
[1.367s] Level 1:colcon.colcon_core.shell:create_environment_hook('parc_robot', 'cmake_prefix_path')
[1.368s] INFO:colcon.colcon_core.shell:Creating environment hook '/home/jachin/parc_main/PARC2026-ENG-ARCX6/ros2_ws/src/install/parc_robot/share/parc_robot/hook/cmake_prefix_path.ps1'
[1.368s] INFO:colcon.colcon_core.shell:Creating environment descriptor '/home/jachin/parc_main/PARC2026-ENG-ARCX6/ros2_ws/src/install/parc_robot/share/parc_robot/hook/cmake_prefix_path.dsv'
[1.368s] INFO:colcon.colcon_core.shell:Creating environment hook '/home/jachin/parc_main/PARC2026-ENG-ARCX6/ros2_ws/src/install/parc_robot/share/parc_robot/hook/cmake_prefix_path.sh'
[1.369s] Level 1:colcon.colcon_core.environment:checking '/home/jachin/parc_main/PARC2026-ENG-ARCX6/ros2_ws/src/install/parc_robot/bin'
[1.369s] Level 1:colcon.colcon_core.environment:checking '/home/jachin/parc_main/PARC2026-ENG-ARCX6/ros2_ws/src/install/parc_robot/lib/pkgconfig/parc_robot.pc'
[1.369s] Level 1:colcon.colcon_core.environment:checking '/home/jachin/parc_main/PARC2026-ENG-ARCX6/ros2_ws/src/install/parc_robot/lib/python3.12/site-packages'
[1.369s] Level 1:colcon.colcon_core.environment:checking '/home/jachin/parc_main/PARC2026-ENG-ARCX6/ros2_ws/src/install/parc_robot/bin'
[1.369s] INFO:colcon.colcon_core.shell:Creating package script '/home/jachin/parc_main/PARC2026-ENG-ARCX6/ros2_ws/src/install/parc_robot/share/parc_robot/package.ps1'
[1.370s] INFO:colcon.colcon_core.shell:Creating package descriptor '/home/jachin/parc_main/PARC2026-ENG-ARCX6/ros2_ws/src/install/parc_robot/share/parc_robot/package.dsv'
[1.370s] INFO:colcon.colcon_core.shell:Creating package script '/home/jachin/parc_main/PARC2026-ENG-ARCX6/ros2_ws/src/install/parc_robot/share/parc_robot/package.sh'
[1.370s] INFO:colcon.colcon_core.shell:Creating package script '/home/jachin/parc_main/PARC2026-ENG-ARCX6/ros2_ws/src/install/parc_robot/share/parc_robot/package.bash'
[1.371s] INFO:colcon.colcon_core.shell:Creating package script '/home/jachin/parc_main/PARC2026-ENG-ARCX6/ros2_ws/src/install/parc_robot/share/parc_robot/package.zsh'
[1.371s] Level 1:colcon.colcon_core.environment:create_file_with_runtime_dependencies(/home/jachin/parc_main/PARC2026-ENG-ARCX6/ros2_ws/src/install/parc_robot/share/colcon-core/packages/parc_robot)
[1.395s] DEBUG:colcon.colcon_core.event_handler.log_command:Invoked command in '/home/jachin/parc_main/PARC2026-ENG-ARCX6/ros2_ws/src/build/parc_robot_description' returned '0': CMAKE_PREFIX_PATH=${CMAKE_PREFIX_PATH}:/home/jachin/ros_ws/install/test_publisher:/home/jachin/ros_ws/install/temperature_monitor:/opt/ros/jazzy /usr/bin/cmake --build /home/jachin/parc_main/PARC2026-ENG-ARCX6/ros2_ws/src/build/parc_robot_description -- -j12 -l12
[1.396s] DEBUG:colcon.colcon_core.event_handler.log_command:Invoking command in '/home/jachin/parc_main/PARC2026-ENG-ARCX6/ros2_ws/src/build/parc_robot_description': CMAKE_PREFIX_PATH=${CMAKE_PREFIX_PATH}:/home/jachin/ros_ws/install/test_publisher:/home/jachin/ros_ws/install/temperature_monitor:/opt/ros/jazzy /usr/bin/cmake --install /home/jachin/parc_main/PARC2026-ENG-ARCX6/ros2_ws/src/build/parc_robot_description
[1.473s] Level 1:colcon.colcon_core.environment:create_environment_scripts_only(parc_robot_description)
[1.473s] Level 1:colcon.colcon_core.environment:checking '/home/jachin/parc_main/PARC2026-ENG-ARCX6/ros2_ws/src/install/parc_robot_description' for CMake module files
[1.473s] DEBUG:colcon.colcon_core.event_handler.log_command:Invoked command in '/home/jachin/parc_main/PARC2026-ENG-ARCX6/ros2_ws/src/build/parc_robot_description' returned '0': CMAKE_PREFIX_PATH=${CMAKE_PREFIX_PATH}:/home/jachin/ros_ws/install/test_publisher:/home/jachin/ros_ws/install/temperature_monitor:/opt/ros/jazzy /usr/bin/cmake --install /home/jachin/parc_main/PARC2026-ENG-ARCX6/ros2_ws/src/build/parc_robot_description
[1.474s] Level 1:colcon.colcon_core.environment:checking '/home/jachin/parc_main/PARC2026-ENG-ARCX6/ros2_ws/src/install/parc_robot_description' for CMake config files
[1.474s] Level 1:colcon.colcon_core.shell:create_environment_hook('parc_robot_description', 'cmake_prefix_path')
[1.474s] INFO:colcon.colcon_core.shell:Creating environment hook '/home/jachin/parc_main/PARC2026-ENG-ARCX6/ros2_ws/src/install/parc_robot_description/share/parc_robot_description/hook/cmake_prefix_path.ps1'
[1.474s] INFO:colcon.colcon_core.shell:Creating environment descriptor '/home/jachin/parc_main/PARC2026-ENG-ARCX6/ros2_ws/src/install/parc_robot_description/share/parc_robot_description/hook/cmake_prefix_path.dsv'
[1.474s] INFO:colcon.colcon_core.shell:Creating environment hook '/home/jachin/parc_main/PARC2026-ENG-ARCX6/ros2_ws/src/install/parc_robot_description/share/parc_robot_description/hook/cmake_prefix_path.sh'
[1.475s] Level 1:colcon.colcon_core.environment:checking '/home/jachin/parc_main/PARC2026-ENG-ARCX6/ros2_ws/src/install/parc_robot_description/bin'
[1.475s] Level 1:colcon.colcon_core.environment:checking '/home/jachin/parc_main/PARC2026-ENG-ARCX6/ros2_ws/src/install/parc_robot_description/lib/pkgconfig/parc_robot_description.pc'
[1.475s] Level 1:colcon.colcon_core.environment:checking '/home/jachin/parc_main/PARC2026-ENG-ARCX6/ros2_ws/src/install/parc_robot_description/lib/python3.12/site-packages'
[1.475s] Level 1:colcon.colcon_core.environment:checking '/home/jachin/parc_main/PARC2026-ENG-ARCX6/ros2_ws/src/install/parc_robot_description/bin'
[1.475s] INFO:colcon.colcon_core.shell:Creating package script '/home/jachin/parc_main/PARC2026-ENG-ARCX6/ros2_ws/src/install/parc_robot_description/share/parc_robot_description/package.ps1'
[1.476s] INFO:colcon.colcon_core.shell:Creating package descriptor '/home/jachin/parc_main/PARC2026-ENG-ARCX6/ros2_ws/src/install/parc_robot_description/share/parc_robot_description/package.dsv'
[1.476s] INFO:colcon.colcon_core.shell:Creating package script '/home/jachin/parc_main/PARC2026-ENG-ARCX6/ros2_ws/src/install/parc_robot_description/share/parc_robot_description/package.sh'
[1.476s] INFO:colcon.colcon_core.shell:Creating package script '/home/jachin/parc_main/PARC2026-ENG-ARCX6/ros2_ws/src/install/parc_robot_description/share/parc_robot_description/package.bash'
[1.477s] INFO:colcon.colcon_core.shell:Creating package script '/home/jachin/parc_main/PARC2026-ENG-ARCX6/ros2_ws/src/install/parc_robot_description/share/parc_robot_description/package.zsh'
[1.477s] Level 1:colcon.colcon_core.environment:create_file_with_runtime_dependencies(/home/jachin/parc_main/PARC2026-ENG-ARCX6/ros2_ws/src/install/parc_robot_description/share/colcon-core/packages/parc_robot_description)
[1.477s] Level 1:colcon.colcon_core.environment:create_environment_scripts_only(parc_robot_description)
[1.477s] Level 1:colcon.colcon_core.environment:checking '/home/jachin/parc_main/PARC2026-ENG-ARCX6/ros2_ws/src/install/parc_robot_description' for CMake module files
[1.478s] Level 1:colcon.colcon_core.environment:checking '/home/jachin/parc_main/PARC2026-ENG-ARCX6/ros2_ws/src/install/parc_robot_description' for CMake config files
[1.478s] Level 1:colcon.colcon_core.shell:create_environment_hook('parc_robot_description', 'cmake_prefix_path')
[1.478s] INFO:colcon.colcon_core.shell:Creating environment hook '/home/jachin/parc_main/PARC2026-ENG-ARCX6/ros2_ws/src/install/parc_robot_description/share/parc_robot_description/hook/cmake_prefix_path.ps1'
[1.478s] INFO:colcon.colcon_core.shell:Creating environment descriptor '/home/jachin/parc_main/PARC2026-ENG-ARCX6/ros2_ws/src/install/parc_robot_description/share/parc_robot_description/hook/cmake_prefix_path.dsv'
[1.479s] INFO:colcon.colcon_core.shell:Creating environment hook '/home/jachin/parc_main/PARC2026-ENG-ARCX6/ros2_ws/src/install/parc_robot_description/share/parc_robot_description/hook/cmake_prefix_path.sh'
[1.479s] Level 1:colcon.colcon_core.environment:checking '/home/jachin/parc_main/PARC2026-ENG-ARCX6/ros2_ws/src/install/parc_robot_description/bin'
[1.479s] Level 1:colcon.colcon_core.environment:checking '/home/jachin/parc_main/PARC2026-ENG-ARCX6/ros2_ws/src/install/parc_robot_description/lib/pkgconfig/parc_robot_description.pc'
[1.479s] Level 1:colcon.colcon_core.environment:checking '/home/jachin/parc_main/PARC2026-ENG-ARCX6/ros2_ws/src/install/parc_robot_description/lib/python3.12/site-packages'
[1.479s] Level 1:colcon.colcon_core.environment:checking '/home/jachin/parc_main/PARC2026-ENG-ARCX6/ros2_ws/src/install/parc_robot_description/bin'
[1.480s] INFO:colcon.colcon_core.shell:Creating package script '/home/jachin/parc_main/PARC2026-ENG-ARCX6/ros2_ws/src/install/parc_robot_description/share/parc_robot_description/package.ps1'
[1.480s] INFO:colcon.colcon_core.shell:Creating package descriptor '/home/jachin/parc_main/PARC2026-ENG-ARCX6/ros2_ws/src/install/parc_robot_description/share/parc_robot_description/package.dsv'
[1.480s] INFO:colcon.colcon_core.shell:Creating package script '/home/jachin/parc_main/PARC2026-ENG-ARCX6/ros2_ws/src/install/parc_robot_description/share/parc_robot_description/package.sh'
[1.481s] INFO:colcon.colcon_core.shell:Creating package script '/home/jachin/parc_main/PARC2026-ENG-ARCX6/ros2_ws/src/install/parc_robot_description/share/parc_robot_description/package.bash'
[1.481s] INFO:colcon.colcon_core.shell:Creating package script '/home/jachin/parc_main/PARC2026-ENG-ARCX6/ros2_ws/src/install/parc_robot_description/share/parc_robot_description/package.zsh'
[1.481s] Level 1:colcon.colcon_core.environment:create_file_with_runtime_dependencies(/home/jachin/parc_main/PARC2026-ENG-ARCX6/ros2_ws/src/install/parc_robot_description/share/colcon-core/packages/parc_robot_description)
[1.481s] INFO:colcon.colcon_ros.task.ament_cmake.build:Building ROS package in '/home/jachin/parc_main/PARC2026-ENG-ARCX6/ros2_ws/src/parc_robot_bringup' with build type 'ament_cmake'
[1.481s] INFO:colcon.colcon_cmake.task.cmake.build:Building CMake package in '/home/jachin/parc_main/PARC2026-ENG-ARCX6/ros2_ws/src/parc_robot_bringup'
[1.481s] INFO:colcon.colcon_core.shell:Skip shell extension 'powershell' for command environment: Not usable outside of PowerShell
[1.482s] DEBUG:colcon.colcon_core.shell:Skip shell extension 'dsv' for command environment
[1.492s] DEBUG:colcon.colcon_core.event_handler.log_command:Invoking command in '/home/jachin/parc_main/PARC2026-ENG-ARCX6/ros2_ws/src/build/parc_robot_bringup': AMENT_PREFIX_PATH=/home/jachin/parc_main/PARC2026-ENG-ARCX6/ros2_ws/src/install/parc_robot_description:${AMENT_PREFIX_PATH} CMAKE_PREFIX_PATH=/home/jachin/parc_main/PARC2026-ENG-ARCX6/ros2_ws/src/install/parc_robot_description:/home/jachin/ros_ws/install/ros_ws_rosmaster:/home/jachin/ros_ws/install/ros_ws_navigation:/home/jachin/ros_ws/install/ros_ws_localization:/home/jachin/ros_ws/install/parcbot_description:/home/jachin/ros_ws/install/parc_robot_bringup:/home/jachin/ros_ws/install/parc_robot_description:/home/jachin/ros_ws/install/parc_robot:/home/jachin/ros_ws/install/my_package:/home/jachin/ros_ws/install/bringup_pkg:/home/jachin/ros2_ws/install/parc_robot_bringup:/home/jachin/ros2_ws/install/parc_robot_description:/home/jachin/ros2_ws/install/parc_robot:/opt/ros/jazzy/opt/gz_sim_vendor:/opt/ros/jazzy/opt/gz_sensors_vendor:/opt/ros/jazzy/opt/gz_physics_vendor:/opt/ros/jazzy/opt/sdformat_vendor:/opt/ros/jazzy/opt/gz_gui_vendor:/opt/ros/jazzy/opt/gz_transport_vendor:/opt/ros/jazzy/opt/gz_rendering_vendor:/opt/ros/jazzy/opt/gz_plugin_vendor:/opt/ros/jazzy/opt/gz_fuel_tools_vendor:/opt/ros/jazzy/opt/gz_msgs_vendor:/opt/ros/jazzy/opt/gz_common_vendor:/opt/ros/jazzy/opt/gz_math_vendor:/opt/ros/jazzy/opt/gz_utils_vendor:/opt/ros/jazzy/opt/gz_tools_vendor:/opt/ros/jazzy/opt/gz_ogre_next_vendor:/opt/ros/jazzy/opt/gz_dartsim_vendor:/opt/ros/jazzy/opt/gz_cmake_vendor:/home/jachin/ros_ws/install/test_publisher:/home/jachin/ros_ws/install/temperature_monitor:/opt/ros/jazzy /usr/bin/cmake /home/jachin/parc_main/PARC2026-ENG-ARCX6/ros2_ws/src/parc_robot_bringup -DCMAKE_INSTALL_PREFIX=/home/jachin/parc_main/PARC2026-ENG-ARCX6/ros2_ws/src/install/parc_robot_bringup
[2.461s] DEBUG:colcon.colcon_core.event_handler.log_command:Invoked command in '/home/jachin/parc_main/PARC2026-ENG-ARCX6/ros2_ws/src/build/parc_robot_bringup' returned '0': AMENT_PREFIX_PATH=/home/jachin/parc_main/PARC2026-ENG-ARCX6/ros2_ws/src/install/parc_robot_description:${AMENT_PREFIX_PATH} CMAKE_PREFIX_PATH=/home/jachin/parc_main/PARC2026-ENG-ARCX6/ros2_ws/src/install/parc_robot_description:/home/jachin/ros_ws/install/ros_ws_rosmaster:/home/jachin/ros_ws/install/ros_ws_navigation:/home/jachin/ros_ws/install/ros_ws_localization:/home/jachin/ros_ws/install/parcbot_description:/home/jachin/ros_ws/install/parc_robot_bringup:/home/jachin/ros_ws/install/parc_robot_description:/home/jachin/ros_ws/install/parc_robot:/home/jachin/ros_ws/install/my_package:/home/jachin/ros_ws/install/bringup_pkg:/home/jachin/ros2_ws/install/parc_robot_bringup:/home/jachin/ros2_ws/install/parc_robot_description:/home/jachin/ros2_ws/install/parc_robot:/opt/ros/jazzy/opt/gz_sim_vendor:/opt/ros/jazzy/opt/gz_sensors_vendor:/opt/ros/jazzy/opt/gz_physics_vendor:/opt/ros/jazzy/opt/sdformat_vendor:/opt/ros/jazzy/opt/gz_gui_vendor:/opt/ros/jazzy/opt/gz_transport_vendor:/opt/ros/jazzy/opt/gz_rendering_vendor:/opt/ros/jazzy/opt/gz_plugin_vendor:/opt/ros/jazzy/opt/gz_fuel_tools_vendor:/opt/ros/jazzy/opt/gz_msgs_vendor:/opt/ros/jazzy/opt/gz_common_vendor:/opt/ros/jazzy/opt/gz_math_vendor:/opt/ros/jazzy/opt/gz_utils_vendor:/opt/ros/jazzy/opt/gz_tools_vendor:/opt/ros/jazzy/opt/gz_ogre_next_vendor:/opt/ros/jazzy/opt/gz_dartsim_vendor:/opt/ros/jazzy/opt/gz_cmake_vendor:/home/jachin/ros_ws/install/test_publisher:/home/jachin/ros_ws/install/temperature_monitor:/opt/ros/jazzy /usr/bin/cmake /home/jachin/parc_main/PARC2026-ENG-ARCX6/ros2_ws/src/parc_robot_bringup -DCMAKE_INSTALL_PREFIX=/home/jachin/parc_main/PARC2026-ENG-ARCX6/ros2_ws/src/install/parc_robot_bringup
[2.462s] DEBUG:colcon.colcon_core.event_handler.log_command:Invoking command in '/home/jachin/parc_main/PARC2026-ENG-ARCX6/ros2_ws/src/build/parc_robot_bringup': AMENT_PREFIX_PATH=/home/jachin/parc_main/PARC2026-ENG-ARCX6/ros2_ws/src/install/parc_robot_description:${AMENT_PREFIX_PATH} CMAKE_PREFIX_PATH=/home/jachin/parc_main/PARC2026-ENG-ARCX6/ros2_ws/src/install/parc_robot_description:/home/jachin/ros_ws/install/ros_ws_rosmaster:/home/jachin/ros_ws/install/ros_ws_navigation:/home/jachin/ros_ws/install/ros_ws_localization:/home/jachin/ros_ws/install/parcbot_description:/home/jachin/ros_ws/install/parc_robot_bringup:/home/jachin/ros_ws/install/parc_robot_description:/home/jachin/ros_ws/install/parc_robot:/home/jachin/ros_ws/install/my_package:/home/jachin/ros_ws/install/bringup_pkg:/home/jachin/ros2_ws/install/parc_robot_bringup:/home/jachin/ros2_ws/install/parc_robot_description:/home/jachin/ros2_ws/install/parc_robot:/opt/ros/jazzy/opt/gz_sim_vendor:/opt/ros/jazzy/opt/gz_sensors_vendor:/opt/ros/jazzy/opt/gz_physics_vendor:/opt/ros/jazzy/opt/sdformat_vendor:/opt/ros/jazzy/opt/gz_gui_vendor:/opt/ros/jazzy/opt/gz_transport_vendor:/opt/ros/jazzy/opt/gz_rendering_vendor:/opt/ros/jazzy/opt/gz_plugin_vendor:/opt/ros/jazzy/opt/gz_fuel_tools_vendor:/opt/ros/jazzy/opt/gz_msgs_vendor:/opt/ros/jazzy/opt/gz_common_vendor:/opt/ros/jazzy/opt/gz_math_vendor:/opt/ros/jazzy/opt/gz_utils_vendor:/opt/ros/jazzy/opt/gz_tools_vendor:/opt/ros/jazzy/opt/gz_ogre_next_vendor:/opt/ros/jazzy/opt/gz_dartsim_vendor:/opt/ros/jazzy/opt/gz_cmake_vendor:/home/jachin/ros_ws/install/test_publisher:/home/jachin/ros_ws/install/temperature_monitor:/opt/ros/jazzy /usr/bin/cmake --build /home/jachin/parc_main/PARC2026-ENG-ARCX6/ros2_ws/src/build/parc_robot_bringup -- -j12 -l12
[2.863s] DEBUG:colcon.colcon_core.event_handler.log_command:Invoked command in '/home/jachin/parc_main/PARC2026-ENG-ARCX6/ros2_ws/src/build/parc_robot_bringup' returned '0': AMENT_PREFIX_PATH=/home/jachin/parc_main/PARC2026-ENG-ARCX6/ros2_ws/src/install/parc_robot_description:${AMENT_PREFIX_PATH} CMAKE_PREFIX_PATH=/home/jachin/parc_main/PARC2026-ENG-ARCX6/ros2_ws/src/install/parc_robot_description:/home/jachin/ros_ws/install/ros_ws_rosmaster:/home/jachin/ros_ws/install/ros_ws_navigation:/home/jachin/ros_ws/install/ros_ws_localization:/home/jachin/ros_ws/install/parcbot_description:/home/jachin/ros_ws/install/parc_robot_bringup:/home/jachin/ros_ws/install/parc_robot_description:/home/jachin/ros_ws/install/parc_robot:/home/jachin/ros_ws/install/my_package:/home/jachin/ros_ws/install/bringup_pkg:/home/jachin/ros2_ws/install/parc_robot_bringup:/home/jachin/ros2_ws/install/parc_robot_description:/home/jachin/ros2_ws/install/parc_robot:/opt/ros/jazzy/opt/gz_sim_vendor:/opt/ros/jazzy/opt/gz_sensors_vendor:/opt/ros/jazzy/opt/gz_physics_vendor:/opt/ros/jazzy/opt/sdformat_vendor:/opt/ros/jazzy/opt/gz_gui_vendor:/opt/ros/jazzy/opt/gz_transport_vendor:/opt/ros/jazzy/opt/gz_rendering_vendor:/opt/ros/jazzy/opt/gz_plugin_vendor:/opt/ros/jazzy/opt/gz_fuel_tools_vendor:/opt/ros/jazzy/opt/gz_msgs_vendor:/opt/ros/jazzy/opt/gz_common_vendor:/opt/ros/jazzy/opt/gz_math_vendor:/opt/ros/jazzy/opt/gz_utils_vendor:/opt/ros/jazzy/opt/gz_tools_vendor:/opt/ros/jazzy/opt/gz_ogre_next_vendor:/opt/ros/jazzy/opt/gz_dartsim_vendor:/opt/ros/jazzy/opt/gz_cmake_vendor:/home/jachin/ros_ws/install/test_publisher:/home/jachin/ros_ws/install/temperature_monitor:/opt/ros/jazzy /usr/bin/cmake --build /home/jachin/parc_main/PARC2026-ENG-ARCX6/ros2_ws/src/build/parc_robot_bringup -- -j12 -l12
[2.865s] DEBUG:colcon.colcon_core.event_handler.log_command:Invoking command in '/home/jachin/parc_main/PARC2026-ENG-ARCX6/ros2_ws/src/build/parc_robot_bringup': AMENT_PREFIX_PATH=/home/jachin/parc_main/PARC2026-ENG-ARCX6/ros2_ws/src/install/parc_robot_description:${AMENT_PREFIX_PATH} CMAKE_PREFIX_PATH=/home/jachin/parc_main/PARC2026-ENG-ARCX6/ros2_ws/src/install/parc_robot_description:/home/jachin/ros_ws/install/ros_ws_rosmaster:/home/jachin/ros_ws/install/ros_ws_navigation:/home/jachin/ros_ws/install/ros_ws_localization:/home/jachin/ros_ws/install/parcbot_description:/home/jachin/ros_ws/install/parc_robot_bringup:/home/jachin/ros_ws/install/parc_robot_description:/home/jachin/ros_ws/install/parc_robot:/home/jachin/ros_ws/install/my_package:/home/jachin/ros_ws/install/bringup_pkg:/home/jachin/ros2_ws/install/parc_robot_bringup:/home/jachin/ros2_ws/install/parc_robot_description:/home/jachin/ros2_ws/install/parc_robot:/opt/ros/jazzy/opt/gz_sim_vendor:/opt/ros/jazzy/opt/gz_sensors_vendor:/opt/ros/jazzy/opt/gz_physics_vendor:/opt/ros/jazzy/opt/sdformat_vendor:/opt/ros/jazzy/opt/gz_gui_vendor:/opt/ros/jazzy/opt/gz_transport_vendor:/opt/ros/jazzy/opt/gz_rendering_vendor:/opt/ros/jazzy/opt/gz_plugin_vendor:/opt/ros/jazzy/opt/gz_fuel_tools_vendor:/opt/ros/jazzy/opt/gz_msgs_vendor:/opt/ros/jazzy/opt/gz_common_vendor:/opt/ros/jazzy/opt/gz_math_vendor:/opt/ros/jazzy/opt/gz_utils_vendor:/opt/ros/jazzy/opt/gz_tools_vendor:/opt/ros/jazzy/opt/gz_ogre_next_vendor:/opt/ros/jazzy/opt/gz_dartsim_vendor:/opt/ros/jazzy/opt/gz_cmake_vendor:/home/jachin/ros_ws/install/test_publisher:/home/jachin/ros_ws/install/temperature_monitor:/opt/ros/jazzy /usr/bin/cmake --install /home/jachin/parc_main/PARC2026-ENG-ARCX6/ros2_ws/src/build/parc_robot_bringup
[2.961s] Level 1:colcon.colcon_core.environment:create_environment_scripts_only(parc_robot_bringup)
[2.961s] Level 1:colcon.colcon_core.environment:checking '/home/jachin/parc_main/PARC2026-ENG-ARCX6/ros2_ws/src/install/parc_robot_bringup' for CMake module files
[2.961s] DEBUG:colcon.colcon_core.event_handler.log_command:Invoked command in '/home/jachin/parc_main/PARC2026-ENG-ARCX6/ros2_ws/src/build/parc_robot_bringup' returned '0': AMENT_PREFIX_PATH=/home/jachin/parc_main/PARC2026-ENG-ARCX6/ros2_ws/src/install/parc_robot_description:${AMENT_PREFIX_PATH} CMAKE_PREFIX_PATH=/home/jachin/parc_main/PARC2026-ENG-ARCX6/ros2_ws/src/install/parc_robot_description:/home/jachin/ros_ws/install/ros_ws_rosmaster:/home/jachin/ros_ws/install/ros_ws_navigation:/home/jachin/ros_ws/install/ros_ws_localization:/home/jachin/ros_ws/install/parcbot_description:/home/jachin/ros_ws/install/parc_robot_bringup:/home/jachin/ros_ws/install/parc_robot_description:/home/jachin/ros_ws/install/parc_robot:/home/jachin/ros_ws/install/my_package:/home/jachin/ros_ws/install/bringup_pkg:/home/jachin/ros2_ws/install/parc_robot_bringup:/home/jachin/ros2_ws/install/parc_robot_description:/home/jachin/ros2_ws/install/parc_robot:/opt/ros/jazzy/opt/gz_sim_vendor:/opt/ros/jazzy/opt/gz_sensors_vendor:/opt/ros/jazzy/opt/gz_physics_vendor:/opt/ros/jazzy/opt/sdformat_vendor:/opt/ros/jazzy/opt/gz_gui_vendor:/opt/ros/jazzy/opt/gz_transport_vendor:/opt/ros/jazzy/opt/gz_rendering_vendor:/opt/ros/jazzy/opt/gz_plugin_vendor:/opt/ros/jazzy/opt/gz_fuel_tools_vendor:/opt/ros/jazzy/opt/gz_msgs_vendor:/opt/ros/jazzy/opt/gz_common_vendor:/opt/ros/jazzy/opt/gz_math_vendor:/opt/ros/jazzy/opt/gz_utils_vendor:/opt/ros/jazzy/opt/gz_tools_vendor:/opt/ros/jazzy/opt/gz_ogre_next_vendor:/opt/ros/jazzy/opt/gz_dartsim_vendor:/opt/ros/jazzy/opt/gz_cmake_vendor:/home/jachin/ros_ws/install/test_publisher:/home/jachin/ros_ws/install/temperature_monitor:/opt/ros/jazzy /usr/bin/cmake --install /home/jachin/parc_main/PARC2026-ENG-ARCX6/ros2_ws/src/build/parc_robot_bringup
[2.962s] Level 1:colcon.colcon_core.environment:checking '/home/jachin/parc_main/PARC2026-ENG-ARCX6/ros2_ws/src/install/parc_robot_bringup' for CMake config files
[2.963s] Level 1:colcon.colcon_core.shell:create_environment_hook('parc_robot_bringup', 'cmake_prefix_path')
[2.963s] INFO:colcon.colcon_core.shell:Creating environment hook '/home/jachin/parc_main/PARC2026-ENG-ARCX6/ros2_ws/src/install/parc_robot_bringup/share/parc_robot_bringup/hook/cmake_prefix_path.ps1'
[2.963s] INFO:colcon.colcon_core.shell:Creating environment descriptor '/home/jachin/parc_main/PARC2026-ENG-ARCX6/ros2_ws/src/install/parc_robot_bringup/share/parc_robot_bringup/hook/cmake_prefix_path.dsv'
[2.964s] INFO:colcon.colcon_core.shell:Creating environment hook '/home/jachin/parc_main/PARC2026-ENG-ARCX6/ros2_ws/src/install/parc_robot_bringup/share/parc_robot_bringup/hook/cmake_prefix_path.sh'
[2.964s] Level 1:colcon.colcon_core.environment:checking '/home/jachin/parc_main/PARC2026-ENG-ARCX6/ros2_ws/src/install/parc_robot_bringup/lib'
[2.965s] Level 1:colcon.colcon_core.environment:checking '/home/jachin/parc_main/PARC2026-ENG-ARCX6/ros2_ws/src/install/parc_robot_bringup/bin'
[2.965s] Level 1:colcon.colcon_core.environment:checking '/home/jachin/parc_main/PARC2026-ENG-ARCX6/ros2_ws/src/install/parc_robot_bringup/lib/pkgconfig/parc_robot_bringup.pc'
[2.965s] Level 1:colcon.colcon_core.environment:checking '/home/jachin/parc_main/PARC2026-ENG-ARCX6/ros2_ws/src/install/parc_robot_bringup/lib/python3.12/site-packages'
[2.965s] Level 1:colcon.colcon_core.shell:create_environment_hook('parc_robot_bringup', 'pythonpath')
[2.965s] INFO:colcon.colcon_core.shell:Creating environment hook '/home/jachin/parc_main/PARC2026-ENG-ARCX6/ros2_ws/src/install/parc_robot_bringup/share/parc_robot_bringup/hook/pythonpath.ps1'
[2.966s] INFO:colcon.colcon_core.shell:Creating environment descriptor '/home/jachin/parc_main/PARC2026-ENG-ARCX6/ros2_ws/src/install/parc_robot_bringup/share/parc_robot_bringup/hook/pythonpath.dsv'
[2.966s] INFO:colcon.colcon_core.shell:Creating environment hook '/home/jachin/parc_main/PARC2026-ENG-ARCX6/ros2_ws/src/install/parc_robot_bringup/share/parc_robot_bringup/hook/pythonpath.sh'
[2.967s] Level 1:colcon.colcon_core.environment:checking '/home/jachin/parc_main/PARC2026-ENG-ARCX6/ros2_ws/src/install/parc_robot_bringup/bin'
[2.967s] INFO:colcon.colcon_core.shell:Creating package script '/home/jachin/parc_main/PARC2026-ENG-ARCX6/ros2_ws/src/install/parc_robot_bringup/share/parc_robot_bringup/package.ps1'
[2.967s] INFO:colcon.colcon_core.shell:Creating package descriptor '/home/jachin/parc_main/PARC2026-ENG-ARCX6/ros2_ws/src/install/parc_robot_bringup/share/parc_robot_bringup/package.dsv'
[2.968s] INFO:colcon.colcon_core.shell:Creating package script '/home/jachin/parc_main/PARC2026-ENG-ARCX6/ros2_ws/src/install/parc_robot_bringup/share/parc_robot_bringup/package.sh'
[2.968s] INFO:colcon.colcon_core.shell:Creating package script '/home/jachin/parc_main/PARC2026-ENG-ARCX6/ros2_ws/src/install/parc_robot_bringup/share/parc_robot_bringup/package.bash'
[2.968s] INFO:colcon.colcon_core.shell:Creating package script '/home/jachin/parc_main/PARC2026-ENG-ARCX6/ros2_ws/src/install/parc_robot_bringup/share/parc_robot_bringup/package.zsh'
[2.969s] Level 1:colcon.colcon_core.environment:create_file_with_runtime_dependencies(/home/jachin/parc_main/PARC2026-ENG-ARCX6/ros2_ws/src/install/parc_robot_bringup/share/colcon-core/packages/parc_robot_bringup)
[2.969s] Level 1:colcon.colcon_core.environment:create_environment_scripts_only(parc_robot_bringup)
[2.969s] Level 1:colcon.colcon_core.environment:checking '/home/jachin/parc_main/PARC2026-ENG-ARCX6/ros2_ws/src/install/parc_robot_bringup' for CMake module files
[2.970s] Level 1:colcon.colcon_core.environment:checking '/home/jachin/parc_main/PARC2026-ENG-ARCX6/ros2_ws/src/install/parc_robot_bringup' for CMake config files
[2.970s] Level 1:colcon.colcon_core.shell:create_environment_hook('parc_robot_bringup', 'cmake_prefix_path')
[2.971s] INFO:colcon.colcon_core.shell:Creating environment hook '/home/jachin/parc_main/PARC2026-ENG-ARCX6/ros2_ws/src/install/parc_robot_bringup/share/parc_robot_bringup/hook/cmake_prefix_path.ps1'
[2.971s] INFO:colcon.colcon_core.shell:Creating environment descriptor '/home/jachin/parc_main/PARC2026-ENG-ARCX6/ros2_ws/src/install/parc_robot_bringup/share/parc_robot_bringup/hook/cmake_prefix_path.dsv'
[2.971s] INFO:colcon.colcon_core.shell:Creating environment hook '/home/jachin/parc_main/PARC2026-ENG-ARCX6/ros2_ws/src/install/parc_robot_bringup/share/parc_robot_bringup/hook/cmake_prefix_path.sh'
[2.972s] Level 1:colcon.colcon_core.environment:checking '/home/jachin/parc_main/PARC2026-ENG-ARCX6/ros2_ws/src/install/parc_robot_bringup/lib'
[2.972s] Level 1:colcon.colcon_core.environment:checking '/home/jachin/parc_main/PARC2026-ENG-ARCX6/ros2_ws/src/install/parc_robot_bringup/bin'
[2.972s] Level 1:colcon.colcon_core.environment:checking '/home/jachin/parc_main/PARC2026-ENG-ARCX6/ros2_ws/src/install/parc_robot_bringup/lib/pkgconfig/parc_robot_bringup.pc'
[2.972s] Level 1:colcon.colcon_core.environment:checking '/home/jachin/parc_main/PARC2026-ENG-ARCX6/ros2_ws/src/install/parc_robot_bringup/lib/python3.12/site-packages'
[2.972s] Level 1:colcon.colcon_core.shell:create_environment_hook('parc_robot_bringup', 'pythonpath')
[2.972s] INFO:colcon.colcon_core.shell:Creating environment hook '/home/jachin/parc_main/PARC2026-ENG-ARCX6/ros2_ws/src/install/parc_robot_bringup/share/parc_robot_bringup/hook/pythonpath.ps1'
[2.972s] INFO:colcon.colcon_core.shell:Creating environment descriptor '/home/jachin/parc_main/PARC2026-ENG-ARCX6/ros2_ws/src/install/parc_robot_bringup/share/parc_robot_bringup/hook/pythonpath.dsv'
[2.973s] INFO:colcon.colcon_core.shell:Creating environment hook '/home/jachin/parc_main/PARC2026-ENG-ARCX6/ros2_ws/src/install/parc_robot_bringup/share/parc_robot_bringup/hook/pythonpath.sh'
[2.973s] Level 1:colcon.colcon_core.environment:checking '/home/jachin/parc_main/PARC2026-ENG-ARCX6/ros2_ws/src/install/parc_robot_bringup/bin'
[2.973s] INFO:colcon.colcon_core.shell:Creating package script '/home/jachin/parc_main/PARC2026-ENG-ARCX6/ros2_ws/src/install/parc_robot_bringup/share/parc_robot_bringup/package.ps1'
[2.974s] INFO:colcon.colcon_core.shell:Creating package descriptor '/home/jachin/parc_main/PARC2026-ENG-ARCX6/ros2_ws/src/install/parc_robot_bringup/share/parc_robot_bringup/package.dsv'
[2.974s] INFO:colcon.colcon_core.shell:Creating package script '/home/jachin/parc_main/PARC2026-ENG-ARCX6/ros2_ws/src/install/parc_robot_bringup/share/parc_robot_bringup/package.sh'
[2.974s] INFO:colcon.colcon_core.shell:Creating package script '/home/jachin/parc_main/PARC2026-ENG-ARCX6/ros2_ws/src/install/parc_robot_bringup/share/parc_robot_bringup/package.bash'
[2.975s] INFO:colcon.colcon_core.shell:Creating package script '/home/jachin/parc_main/PARC2026-ENG-ARCX6/ros2_ws/src/install/parc_robot_bringup/share/parc_robot_bringup/package.zsh'
[2.975s] Level 1:colcon.colcon_core.environment:create_file_with_runtime_dependencies(/home/jachin/parc_main/PARC2026-ENG-ARCX6/ros2_ws/src/install/parc_robot_bringup/share/colcon-core/packages/parc_robot_bringup)
[2.975s] DEBUG:colcon.colcon_parallel_executor.executor.parallel:closing loop
[2.975s] DEBUG:colcon.colcon_parallel_executor.executor.parallel:loop closed
[2.975s] DEBUG:colcon.colcon_parallel_executor.executor.parallel:run_until_complete finished with '0'
[2.976s] DEBUG:colcon.colcon_core.event_reactor:joining thread
[2.981s] INFO:colcon.colcon_core.plugin_system:Skipping extension 'colcon_notification.desktop_notification.terminal_notifier': Not used on non-Darwin systems
[2.981s] INFO:colcon.colcon_core.plugin_system:Skipping extension 'colcon_notification.desktop_notification.win32': Not used on non-Windows systems
[2.981s] INFO:colcon.colcon_notification.desktop_notification:Sending desktop notification using 'notify2'
[2.985s] DEBUG:colcon.colcon_core.event_reactor:joined thread
[2.985s] INFO:colcon.colcon_core.shell:Creating prefix script '/home/jachin/parc_main/PARC2026-ENG-ARCX6/ros2_ws/src/install/local_setup.ps1'
[2.986s] INFO:colcon.colcon_core.shell:Creating prefix util module '/home/jachin/parc_main/PARC2026-ENG-ARCX6/ros2_ws/src/install/_local_setup_util_ps1.py'
[2.987s] INFO:colcon.colcon_core.shell:Creating prefix chain script '/home/jachin/parc_main/PARC2026-ENG-ARCX6/ros2_ws/src/install/setup.ps1'
[2.989s] INFO:colcon.colcon_core.shell:Creating prefix script '/home/jachin/parc_main/PARC2026-ENG-ARCX6/ros2_ws/src/install/local_setup.sh'
[2.989s] INFO:colcon.colcon_core.shell:Creating prefix util module '/home/jachin/parc_main/PARC2026-ENG-ARCX6/ros2_ws/src/install/_local_setup_util_sh.py'
[2.990s] INFO:colcon.colcon_core.shell:Creating prefix chain script '/home/jachin/parc_main/PARC2026-ENG-ARCX6/ros2_ws/src/install/setup.sh'
[2.991s] INFO:colcon.colcon_core.shell:Creating prefix script '/home/jachin/parc_main/PARC2026-ENG-ARCX6/ros2_ws/src/install/local_setup.bash'
[2.991s] INFO:colcon.colcon_core.shell:Creating prefix chain script '/home/jachin/parc_main/PARC2026-ENG-ARCX6/ros2_ws/src/install/setup.bash'
[2.993s] INFO:colcon.colcon_core.shell:Creating prefix script '/home/jachin/parc_main/PARC2026-ENG-ARCX6/ros2_ws/src/install/local_setup.zsh'
[2.993s] INFO:colcon.colcon_core.shell:Creating prefix chain script '/home/jachin/parc_main/PARC2026-ENG-ARCX6/ros2_ws/src/install/setup.zsh'
